<html>
<body>
<pre>
<h1>µVision Build Log</h1>
<h2>Tool Versions:</h2>
IDE-Version: ¦ÌVision V5.14.0.0
Copyright (C) 2015 ARM Ltd and ARM Germany GmbH. All rights reserved.
License Information: Johnny Sun, UESTC, LIC=RC930-B6CMU-RAXDM-XKEQQ-NG09Z-8Y7W2
 
Tool Versions:
Toolchain:       MDK-ARM Standard  Version: 5.14.0.0
Toolchain Path:  D:\Program Files\CAD\Keil\Keil_v5\ARM\ARMCC\Bin
C Compiler:      Armcc.exe V5.05 update 1 (build 106)
Assembler:       Armasm.exe V5.05 update 1 (build 106)
Linker/Locator:  ArmLink.exe V5.05 update 1 (build 106)
Library Manager: ArmAr.exe V5.05 update 1 (build 106)
Hex Converter:   FromElf.exe V5.05 update 1 (build 106)
CPU DLL:         SARMCM3.DLL V5.14.0.0
Dialog DLL:      DCM.DLL V1.13.1.0
Target DLL:      Segger\JL2CM3.dll V2.99.13.0
Dialog DLL:      TCM.DLL V1.14.4.0
 
<h2>Project:</h2>
E:\Electronic Design\Project\RoboMasters\2015Summer Camp\Program\Template - V220\SetupBoard.uvprojx
Project File Date:  07/06/2015

<h2>Output:</h2>
Build target 'Template'
compiling stm32f10x_exti.c...
compiling stm32f10x_flash.c...
compiling stm32f10x_gpio.c...
compiling stm32f10x_rcc.c...
compiling stm32f10x_usart.c...
assembling startup_stm32f10x_md.s...
compiling system_stm32f10x.c...
linking...
Program Size: Code=20928 RO-data=4244 RW-data=900 ZI-data=18828  
".\Objects\Template.axf" - 0 Error(s), 0 Warning(s).

<h2>Software Packages used:</h2>

Package Vendor: ARM
                http://www.keil.com/pack/ARM.CMSIS.4.3.0.pack
                ARM::CMSIS:CORE:4.1.0
                CMSIS (Cortex Microcontroller Software Interface Standard)
   * Component: CORE Version: 4.1.0
   * Component: DSP Version: 1.4.5

Package Vendor: Keil
                http://www.keil.com/pack/Keil.STM32F1xx_DFP.1.0.5.pack
                Keil::Device:StdPeriph Drivers:Framework:3.5.1
                STMicroelectronics STM32F1 Series Device Support, Drivers and Examples
   * Component: Framework Version: 3.5.1
   * Component: RCC Version: 3.5.0
   * Component: CAN Version: 3.5.0
   * Component: USART Version: 3.5.0
   * Component: GPIO Version: 3.5.0
   * Component: Flash Version: 3.5.0
   * Component: EXTI Version: 3.5.0
   * Component: Startup Version: 1.0.0

<h2>Collection of Component include folders:</h2>
  E:\Electronic Design\Project\RoboMasters\2015Summer Camp\Program\Template - V220\RTE
  E:\Electronic Design\Project\RoboMasters\2015Summer Camp\Program\Template - V220\RTE\Device\STM32F103CB
  D:\Program Files\CAD\Keil\Keil_v5\ARM\PACK\ARM\CMSIS\4.3.0\CMSIS\Include
  D:\Program Files\CAD\Keil\Keil_v5\ARM\PACK\Keil\STM32F1xx_DFP\1.0.5\Device\Include
  D:\Program Files\CAD\Keil\Keil_v5\ARM\PACK\Keil\STM32F1xx_DFP\1.0.5\Device\StdPeriph_Driver\inc

<h2>Collection of Component Files used:</h2>

   * Component: ARM::CMSIS:CORE:4.1.0

   * Component: ARM::CMSIS:DSP:1.4.5
      Include file:  CMSIS\Include\arm_math.h
      Library file:  CMSIS\Lib\ARM\arm_cortexM3l_math.lib

   * Component: Keil::Device:StdPeriph Drivers:Framework:3.5.1
      Source file:   Device\StdPeriph_Driver\src\misc.c
      Source file:   Device\StdPeriph_Driver\templates\stm32f10x_it.c
      Source file:   Device\StdPeriph_Driver\templates\stm32f10x_conf.h

   * Component: Keil::Device:StdPeriph Drivers:RCC:3.5.0
      Source file:   Device\StdPeriph_Driver\src\stm32f10x_rcc.c
      Include file:  Device\StdPeriph_Driver\inc\stm32f10x_rcc.h

   * Component: Keil::Device:StdPeriph Drivers:CAN:3.5.0
      Include file:  Device\StdPeriph_Driver\inc\stm32f10x_can.h
      Source file:   Device\StdPeriph_Driver\src\stm32f10x_can.c

   * Component: Keil::Device:StdPeriph Drivers:USART:3.5.0
      Source file:   Device\StdPeriph_Driver\src\stm32f10x_usart.c
      Include file:  Device\StdPeriph_Driver\inc\stm32f10x_usart.h

   * Component: Keil::Device:StdPeriph Drivers:GPIO:3.5.0
      Source file:   Device\StdPeriph_Driver\src\stm32f10x_gpio.c
      Include file:  Device\StdPeriph_Driver\inc\stm32f10x_gpio.h

   * Component: Keil::Device:StdPeriph Drivers:Flash:3.5.0
      Include file:  Device\StdPeriph_Driver\inc\stm32f10x_flash.h
      Source file:   Device\StdPeriph_Driver\src\stm32f10x_flash.c

   * Component: Keil::Device:StdPeriph Drivers:EXTI:3.5.0
      Include file:  Device\StdPeriph_Driver\inc\stm32f10x_exti.h
      Source file:   Device\StdPeriph_Driver\src\stm32f10x_exti.c

   * Component: Keil::Device:Startup:1.0.0
      Source file:   Device\Source\system_stm32f10x.c
      Include file:  RTE_Driver\Config\RTE_Device.h
      Source file:   Device\Source\ARM\startup_stm32f10x_md.s
      Source file:   Device\Source\ARM\STM32F1xx_OPT.s
</pre>
</body>
</html>
