Component: ARM Compiler 5.05 update 1 (build 106) Tool: armlink [4d0efa]

==============================================================================

Section Cross References

    main.o(i.HardFault_Handler) refers to bsp.o(i.CoreLed) for CoreLed
    main.o(i.main) refers to stm32f10x_rcc.o(i.RCC_APB2PeriphClockCmd) for RCC_APB2PeriphClockCmd
    main.o(i.main) refers to stm32f10x_gpio.o(i.GPIO_PinRemapConfig) for GPIO_PinRemapConfig
    main.o(i.main) refers to tasks.o(i.xTaskGenericCreate) for xTaskGenericCreate
    main.o(i.main) refers to tasks.o(i.vTaskStartScheduler) for vTaskStartScheduler
    main.o(i.main) refers to main.o(i.prvOSStatInit) for prvOSStatInit
    main.o(i.prvCoreTask) refers to tasks.o(i.xTaskGetTickCount) for xTaskGetTickCount
    main.o(i.prvCoreTask) refers to tasks.o(i.vTaskDelayUntil) for vTaskDelayUntil
    main.o(i.prvCoreTask) refers to port.o(i.vPortEnterCritical) for vPortEnterCritical
    main.o(i.prvCoreTask) refers to afei_bluetooth.o(i.Send_Data) for Send_Data
    main.o(i.prvCoreTask) refers to port.o(i.vPortExitCritical) for vPortExitCritical
    main.o(i.prvCoreTask) refers to main.o(.data) for CoreTaskCounter
    main.o(i.prvCoreTask) refers to data.o(.constdata) for ConnectQuest
    main.o(i.prvCoreTask) refers to data.o(.data) for CtlMode
    main.o(i.prvOSStatInit) refers to main.o(i.prvSetupHardware) for prvSetupHardware
    main.o(i.prvOSStatInit) refers to tasks.o(i.xTaskGenericCreate) for xTaskGenericCreate
    main.o(i.prvOSStatInit) refers to tasks.o(i.vTaskDelete) for vTaskDelete
    main.o(i.prvOSStatInit) refers to cpustate.o(i.OS_TaskStat) for OS_TaskStat
    main.o(i.prvOSStatInit) refers to main.o(i.prvCoreTask) for prvCoreTask
    main.o(i.prvOSStatInit) refers to ui.o(i.prvUITask) for prvUITask
    main.o(i.prvOSStatInit) refers to main.o(i.prvStatusTask) for prvStatusTask
    main.o(i.prvSetupHardware) refers to bsp.o(i.CoreLedInit) for CoreLedInit
    main.o(i.prvSetupHardware) refers to ui.o(i.UIInit) for UIInit
    main.o(i.prvSetupHardware) refers to port.o(i.vPortEnterCritical) for vPortEnterCritical
    main.o(i.prvSetupHardware) refers to port.o(i.vPortExitCritical) for vPortExitCritical
    main.o(i.prvSetupHardware) refers to tasks.o(i.vTaskDelay) for vTaskDelay
    main.o(i.prvSetupHardware) refers to oled.o(i.OLED_CLS) for OLED_CLS
    main.o(i.prvSetupHardware) refers to oled.o(i.OLED_Print) for OLED_Print
    main.o(i.prvSetupHardware) refers to ui.o(i.AddMessage) for AddMessage
    main.o(i.prvSetupHardware) refers to ui.o(i.SetupDD) for SetupDD
    main.o(i.prvSetupHardware) refers to cpustate.o(.data) for OSIdleCtr
    main.o(i.prvSetupHardware) refers to ui.o(.constdata) for BootingDisTemp
    main.o(i.prvSetupHardware) refers to main.o(.constdata) for SetupHardwareInit
    main.o(i.prvStatusTask) refers to tasks.o(i.xTaskGetTickCount) for xTaskGetTickCount
    main.o(i.prvStatusTask) refers to bsp.o(i.CoreLed) for CoreLed
    main.o(i.prvStatusTask) refers to tasks.o(i.vTaskDelayUntil) for vTaskDelayUntil
    main.o(i.prvStatusTask) refers to main.o(.data) for StatusCounter
    main.o(i.prvStatusTask) refers to data.o(.data) for ErrorStatusFlag
    main.o(i.vApplicationMallocFailedHook) refers to port.o(.emb_text) for ulPortSetInterruptMask
    main.o(i.vApplicationMallocFailedHook) refers to bsp.o(i.CoreLed) for CoreLed
    main.o(i.vApplicationStackOverflowHook) refers to port.o(.emb_text) for ulPortSetInterruptMask
    main.o(i.vApplicationStackOverflowHook) refers to bsp.o(i.CoreLed) for CoreLed
    main.o(.constdata) refers to afei_bluetooth.o(i.BlueToothInit) for BlueToothInit
    main.o(.constdata) refers to bsp.o(i.ReservedIOInit) for ReservedIOInit
    main.o(.constdata) refers to cpustate.o(i.StartupInfo) for StartupInfo
    main.o(.constdata) refers to ui.o(i.MenuInit) for MenuInit
    cpustate.o(i.ClkFreq) refers to stm32f10x_rcc.o(i.RCC_GetClocksFreq) for RCC_GetClocksFreq
    cpustate.o(i.OS_TaskStat) refers to port.o(i.vPortEnterCritical) for vPortEnterCritical
    cpustate.o(i.OS_TaskStat) refers to heap_4.o(i.xPortGetFreeHeapSize) for xPortGetFreeHeapSize
    cpustate.o(i.OS_TaskStat) refers to ffltui.o(.text) for __aeabi_ui2f
    cpustate.o(i.OS_TaskStat) refers to fdiv.o(.text) for __aeabi_fdiv
    cpustate.o(i.OS_TaskStat) refers to port.o(i.vPortExitCritical) for vPortExitCritical
    cpustate.o(i.OS_TaskStat) refers to fadd.o(.text) for __aeabi_frsub
    cpustate.o(i.OS_TaskStat) refers to cfrcmple.o(.text) for __aeabi_cfrcmple
    cpustate.o(i.OS_TaskStat) refers to tasks.o(i.vTaskDelay) for vTaskDelay
    cpustate.o(i.OS_TaskStat) refers to cpustate.o(.data) for OSIdleCtrMax
    cpustate.o(i.StartupInfo) refers to cpustate.o(i.ClkFreq) for ClkFreq
    cpustate.o(i.StartupInfo) refers to ffltui.o(.text) for __aeabi_ui2f
    cpustate.o(i.StartupInfo) refers to fdiv.o(.text) for __aeabi_fdiv
    cpustate.o(i.StartupInfo) refers to f2d.o(.text) for __aeabi_f2d
[...]
    init.s                                   0x00000000   Number         0  init.o ABSOLUTE
    RESET                                    0x08000000   Section      236  startup_stm32f10x_md.o(RESET)
    .ARM.Collect$$$$00000000                 0x080000ec   Section        0  entry.o(.ARM.Collect$$$$00000000)
    .ARM.Collect$$$$00000001                 0x080000ec   Section        4  entry2.o(.ARM.Collect$$$$00000001)
    .ARM.Collect$$$$00000004                 0x080000f0   Section        4  entry5.o(.ARM.Collect$$$$00000004)
    .ARM.Collect$$$$00000008                 0x080000f4   Section        0  entry7b.o(.ARM.Collect$$$$00000008)
    .ARM.Collect$$$$0000000A                 0x080000f4   Section        0  entry8b.o(.ARM.Collect$$$$0000000A)
    .ARM.Collect$$$$0000000B                 0x080000f4   Section        8  entry9a.o(.ARM.Collect$$$$0000000B)
    .ARM.Collect$$$$0000000D                 0x080000fc   Section        0  entry10a.o(.ARM.Collect$$$$0000000D)
    .ARM.Collect$$$$0000000F                 0x080000fc   Section        0  entry11a.o(.ARM.Collect$$$$0000000F)
    .ARM.Collect$$$$00002712                 0x080000fc   Section        4  entry2.o(.ARM.Collect$$$$00002712)
    __lit__00000000                          0x080000fc   Data           4  entry2.o(.ARM.Collect$$$$00002712)
    .emb_text                                0x08000100   Section      162  port.o(.emb_text)
    .text                                    0x080001a4   Section       36  startup_stm32f10x_md.o(.text)
    .text                                    0x080001c8   Section        0  memcpya.o(.text)
    .text                                    0x080001ec   Section        0  memseta.o(.text)
    .text                                    0x08000210   Section        0  strlen.o(.text)
    .text                                    0x0800021e   Section        0  memcmp.o(.text)
    .text                                    0x08000238   Section        0  fadd.o(.text)
    .text                                    0x080002e8   Section        0  fdiv.o(.text)
    .text                                    0x08000364   Section        0  dadd.o(.text)
    .text                                    0x080004b2   Section        0  fflti.o(.text)
    .text                                    0x080004c4   Section        0  ffltui.o(.text)
    .text                                    0x080004ce   Section        0  ffixi.o(.text)
    .text                                    0x08000500   Section        0  f2d.o(.text)
    .text                                    0x08000526   Section        0  d2f.o(.text)
    .text                                    0x08000560   Section       20  cfcmple.o(.text)
    .text                                    0x08000574   Section       20  cfrcmple.o(.text)
    .text                                    0x08000588   Section        0  uidiv.o(.text)
    .text                                    0x080005b4   Section        0  uldiv.o(.text)
    .text                                    0x08000616   Section        0  llshl.o(.text)
    .text                                    0x08000634   Section        0  llsshr.o(.text)
    .text                                    0x08000658   Section        0  fepilogue.o(.text)
    .text                                    0x08000658   Section        0  iusefp.o(.text)
    .text                                    0x080006c6   Section        0  depilogue.o(.text)
    .text                                    0x08000780   Section        0  dmul.o(.text)
    .text                                    0x08000864   Section        0  ddiv.o(.text)
    .text                                    0x08000942   Section        0  dfixul.o(.text)
    .text                                    0x08000974   Section       48  cdrcmple.o(.text)
    .text                                    0x080009a4   Section       36  init.o(.text)
    .text                                    0x080009c8   Section        0  llushr.o(.text)
    .text                                    0x080009e8   Section        0  __dczerorl2.o(.text)
    i.AddMessage                             0x08000a40   Section        0  ui.o(i.AddMessage)
    i.BlueToothInit                          0x08000aa4   Section        0  afei_bluetooth.o(i.BlueToothInit)
    i.CAN_GetITStatus                        0x08000b6c   Section        0  stm32f10x_can.o(i.CAN_GetITStatus)
    i.CAN_Receive                            0x08000c8c   Section        0  stm32f10x_can.o(i.CAN_Receive)
    i.CheckITStatus                          0x08000d7c   Section        0  stm32f10x_can.o(i.CheckITStatus)
    CheckITStatus                            0x08000d7d   Thumb Code    18  stm32f10x_can.o(i.CheckITStatus)
    i.ClkFreq                                0x08000d8e   Section        0  cpustate.o(i.ClkFreq)
    i.CoreLed                                0x08000da0   Section        0  bsp.o(i.CoreLed)
    i.CoreLedInit                            0x08000e3c   Section        0  bsp.o(i.CoreLedInit)
    i.Draw_BMP                               0x08000e8c   Section        0  oled.o(i.Draw_BMP)
    i.GPIO_Init                              0x08000f02   Section        0  stm32f10x_gpio.o(i.GPIO_Init)
    i.GPIO_PinRemapConfig                    0x08001018   Section        0  stm32f10x_gpio.o(i.GPIO_PinRemapConfig)
    i.HardFault_Handler                      0x080010a8   Section        0  main.o(i.HardFault_Handler)
    i.KeyInit                                0x080010dc   Section        0  ui.o(i.KeyInit)
    i.KeyScan                                0x080010e0   Section        0  ui.o(i.KeyScan)
    i.MenuDisplay                            0x08001144   Section        0  ui.o(i.MenuDisplay)
    i.MenuInit                               0x080013f8   Section        0  ui.o(i.MenuInit)
    i.MenuOperationScan                      0x08001438   Section        0  ui.o(i.MenuOperationScan)
    i.MyGPIOInit                             0x08001770   Section        0  bsp.o(i.MyGPIOInit)
    i.NVIC_Init                              0x08001824   Section        0  misc.o(i.NVIC_Init)
    i.NVIC_PriorityGroupConfig               0x08001894   Section        0  misc.o(i.NVIC_PriorityGroupConfig)
    i.NextLevelMenu                          0x080018a8   Section        0  ui.o(i.NextLevelMenu)
    i.NextLevelProg                          0x080018f4   Section        0  ui.o(i.NextLevelProg)
    i.OLED_Boot                              0x0800192c   Section        0  oled.o(i.OLED_Boot)
    i.OLED_CLS                               0x08001a00   Section        0  oled.o(i.OLED_CLS)
    i.OLED_DLY_ms                            0x08001a38   Section        0  oled.o(i.OLED_DLY_ms)
    i.OLED_Fill                              0x08001a54   Section        0  oled.o(i.OLED_Fill)
    i.OLED_Init                              0x08001a90   Section        0  oled.o(i.OLED_Init)
    i.OLED_P14x16Str                         0x08001aec   Section        0  oled.o(i.OLED_P14x16Str)
    i.OLED_P6x8Str                           0x08001c40   Section        0  oled.o(i.OLED_P6x8Str)
    i.OLED_Print                             0x08001cc8   Section        0  oled.o(i.OLED_Print)
    i.OLED_Set_Pos                           0x08001d34   Section        0  oled.o(i.OLED_Set_Pos)
    i.OLED_WrCmd                             0x08001d5c   Section        0  oled.o(i.OLED_WrCmd)
    i.OLED_WrDat                             0x08001db8   Section        0  oled.o(i.OLED_WrDat)
    i.OS_TaskStat                            0x08001e14   Section        0  cpustate.o(i.OS_TaskStat)
    i.ProgReset                              0x08001ed0   Section        0  ui.o(i.ProgReset)
    i.ProgSave                               0x08001ee8   Section        0  ui.o(i.ProgSave)
    i.ProgStatus                             0x08001f00   Section        0  ui.o(i.ProgStatus)
    i.RCC_APB1PeriphClockCmd                 0x08001f04   Section        0  stm32f10x_rcc.o(i.RCC_APB1PeriphClockCmd)
    i.RCC_APB2PeriphClockCmd                 0x08001f24   Section        0  stm32f10x_rcc.o(i.RCC_APB2PeriphClockCmd)
    i.RCC_GetClocksFreq                      0x08001f44   Section        0  stm32f10x_rcc.o(i.RCC_GetClocksFreq)
    i.ReadReservedIO                         0x08002018   Section        0  bsp.o(i.ReadReservedIO)
    i.ReservedIOInit                         0x08002034   Section        0  bsp.o(i.ReservedIOInit)
    i.Send_Array                             0x08002064   Section        0  afei_bluetooth.o(i.Send_Array)
    i.Send_Data                              0x0800209c   Section        0  afei_bluetooth.o(i.Send_Data)
    i.SetSysClock                            0x080020c8   Section        0  system_stm32f10x.o(i.SetSysClock)
    SetSysClock                              0x080020c9   Thumb Code     8  system_stm32f10x.o(i.SetSysClock)
    i.SetSysClockTo72                        0x080020d0   Section        0  system_stm32f10x.o(i.SetSysClockTo72)
    SetSysClockTo72                          0x080020d1   Thumb Code   214  system_stm32f10x.o(i.SetSysClockTo72)
    i.SetupDD                                0x080021b0   Section        0  ui.o(i.SetupDD)
    i.Standard_Printf                        0x08002258   Section        0  oled.o(i.Standard_Printf)
    i.StartupInfo                            0x080022cc   Section        0  cpustate.o(i.StartupInfo)
    i.SysTick_Handler                        0x08002328   Section        0  port.o(i.SysTick_Handler)
    i.SystemInit                             0x08002348   Section        0  system_stm32f10x.o(i.SystemInit)
    i.UIInit                                 0x080023a8   Section        0  ui.o(i.UIInit)
    i.USART2_IRQHandler                      0x080023d4   Section        0  stm32f4xx_it.o(i.USART2_IRQHandler)
    i.USART_ClearFlag                        0x08002524   Section        0  stm32f10x_usart.o(i.USART_ClearFlag)
    i.USART_Cmd                              0x08002536   Section        0  stm32f10x_usart.o(i.USART_Cmd)
    i.USART_GetFlagStatus                    0x0800254e   Section        0  stm32f10x_usart.o(i.USART_GetFlagStatus)
    i.USART_ITConfig                         0x08002568   Section        0  stm32f10x_usart.o(i.USART_ITConfig)
    i.USART_Init                             0x080025b4   Section        0  stm32f10x_usart.o(i.USART_Init)
    i.USART_ReceiveData                      0x0800268c   Section        0  stm32f10x_usart.o(i.USART_ReceiveData)
    i.USART_SendData                         0x08002696   Section        0  stm32f10x_usart.o(i.USART_SendData)
    i.USB_LP_CAN1_RX0_IRQHandler             0x080026a0   Section        0  stm32f4xx_it.o(i.USB_LP_CAN1_RX0_IRQHandler)
    i.ValueArrangeLimit                      0x08002900   Section        0  ui.o(i.ValueArrangeLimit)
    i.__0sprintf                             0x08002960   Section        0  printfa.o(i.__0sprintf)
    i.__0vsprintf                            0x08002988   Section        0  printfa.o(i.__0vsprintf)
    i.__scatterload_copy                     0x080029ac   Section       14  handlers.o(i.__scatterload_copy)
    i.__scatterload_null                     0x080029ba   Section        2  handlers.o(i.__scatterload_null)
    i.__scatterload_zeroinit                 0x080029bc   Section       14  handlers.o(i.__scatterload_zeroinit)
    i._fp_digits                             0x080029cc   Section        0  printfa.o(i._fp_digits)
    _fp_digits                               0x080029cd   Thumb Code   334  printfa.o(i._fp_digits)
    i._printf_core                           0x08002b30   Section        0  printfa.o(i._printf_core)
    _printf_core                             0x08002b31   Thumb Code  1744  printfa.o(i._printf_core)
    i._printf_post_padding                   0x0800320c   Section        0  printfa.o(i._printf_post_padding)
    _printf_post_padding                     0x0800320d   Thumb Code    36  printfa.o(i._printf_post_padding)
    i._printf_pre_padding                    0x08003230   Section        0  printfa.o(i._printf_pre_padding)
    _printf_pre_padding                      0x08003231   Thumb Code    46  printfa.o(i._printf_pre_padding)
    i._sputc                                 0x0800325e   Section        0  printfa.o(i._sputc)
    _sputc                                   0x0800325f   Thumb Code    10  printfa.o(i._sputc)
    i.io_init_delay                          0x08003268   Section        0  bsp.o(i.io_init_delay)
    i.main                                   0x08003278   Section        0  main.o(i.main)
    i.menu_cls                               0x080032c0   Section        0  ui.o(i.menu_cls)
    i.print_message                          0x080032ec   Section        0  ui.o(i.print_message)
    i.prvAddCurrentTaskToDelayedList         0x08003334   Section        0  tasks.o(i.prvAddCurrentTaskToDelayedList)
    prvAddCurrentTaskToDelayedList           0x08003335   Thumb Code    62  tasks.o(i.prvAddCurrentTaskToDelayedList)
    i.prvAllocateTCBAndStack                 0x08003388   Section        0  tasks.o(i.prvAllocateTCBAndStack)
    prvAllocateTCBAndStack                   0x08003389   Thumb Code    66  tasks.o(i.prvAllocateTCBAndStack)
    i.prvCheckForValidListAndQueue           0x080033cc   Section        0  timers.o(i.prvCheckForValidListAndQueue)
    prvCheckForValidListAndQueue             0x080033cd   Thumb Code    86  timers.o(i.prvCheckForValidListAndQueue)
    i.prvCheckTasksWaitingTermination        0x08003440   Section        0  tasks.o(i.prvCheckTasksWaitingTermination)
    prvCheckTasksWaitingTermination          0x08003441   Thumb Code    86  tasks.o(i.prvCheckTasksWaitingTermination)
    i.prvCopyDataFromQueue                   0x080034a4   Section        0  queue.o(i.prvCopyDataFromQueue)
    prvCopyDataFromQueue                     0x080034a5   Thumb Code    42  queue.o(i.prvCopyDataFromQueue)
    i.prvCopyDataToQueue                     0x080034ce   Section        0  queue.o(i.prvCopyDataToQueue)
    prvCopyDataToQueue                       0x080034cf   Thumb Code   128  queue.o(i.prvCopyDataToQueue)
    i.prvCoreTask                            0x08003550   Section        0  main.o(i.prvCoreTask)
    i.prvDeleteTCB                           0x080035d0   Section        0  tasks.o(i.prvDeleteTCB)
    prvDeleteTCB                             0x080035d1   Thumb Code    18  tasks.o(i.prvDeleteTCB)
    i.prvGetNextExpireTime                   0x080035e4   Section        0  timers.o(i.prvGetNextExpireTime)
    prvGetNextExpireTime                     0x080035e5   Thumb Code    36  timers.o(i.prvGetNextExpireTime)
    i.prvHeapInit                            0x0800360c   Section        0  heap_4.o(i.prvHeapInit)
    prvHeapInit                              0x0800360d   Thumb Code    98  heap_4.o(i.prvHeapInit)
    i.prvIdleTask                            0x08003688   Section        0  tasks.o(i.prvIdleTask)
    prvIdleTask                              0x08003689   Thumb Code    24  tasks.o(i.prvIdleTask)
    i.prvInitialiseTCBVariables              0x080036a4   Section        0  tasks.o(i.prvInitialiseTCBVariables)
    prvInitialiseTCBVariables                0x080036a5   Thumb Code    98  tasks.o(i.prvInitialiseTCBVariables)
    i.prvInitialiseTaskLists                 0x08003708   Section        0  tasks.o(i.prvInitialiseTaskLists)
    prvInitialiseTaskLists                   0x08003709   Thumb Code    70  tasks.o(i.prvInitialiseTaskLists)
    i.prvInsertBlockIntoFreeList             0x08003770   Section        0  heap_4.o(i.prvInsertBlockIntoFreeList)
    prvInsertBlockIntoFreeList               0x08003771   Thumb Code    96  heap_4.o(i.prvInsertBlockIntoFreeList)
    i.prvInsertTimerInActiveList             0x080037d8   Section        0  timers.o(i.prvInsertTimerInActiveList)
    prvInsertTimerInActiveList               0x080037d9   Thumb Code    80  timers.o(i.prvInsertTimerInActiveList)
    i.prvIsQueueEmpty                        0x08003830   Section        0  queue.o(i.prvIsQueueEmpty)
    prvIsQueueEmpty                          0x08003831   Thumb Code    26  queue.o(i.prvIsQueueEmpty)
    i.prvIsQueueFull                         0x0800384a   Section        0  queue.o(i.prvIsQueueFull)
    prvIsQueueFull                           0x0800384b   Thumb Code    30  queue.o(i.prvIsQueueFull)
    i.prvOSStatInit                          0x08003868   Section        0  main.o(i.prvOSStatInit)
    i.prvProcessExpiredTimer                 0x0800390c   Section        0  timers.o(i.prvProcessExpiredTimer)
    prvProcessExpiredTimer                   0x0800390d   Thumb Code    82  timers.o(i.prvProcessExpiredTimer)
    i.prvProcessReceivedCommands             0x08003964   Section        0  timers.o(i.prvProcessReceivedCommands)
    prvProcessReceivedCommands               0x08003965   Thumb Code   216  timers.o(i.prvProcessReceivedCommands)
    i.prvProcessTimerOrBlockTask             0x08003a40   Section        0  timers.o(i.prvProcessTimerOrBlockTask)
    prvProcessTimerOrBlockTask               0x08003a41   Thumb Code    70  timers.o(i.prvProcessTimerOrBlockTask)
    i.prvResetNextTaskUnblockTime            0x08003a8c   Section        0  tasks.o(i.prvResetNextTaskUnblockTime)
    prvResetNextTaskUnblockTime              0x08003a8d   Thumb Code    42  tasks.o(i.prvResetNextTaskUnblockTime)
    i.prvSampleTimeNow                       0x08003ac0   Section        0  timers.o(i.prvSampleTimeNow)
    prvSampleTimeNow                         0x08003ac1   Thumb Code    40  timers.o(i.prvSampleTimeNow)
    i.prvSetupHardware                       0x08003aec   Section        0  main.o(i.prvSetupHardware)
    i.prvStatusTask                          0x08003bb0   Section        0  main.o(i.prvStatusTask)
    i.prvSwitchTimerLists                    0x08003c28   Section        0  timers.o(i.prvSwitchTimerLists)
    prvSwitchTimerLists                      0x08003c29   Thumb Code   136  timers.o(i.prvSwitchTimerLists)
    i.prvTaskExitError                       0x08003cb8   Section        0  port.o(i.prvTaskExitError)
    prvTaskExitError                         0x08003cb9   Thumb Code    32  port.o(i.prvTaskExitError)
    i.prvTimerTask                           0x08003cdc   Section        0  timers.o(i.prvTimerTask)
    prvTimerTask                             0x08003cdd   Thumb Code    26  timers.o(i.prvTimerTask)
    i.prvUITask                              0x08003cf8   Section        0  ui.o(i.prvUITask)
    i.prvUnlockQueue                         0x08003dd4   Section        0  queue.o(i.prvUnlockQueue)
    prvUnlockQueue                           0x08003dd5   Thumb Code   126  queue.o(i.prvUnlockQueue)
    i.pvPortMalloc                           0x08003e54   Section        0  heap_4.o(i.pvPortMalloc)
    i.pvTaskIncrementMutexHeldCount          0x08003f70   Section        0  tasks.o(i.pvTaskIncrementMutexHeldCount)
    i.pxPortInitialiseStack                  0x08003f90   Section        0  port.o(i.pxPortInitialiseStack)
    i.uxListRemove                           0x08003fb0   Section        0  list.o(i.uxListRemove)
    i.vApplicationIdleHook                   0x08003fd8   Section        0  cpustate.o(i.vApplicationIdleHook)
    i.vApplicationMallocFailedHook           0x08003ff4   Section        0  main.o(i.vApplicationMallocFailedHook)
    i.vApplicationStackOverflowHook          0x08004058   Section        0  main.o(i.vApplicationStackOverflowHook)
    i.vApplicationTickHook                   0x080040e4   Section        0  main.o(i.vApplicationTickHook)
    i.vListInitialise                        0x080040e6   Section        0  list.o(i.vListInitialise)
    i.vListInitialiseItem                    0x08004100   Section        0  list.o(i.vListInitialiseItem)
    i.vListInsert                            0x08004106   Section        0  list.o(i.vListInsert)
    i.vListInsertEnd                         0x0800413a   Section        0  list.o(i.vListInsertEnd)
    i.vPortEnterCritical                     0x08004154   Section        0  port.o(i.vPortEnterCritical)
    i.vPortExitCritical                      0x08004198   Section        0  port.o(i.vPortExitCritical)
    i.vPortFree                              0x080041c4   Section        0  heap_4.o(i.vPortFree)
    i.vPortSetupTimerInterrupt               0x0800423c   Section        0  port.o(i.vPortSetupTimerInterrupt)
    i.vPortValidateInterruptPriority         0x0800425c   Section        0  port.o(i.vPortValidateInterruptPriority)
    i.vPortYield                             0x080042b8   Section        0  port.o(i.vPortYield)
    i.vQueueAddToRegistry                    0x080042d0   Section        0  queue.o(i.vQueueAddToRegistry)
    i.vQueueWaitForMessageRestricted         0x080042fc   Section        0  queue.o(i.vQueueWaitForMessageRestricted)
    i.vTaskDelay                             0x08004338   Section        0  tasks.o(i.vTaskDelay)
    i.vTaskDelayUntil                        0x080043a8   Section        0  tasks.o(i.vTaskDelayUntil)
    i.vTaskDelete                            0x08004468   Section        0  tasks.o(i.vTaskDelete)
    i.vTaskMissedYield                       0x08004528   Section        0  tasks.o(i.vTaskMissedYield)
    i.vTaskPlaceOnEventList                  0x08004534   Section        0  tasks.o(i.vTaskPlaceOnEventList)
    i.vTaskPlaceOnEventListRestricted        0x080045a4   Section        0  tasks.o(i.vTaskPlaceOnEventListRestricted)
    i.vTaskPriorityInherit                   0x080045fc   Section        0  tasks.o(i.vTaskPriorityInherit)
    i.vTaskSetTimeOutState                   0x080046ac   Section        0  tasks.o(i.vTaskSetTimeOutState)
    i.vTaskStartScheduler                    0x080046d0   Section        0  tasks.o(i.vTaskStartScheduler)
    i.vTaskSuspendAll                        0x08004730   Section        0  tasks.o(i.vTaskSuspendAll)
    i.vTaskSwitchContext                     0x08004740   Section        0  tasks.o(i.vTaskSwitchContext)
    i.xPortGetFreeHeapSize                   0x080047fc   Section        0  heap_4.o(i.xPortGetFreeHeapSize)
    i.xPortStartScheduler                    0x08004808   Section        0  port.o(i.xPortStartScheduler)
    i.xQueueGenericCreate                    0x080048a8   Section        0  queue.o(i.xQueueGenericCreate)
    i.xQueueGenericReceive                   0x08004914   Section        0  queue.o(i.xQueueGenericReceive)
    i.xQueueGenericReset                     0x08004a6e   Section        0  queue.o(i.xQueueGenericReset)
    i.xQueueGenericSend                      0x08004ae6   Section        0  queue.o(i.xQueueGenericSend)
    i.xQueueGenericSendFromISR               0x08004c28   Section        0  queue.o(i.xQueueGenericSendFromISR)
    i.xTaskCheckForTimeOut                   0x08004cd4   Section        0  tasks.o(i.xTaskCheckForTimeOut)
    i.xTaskGenericCreate                     0x08004d48   Section        0  tasks.o(i.xTaskGenericCreate)
    i.xTaskGetSchedulerState                 0x08004e7c   Section        0  tasks.o(i.xTaskGetSchedulerState)
    i.xTaskGetTickCount                      0x08004e9c   Section        0  tasks.o(i.xTaskGetTickCount)
    i.xTaskIncrementTick                     0x08004ea8   Section        0  tasks.o(i.xTaskIncrementTick)
    i.xTaskPriorityDisinherit                0x08004ff4   Section        0  tasks.o(i.xTaskPriorityDisinherit)
    i.xTaskRemoveFromEventList               0x08005084   Section        0  tasks.o(i.xTaskRemoveFromEventList)
    i.xTaskResumeAll                         0x08005110   Section        0  tasks.o(i.xTaskResumeAll)
    i.xTimerCreateTimerTask                  0x080051f8   Section        0  timers.o(i.xTimerCreateTimerTask)
    i.xTimerGenericCommand                   0x08005240   Section        0  timers.o(i.xTimerGenericCommand)
    .constdata                               0x080052ac   Section      112  main.o(.constdata)
    .constdata                               0x0800531c   Section     1041  ui.o(.constdata)
    .constdata                               0x08005730   Section       48  data.o(.constdata)
    .constdata                               0x08005760   Section     2341  oled.o(.constdata)
    .constdata                               0x08006088   Section      120  bsp.o(.constdata)
    .constdata                               0x08006100   Section       20  tasks.o(.constdata)
    ucExpectedStackBytes                     0x08006100   Data          20  tasks.o(.constdata)
    .conststring                             0x08006114   Section      285  ui.o(.conststring)
    .data                                    0x20000000   Section       12  main.o(.data)
    .data                                    0x2000000c   Section       24  cpustate.o(.data)
    .data                                    0x20000024   Section      428  ui.o(.data)
    .data                                    0x200001d0   Section        1  stm32f4xx_it.o(.data)
    i                                        0x200001d0   Data           1  stm32f4xx_it.o(.data)
    .data                                    0x200001d4   Section      192  data.o(.data)
    .data                                    0x20000294   Section       80  can_driver.o(.data)
    .data                                    0x200002e4   Section       12  afei_bluetooth.o(.data)
    .data                                    0x200002f0   Section       56  tasks.o(.data)
    pxDelayedTaskList                        0x200002f4   Data           4  tasks.o(.data)
    pxOverflowDelayedTaskList                0x200002f8   Data           4  tasks.o(.data)
    uxTasksDeleted                           0x200002fc   Data           4  tasks.o(.data)
    uxCurrentNumberOfTasks                   0x20000300   Data           4  tasks.o(.data)
    xTickCount                               0x20000304   Data           4  tasks.o(.data)
    uxTopReadyPriority                       0x20000308   Data           4  tasks.o(.data)
    xSchedulerRunning                        0x2000030c   Data           4  tasks.o(.data)
    uxPendedTicks                            0x20000310   Data           4  tasks.o(.data)
    xYieldPending                            0x20000314   Data           4  tasks.o(.data)
    xNumOfOverflows                          0x20000318   Data           4  tasks.o(.data)
    uxTaskNumber                             0x2000031c   Data           4  tasks.o(.data)
    xNextTaskUnblockTime                     0x20000320   Data           4  tasks.o(.data)
    uxSchedulerSuspended                     0x20000324   Data           4  tasks.o(.data)
    .data                                    0x20000328   Section       16  timers.o(.data)
    pxCurrentTimerList                       0x20000328   Data           4  timers.o(.data)
    pxOverflowTimerList                      0x2000032c   Data           4  timers.o(.data)
    xTimerQueue                              0x20000330   Data           4  timers.o(.data)
    xLastTime                                0x20000334   Data           4  timers.o(.data)
    .data                                    0x20000338   Section       24  heap_4.o(.data)
    xStart                                   0x20000338   Data           8  heap_4.o(.data)
    pxEnd                                    0x20000340   Data           4  heap_4.o(.data)
    xFreeBytesRemaining                      0x20000344   Data           4  heap_4.o(.data)
    xMinimumEverFreeBytesRemaining           0x20000348   Data           4  heap_4.o(.data)
    xBlockAllocatedBit                       0x2000034c   Data           4  heap_4.o(.data)
    .data                                    0x20000350   Section       12  port.o(.data)
    uxCriticalNesting                        0x20000350   Data           4  port.o(.data)
    ucMaxSysCallPriority                     0x20000354   Data           1  port.o(.data)
    ulMaxPRIGROUPValue                       0x20000358   Data           4  port.o(.data)
    .data                                    0x2000035c   Section       20  stm32f10x_rcc.o(.data)
    APBAHBPrescTable                         0x2000035c   Data          16  stm32f10x_rcc.o(.data)
    ADCPrescTable                            0x2000036c   Data           4  stm32f10x_rcc.o(.data)
    .data                                    0x20000370   Section       20  system_stm32f10x.o(.data)
    .bss                                     0x20000384   Section      768  ui.o(.bss)
    display_cache                            0x20000384   Data         768  ui.o(.bss)
    .bss                                     0x20000684   Section       32  stm32f4xx_it.o(.bss)
    .bss                                     0x200006a4   Section      256  oled.o(.bss)
    last_len                                 0x200006a4   Data         128  oled.o(.bss)
    LCD_BUF                                  0x20000724   Data         128  oled.o(.bss)
    .bss                                     0x200007a4   Section       64  queue.o(.bss)
    .bss                                     0x200007e4   Section      260  tasks.o(.bss)
    pxReadyTasksLists                        0x200007e4   Data         160  tasks.o(.bss)
    xDelayedTaskList1                        0x20000884   Data          20  tasks.o(.bss)
    xDelayedTaskList2                        0x20000898   Data          20  tasks.o(.bss)
    xPendingReadyList                        0x200008ac   Data          20  tasks.o(.bss)
    xTasksWaitingTermination                 0x200008c0   Data          20  tasks.o(.bss)
    xSuspendedTaskList                       0x200008d4   Data          20  tasks.o(.bss)
    .bss                                     0x200008e8   Section       40  timers.o(.bss)
    xActiveTimerList1                        0x200008e8   Data          20  timers.o(.bss)
    xActiveTimerList2                        0x200008fc   Data          20  timers.o(.bss)
    .bss                                     0x20000910   Section    16384  heap_4.o(.bss)
    ucHeap                                   0x20000910   Data       16384  heap_4.o(.bss)
    STACK                                    0x20004910   Section     1024  startup_stm32f10x_md.o(STACK)

    Global Symbols

    Symbol Name                              Value     Ov Type        Size  Object(Section)

    BuildAttributes$$THM_ISAv4$P$D$K$B$S$PE$A:L22UL41UL21$X:L11$S22US41US21$IEEE1$IW$USESV6$~STKCKD$USESV7$~SHL$OTIME$ROPI$EBA8$MICROLIB$REQ8$PRES8$EABIv2 0x00000000   Number         0  anon$$obj.o ABSOLUTE
    __ARM_use_no_argv                        0x00000000   Number         0  main.o ABSOLUTE
    _printf_a                                0x00000000   Number         0  stubs.o ABSOLUTE
    _printf_c                                0x00000000   Number         0  stubs.o ABSOLUTE
    _printf_charcount                        0x00000000   Number         0  stubs.o ABSOLUTE
    _printf_d                                0x00000000   Number         0  stubs.o ABSOLUTE
    _printf_e                                0x00000000   Number         0  stubs.o ABSOLUTE
    _printf_f                                0x00000000   Number         0  stubs.o ABSOLUTE
    _printf_flags                            0x00000000   Number         0  stubs.o ABSOLUTE
    _printf_fp_dec                           0x00000000   Number         0  stubs.o ABSOLUTE
    _printf_fp_hex                           0x00000000   Number         0  stubs.o ABSOLUTE
    _printf_g                                0x00000000   Number         0  stubs.o ABSOLUTE
    _printf_i                                0x00000000   Number         0  stubs.o ABSOLUTE
    _printf_int_dec                          0x00000000   Number         0  stubs.o ABSOLUTE
    _printf_l                                0x00000000   Number         0  stubs.o ABSOLUTE
    _printf_lc                               0x00000000   Number         0  stubs.o ABSOLUTE
    _printf_ll                               0x00000000   Number         0  stubs.o ABSOLUTE
    _printf_lld                              0x00000000   Number         0  stubs.o ABSOLUTE
    _printf_lli                              0x00000000   Number         0  stubs.o ABSOLUTE
    _printf_llo                              0x00000000   Number         0  stubs.o ABSOLUTE
    _printf_llu                              0x00000000   Number         0  stubs.o ABSOLUTE
    _printf_llx                              0x00000000   Number         0  stubs.o ABSOLUTE
    _printf_longlong_dec                     0x00000000   Number         0  stubs.o ABSOLUTE
    _printf_longlong_hex                     0x00000000   Number         0  stubs.o ABSOLUTE
    _printf_longlong_oct                     0x00000000   Number         0  stubs.o ABSOLUTE
    _printf_ls                               0x00000000   Number         0  stubs.o ABSOLUTE
    _printf_mbtowc                           0x00000000   Number         0  stubs.o ABSOLUTE
    _printf_n                                0x00000000   Number         0  stubs.o ABSOLUTE
    _printf_o                                0x00000000   Number         0  stubs.o ABSOLUTE
    _printf_p                                0x00000000   Number         0  stubs.o ABSOLUTE
    _printf_percent                          0x00000000   Number         0  stubs.o ABSOLUTE
    _printf_pre_padding                      0x00000000   Number         0  stubs.o ABSOLUTE
    _printf_return_value                     0x00000000   Number         0  stubs.o ABSOLUTE
    _printf_s                                0x00000000   Number         0  stubs.o ABSOLUTE
    _printf_sizespec                         0x00000000   Number         0  stubs.o ABSOLUTE
    _printf_str                              0x00000000   Number         0  stubs.o ABSOLUTE
    _printf_truncate_signed                  0x00000000   Number         0  stubs.o ABSOLUTE
    _printf_truncate_unsigned                0x00000000   Number         0  stubs.o ABSOLUTE
    _printf_u                                0x00000000   Number         0  stubs.o ABSOLUTE
    _printf_wc                               0x00000000   Number         0  stubs.o ABSOLUTE
    _printf_wctomb                           0x00000000   Number         0  stubs.o ABSOLUTE
    _printf_widthprec                        0x00000000   Number         0  stubs.o ABSOLUTE
    _printf_x                                0x00000000   Number         0  stubs.o ABSOLUTE
    __cpp_initialize__aeabi_                  - Undefined Weak Reference
    __cxa_finalize                            - Undefined Weak Reference
    _clock_init                               - Undefined Weak Reference
    _microlib_exit                            - Undefined Weak Reference
    __Vectors_Size                           0x000000ec   Number         0  startup_stm32f10x_md.o ABSOLUTE
    __Vectors                                0x08000000   Data           4  startup_stm32f10x_md.o(RESET)
    __Vectors_End                            0x080000ec   Data           0  startup_stm32f10x_md.o(RESET)
    __main                                   0x080000ed   Thumb Code     0  entry.o(.ARM.Collect$$$$00000000)
    _main_stk                                0x080000ed   Thumb Code     0  entry2.o(.ARM.Collect$$$$00000001)
    _main_scatterload                        0x080000f1   Thumb Code     0  entry5.o(.ARM.Collect$$$$00000004)
    __main_after_scatterload                 0x080000f5   Thumb Code     0  entry5.o(.ARM.Collect$$$$00000004)
    _main_clock                              0x080000f5   Thumb Code     0  entry7b.o(.ARM.Collect$$$$00000008)
    _main_cpp_init                           0x080000f5   Thumb Code     0  entry8b.o(.ARM.Collect$$$$0000000A)
    _main_init                               0x080000f5   Thumb Code     0  entry9a.o(.ARM.Collect$$$$0000000B)
    __rt_final_cpp                           0x080000fd   Thumb Code     0  entry10a.o(.ARM.Collect$$$$0000000D)
    __rt_final_exit                          0x080000fd   Thumb Code     0  entry11a.o(.ARM.Collect$$$$0000000F)
    SVC_Handler                              0x08000101   Thumb Code    32  port.o(.emb_text)
    __asm___6_port_c_39a90d8d__prvStartFirstTask 0x08000125   Thumb Code    28  port.o(.emb_text)
    PendSV_Handler                           0x08000145   Thumb Code    64  port.o(.emb_text)
    ulPortSetInterruptMask                   0x08000189   Thumb Code    14  port.o(.emb_text)
    vPortClearInterruptMask                  0x08000197   Thumb Code     6  port.o(.emb_text)
    vPortGetIPSR                             0x0800019d   Thumb Code     6  port.o(.emb_text)
    Reset_Handler                            0x080001a5   Thumb Code     8  startup_stm32f10x_md.o(.text)
    NMI_Handler                              0x080001ad   Thumb Code     2  startup_stm32f10x_md.o(.text)
    MemManage_Handler                        0x080001b1   Thumb Code     2  startup_stm32f10x_md.o(.text)
    BusFault_Handler                         0x080001b3   Thumb Code     2  startup_stm32f10x_md.o(.text)
    UsageFault_Handler                       0x080001b5   Thumb Code     2  startup_stm32f10x_md.o(.text)
    DebugMon_Handler                         0x080001b9   Thumb Code     2  startup_stm32f10x_md.o(.text)
    ADC1_2_IRQHandler                        0x080001bf   Thumb Code     0  startup_stm32f10x_md.o(.text)
    CAN1_RX1_IRQHandler                      0x080001bf   Thumb Code     0  startup_stm32f10x_md.o(.text)
    CAN1_SCE_IRQHandler                      0x080001bf   Thumb Code     0  startup_stm32f10x_md.o(.text)
    DMA1_Channel1_IRQHandler                 0x080001bf   Thumb Code     0  startup_stm32f10x_md.o(.text)
    DMA1_Channel2_IRQHandler                 0x080001bf   Thumb Code     0  startup_stm32f10x_md.o(.text)
    DMA1_Channel3_IRQHandler                 0x080001bf   Thumb Code     0  startup_stm32f10x_md.o(.text)
    DMA1_Channel4_IRQHandler                 0x080001bf   Thumb Code     0  startup_stm32f10x_md.o(.text)
    DMA1_Channel5_IRQHandler                 0x080001bf   Thumb Code     0  startup_stm32f10x_md.o(.text)
    DMA1_Channel6_IRQHandler                 0x080001bf   Thumb Code     0  startup_stm32f10x_md.o(.text)
    DMA1_Channel7_IRQHandler                 0x080001bf   Thumb Code     0  startup_stm32f10x_md.o(.text)
    EXTI0_IRQHandler                         0x080001bf   Thumb Code     0  startup_stm32f10x_md.o(.text)
    EXTI15_10_IRQHandler                     0x080001bf   Thumb Code     0  startup_stm32f10x_md.o(.text)
    EXTI1_IRQHandler                         0x080001bf   Thumb Code     0  startup_stm32f10x_md.o(.text)
    EXTI2_IRQHandler                         0x080001bf   Thumb Code     0  startup_stm32f10x_md.o(.text)
    EXTI3_IRQHandler                         0x080001bf   Thumb Code     0  startup_stm32f10x_md.o(.text)
    EXTI4_IRQHandler                         0x080001bf   Thumb Code     0  startup_stm32f10x_md.o(.text)
    EXTI9_5_IRQHandler                       0x080001bf   Thumb Code     0  startup_stm32f10x_md.o(.text)
    FLASH_IRQHandler                         0x080001bf   Thumb Code     0  startup_stm32f10x_md.o(.text)
    I2C1_ER_IRQHandler                       0x080001bf   Thumb Code     0  startup_stm32f10x_md.o(.text)
    I2C1_EV_IRQHandler                       0x080001bf   Thumb Code     0  startup_stm32f10x_md.o(.text)
    I2C2_ER_IRQHandler                       0x080001bf   Thumb Code     0  startup_stm32f10x_md.o(.text)
    I2C2_EV_IRQHandler                       0x080001bf   Thumb Code     0  startup_stm32f10x_md.o(.text)
    PVD_IRQHandler                           0x080001bf   Thumb Code     0  startup_stm32f10x_md.o(.text)
    RCC_IRQHandler                           0x080001bf   Thumb Code     0  startup_stm32f10x_md.o(.text)
    RTCAlarm_IRQHandler                      0x080001bf   Thumb Code     0  startup_stm32f10x_md.o(.text)
    RTC_IRQHandler                           0x080001bf   Thumb Code     0  startup_stm32f10x_md.o(.text)
    SPI1_IRQHandler                          0x080001bf   Thumb Code     0  startup_stm32f10x_md.o(.text)
    SPI2_IRQHandler                          0x080001bf   Thumb Code     0  startup_stm32f10x_md.o(.text)
    TAMPER_IRQHandler                        0x080001bf   Thumb Code     0  startup_stm32f10x_md.o(.text)
    TIM1_BRK_IRQHandler                      0x080001bf   Thumb Code     0  startup_stm32f10x_md.o(.text)
    TIM1_CC_IRQHandler                       0x080001bf   Thumb Code     0  startup_stm32f10x_md.o(.text)
    TIM1_TRG_COM_IRQHandler                  0x080001bf   Thumb Code     0  startup_stm32f10x_md.o(.text)
    TIM1_UP_IRQHandler                       0x080001bf   Thumb Code     0  startup_stm32f10x_md.o(.text)
    TIM2_IRQHandler                          0x080001bf   Thumb Code     0  startup_stm32f10x_md.o(.text)
    TIM3_IRQHandler                          0x080001bf   Thumb Code     0  startup_stm32f10x_md.o(.text)
    TIM4_IRQHandler                          0x080001bf   Thumb Code     0  startup_stm32f10x_md.o(.text)
    USART1_IRQHandler                        0x080001bf   Thumb Code     0  startup_stm32f10x_md.o(.text)
    USART3_IRQHandler                        0x080001bf   Thumb Code     0  startup_stm32f10x_md.o(.text)
    USBWakeUp_IRQHandler                     0x080001bf   Thumb Code     0  startup_stm32f10x_md.o(.text)
    USB_HP_CAN1_TX_IRQHandler                0x080001bf   Thumb Code     0  startup_stm32f10x_md.o(.text)
    WWDG_IRQHandler                          0x080001bf   Thumb Code     0  startup_stm32f10x_md.o(.text)
    __aeabi_memcpy                           0x080001c9   Thumb Code    36  memcpya.o(.text)
    __aeabi_memcpy4                          0x080001c9   Thumb Code     0  memcpya.o(.text)
    __aeabi_memcpy8                          0x080001c9   Thumb Code     0  memcpya.o(.text)
    __aeabi_memset                           0x080001ed   Thumb Code    14  memseta.o(.text)
    __aeabi_memset4                          0x080001ed   Thumb Code     0  memseta.o(.text)
    __aeabi_memset8                          0x080001ed   Thumb Code     0  memseta.o(.text)
    __aeabi_memclr                           0x080001fb   Thumb Code     4  memseta.o(.text)
    __aeabi_memclr4                          0x080001fb   Thumb Code     0  memseta.o(.text)
    __aeabi_memclr8                          0x080001fb   Thumb Code     0  memseta.o(.text)
    _memset$wrapper                          0x080001ff   Thumb Code    18  memseta.o(.text)
    strlen                                   0x08000211   Thumb Code    14  strlen.o(.text)
    memcmp                                   0x0800021f   Thumb Code    26  memcmp.o(.text)
    __aeabi_fadd                             0x08000239   Thumb Code   164  fadd.o(.text)
    __aeabi_fsub                             0x080002dd   Thumb Code     6  fadd.o(.text)
    __aeabi_frsub                            0x080002e3   Thumb Code     6  fadd.o(.text)
    __aeabi_fdiv                             0x080002e9   Thumb Code   124  fdiv.o(.text)
    __aeabi_dadd                             0x08000365   Thumb Code   322  dadd.o(.text)
    __aeabi_dsub                             0x080004a7   Thumb Code     6  dadd.o(.text)
    __aeabi_drsub                            0x080004ad   Thumb Code     6  dadd.o(.text)
    __aeabi_i2f                              0x080004b3   Thumb Code    18  fflti.o(.text)
    __aeabi_ui2f                             0x080004c5   Thumb Code    10  ffltui.o(.text)
    __aeabi_f2iz                             0x080004cf   Thumb Code    50  ffixi.o(.text)
    __aeabi_f2d                              0x08000501   Thumb Code    38  f2d.o(.text)
    __aeabi_d2f                              0x08000527   Thumb Code    56  d2f.o(.text)
    __aeabi_cfcmpeq                          0x08000561   Thumb Code     0  cfcmple.o(.text)
    __aeabi_cfcmple                          0x08000561   Thumb Code    20  cfcmple.o(.text)
    __aeabi_cfrcmple                         0x08000575   Thumb Code    20  cfrcmple.o(.text)
    __aeabi_uidiv                            0x08000589   Thumb Code     0  uidiv.o(.text)
    __aeabi_uidivmod                         0x08000589   Thumb Code    44  uidiv.o(.text)
    __aeabi_uldivmod                         0x080005b5   Thumb Code    98  uldiv.o(.text)
    __aeabi_llsl                             0x08000617   Thumb Code    30  llshl.o(.text)
    _ll_shift_l                              0x08000617   Thumb Code     0  llshl.o(.text)
    __aeabi_lasr                             0x08000635   Thumb Code    36  llsshr.o(.text)
    _ll_sshift_r                             0x08000635   Thumb Code     0  llsshr.o(.text)
    __I$use$fp                               0x08000659   Thumb Code     0  iusefp.o(.text)
    _float_round                             0x08000659   Thumb Code    18  fepilogue.o(.text)
    _float_epilogue                          0x0800066b   Thumb Code    92  fepilogue.o(.text)
    _double_round                            0x080006c7   Thumb Code    30  depilogue.o(.text)
    _double_epilogue                         0x080006e5   Thumb Code   156  depilogue.o(.text)
    __aeabi_dmul                             0x08000781   Thumb Code   228  dmul.o(.text)
    __aeabi_ddiv                             0x08000865   Thumb Code   222  ddiv.o(.text)
    __aeabi_d2ulz                            0x08000943   Thumb Code    48  dfixul.o(.text)
    __aeabi_cdrcmple                         0x08000975   Thumb Code    48  cdrcmple.o(.text)
    __scatterload                            0x080009a5   Thumb Code    28  init.o(.text)
    __scatterload_rt2                        0x080009a5   Thumb Code     0  init.o(.text)
    __aeabi_llsr                             0x080009c9   Thumb Code    32  llushr.o(.text)
    _ll_ushift_r                             0x080009c9   Thumb Code     0  llushr.o(.text)
    __decompress                             0x080009e9   Thumb Code     0  __dczerorl2.o(.text)
    __decompress1                            0x080009e9   Thumb Code    86  __dczerorl2.o(.text)
    AddMessage                               0x08000a41   Thumb Code    88  ui.o(i.AddMessage)
    BlueToothInit                            0x08000aa5   Thumb Code   192  afei_bluetooth.o(i.BlueToothInit)
    CAN_GetITStatus                          0x08000b6d   Thumb Code   284  stm32f10x_can.o(i.CAN_GetITStatus)
    CAN_Receive                              0x08000c8d   Thumb Code   240  stm32f10x_can.o(i.CAN_Receive)
    ClkFreq                                  0x08000d8f   Thumb Code    16  cpustate.o(i.ClkFreq)
    CoreLed                                  0x08000da1   Thumb Code   152  bsp.o(i.CoreLed)
    CoreLedInit                              0x08000e3d   Thumb Code    76  bsp.o(i.CoreLedInit)
    Draw_BMP                                 0x08000e8d   Thumb Code   118  oled.o(i.Draw_BMP)
    GPIO_Init                                0x08000f03   Thumb Code   278  stm32f10x_gpio.o(i.GPIO_Init)
    GPIO_PinRemapConfig                      0x08001019   Thumb Code   138  stm32f10x_gpio.o(i.GPIO_PinRemapConfig)
    HardFault_Handler                        0x080010a9   Thumb Code    48  main.o(i.HardFault_Handler)
    KeyInit                                  0x080010dd   Thumb Code     2  ui.o(i.KeyInit)
    KeyScan                                  0x080010e1   Thumb Code    82  ui.o(i.KeyScan)
    MenuDisplay                              0x08001145   Thumb Code   672  ui.o(i.MenuDisplay)
    MenuInit                                 0x080013f9   Thumb Code    32  ui.o(i.MenuInit)
    MenuOperationScan                        0x08001439   Thumb Code   788  ui.o(i.MenuOperationScan)
    MyGPIOInit                               0x08001771   Thumb Code   172  bsp.o(i.MyGPIOInit)
    NVIC_Init                                0x08001825   Thumb Code   100  misc.o(i.NVIC_Init)
    NVIC_PriorityGroupConfig                 0x08001895   Thumb Code    10  misc.o(i.NVIC_PriorityGroupConfig)
    NextLevelMenu                            0x080018a9   Thumb Code    70  ui.o(i.NextLevelMenu)
    NextLevelProg                            0x080018f5   Thumb Code    50  ui.o(i.NextLevelProg)
    OLED_Boot                                0x0800192d   Thumb Code   208  oled.o(i.OLED_Boot)
    OLED_CLS                                 0x08001a01   Thumb Code    56  oled.o(i.OLED_CLS)
    OLED_DLY_ms                              0x08001a39   Thumb Code    28  oled.o(i.OLED_DLY_ms)
    OLED_Fill                                0x08001a55   Thumb Code    58  oled.o(i.OLED_Fill)
    OLED_Init                                0x08001a91   Thumb Code    88  oled.o(i.OLED_Init)
    OLED_P14x16Str                           0x08001aed   Thumb Code   332  oled.o(i.OLED_P14x16Str)
    OLED_P6x8Str                             0x08001c41   Thumb Code   130  oled.o(i.OLED_P6x8Str)
    OLED_Print                               0x08001cc9   Thumb Code   108  oled.o(i.OLED_Print)
    OLED_Set_Pos                             0x08001d35   Thumb Code    40  oled.o(i.OLED_Set_Pos)
    OLED_WrCmd                               0x08001d5d   Thumb Code    88  oled.o(i.OLED_WrCmd)
    OLED_WrDat                               0x08001db9   Thumb Code    88  oled.o(i.OLED_WrDat)
    OS_TaskStat                              0x08001e15   Thumb Code   158  cpustate.o(i.OS_TaskStat)
    ProgReset                                0x08001ed1   Thumb Code    18  ui.o(i.ProgReset)
    ProgSave                                 0x08001ee9   Thumb Code    18  ui.o(i.ProgSave)
    ProgStatus                               0x08001f01   Thumb Code     2  ui.o(i.ProgStatus)
    RCC_APB1PeriphClockCmd                   0x08001f05   Thumb Code    26  stm32f10x_rcc.o(i.RCC_APB1PeriphClockCmd)
    RCC_APB2PeriphClockCmd                   0x08001f25   Thumb Code    26  stm32f10x_rcc.o(i.RCC_APB2PeriphClockCmd)
    RCC_GetClocksFreq                        0x08001f45   Thumb Code   192  stm32f10x_rcc.o(i.RCC_GetClocksFreq)
    ReadReservedIO                           0x08002019   Thumb Code    22  bsp.o(i.ReadReservedIO)
    ReservedIOInit                           0x08002035   Thumb Code    44  bsp.o(i.ReservedIOInit)
    Send_Array                               0x08002065   Thumb Code    52  afei_bluetooth.o(i.Send_Array)
    Send_Data                                0x0800209d   Thumb Code    40  afei_bluetooth.o(i.Send_Data)
    SetupDD                                  0x080021b1   Thumb Code   124  ui.o(i.SetupDD)
    Standard_Printf                          0x08002259   Thumb Code   108  oled.o(i.Standard_Printf)
    StartupInfo                              0x080022cd   Thumb Code    66  cpustate.o(i.StartupInfo)
    SysTick_Handler                          0x08002329   Thumb Code    28  port.o(i.SysTick_Handler)
    SystemInit                               0x08002349   Thumb Code    78  system_stm32f10x.o(i.SystemInit)
    UIInit                                   0x080023a9   Thumb Code    40  ui.o(i.UIInit)
    USART2_IRQHandler                        0x080023d5   Thumb Code   276  stm32f4xx_it.o(i.USART2_IRQHandler)
    USART_ClearFlag                          0x08002525   Thumb Code    18  stm32f10x_usart.o(i.USART_ClearFlag)
    USART_Cmd                                0x08002537   Thumb Code    24  stm32f10x_usart.o(i.USART_Cmd)
    USART_GetFlagStatus                      0x0800254f   Thumb Code    26  stm32f10x_usart.o(i.USART_GetFlagStatus)
    USART_ITConfig                           0x08002569   Thumb Code    74  stm32f10x_usart.o(i.USART_ITConfig)
    USART_Init                               0x080025b5   Thumb Code   210  stm32f10x_usart.o(i.USART_Init)
    USART_ReceiveData                        0x0800268d   Thumb Code    10  stm32f10x_usart.o(i.USART_ReceiveData)
    USART_SendData                           0x08002697   Thumb Code     8  stm32f10x_usart.o(i.USART_SendData)
    USB_LP_CAN1_RX0_IRQHandler               0x080026a1   Thumb Code   546  stm32f4xx_it.o(i.USB_LP_CAN1_RX0_IRQHandler)
    ValueArrangeLimit                        0x08002901   Thumb Code    94  ui.o(i.ValueArrangeLimit)
    __0sprintf                               0x08002961   Thumb Code    34  printfa.o(i.__0sprintf)
    __1sprintf                               0x08002961   Thumb Code     0  printfa.o(i.__0sprintf)
    __2sprintf                               0x08002961   Thumb Code     0  printfa.o(i.__0sprintf)
    __c89sprintf                             0x08002961   Thumb Code     0  printfa.o(i.__0sprintf)
    sprintf                                  0x08002961   Thumb Code     0  printfa.o(i.__0sprintf)
    __0vsprintf                              0x08002989   Thumb Code    30  printfa.o(i.__0vsprintf)
    __1vsprintf                              0x08002989   Thumb Code     0  printfa.o(i.__0vsprintf)
    __2vsprintf                              0x08002989   Thumb Code     0  printfa.o(i.__0vsprintf)
    __c89vsprintf                            0x08002989   Thumb Code     0  printfa.o(i.__0vsprintf)
    vsprintf                                 0x08002989   Thumb Code     0  printfa.o(i.__0vsprintf)
    __scatterload_copy                       0x080029ad   Thumb Code    14  handlers.o(i.__scatterload_copy)
    __scatterload_null                       0x080029bb   Thumb Code     2  handlers.o(i.__scatterload_null)
    __scatterload_zeroinit                   0x080029bd   Thumb Code    14  handlers.o(i.__scatterload_zeroinit)
    io_init_delay                            0x08003269   Thumb Code    16  bsp.o(i.io_init_delay)
    main                                     0x08003279   Thumb Code    50  main.o(i.main)
    menu_cls                                 0x080032c1   Thumb Code    32  ui.o(i.menu_cls)
    print_message                            0x080032ed   Thumb Code    58  ui.o(i.print_message)
    prvCoreTask                              0x08003551   Thumb Code   108  main.o(i.prvCoreTask)
    prvOSStatInit                            0x08003869   Thumb Code   116  main.o(i.prvOSStatInit)
    prvSetupHardware                         0x08003aed   Thumb Code   150  main.o(i.prvSetupHardware)
    prvStatusTask                            0x08003bb1   Thumb Code   108  main.o(i.prvStatusTask)
    prvUITask                                0x08003cf9   Thumb Code   148  ui.o(i.prvUITask)
    pvPortMalloc                             0x08003e55   Thumb Code   264  heap_4.o(i.pvPortMalloc)
    pvTaskIncrementMutexHeldCount            0x08003f71   Thumb Code    26  tasks.o(i.pvTaskIncrementMutexHeldCount)
    pxPortInitialiseStack                    0x08003f91   Thumb Code    26  port.o(i.pxPortInitialiseStack)
    uxListRemove                             0x08003fb1   Thumb Code    40  list.o(i.uxListRemove)
    vApplicationIdleHook                     0x08003fd9   Thumb Code    22  cpustate.o(i.vApplicationIdleHook)
    vApplicationMallocFailedHook             0x08003ff5   Thumb Code    88  main.o(i.vApplicationMallocFailedHook)
    vApplicationStackOverflowHook            0x08004059   Thumb Code   128  main.o(i.vApplicationStackOverflowHook)
    vApplicationTickHook                     0x080040e5   Thumb Code     2  main.o(i.vApplicationTickHook)
    vListInitialise                          0x080040e7   Thumb Code    26  list.o(i.vListInitialise)
    vListInitialiseItem                      0x08004101   Thumb Code     6  list.o(i.vListInitialiseItem)
    vListInsert                              0x08004107   Thumb Code    52  list.o(i.vListInsert)
    vListInsertEnd                           0x0800413b   Thumb Code    24  list.o(i.vListInsertEnd)
    vPortEnterCritical                       0x08004155   Thumb Code    58  port.o(i.vPortEnterCritical)
    vPortExitCritical                        0x08004199   Thumb Code    40  port.o(i.vPortExitCritical)
    vPortFree                                0x080041c5   Thumb Code   112  heap_4.o(i.vPortFree)
    vPortSetupTimerInterrupt                 0x0800423d   Thumb Code    26  port.o(i.vPortSetupTimerInterrupt)
    vPortValidateInterruptPriority           0x0800425d   Thumb Code    78  port.o(i.vPortValidateInterruptPriority)
    vPortYield                               0x080042b9   Thumb Code    18  port.o(i.vPortYield)
    vQueueAddToRegistry                      0x080042d1   Thumb Code    38  queue.o(i.vQueueAddToRegistry)
    vQueueWaitForMessageRestricted           0x080042fd   Thumb Code    58  queue.o(i.vQueueWaitForMessageRestricted)
    vTaskDelay                               0x08004339   Thumb Code    94  tasks.o(i.vTaskDelay)
    vTaskDelayUntil                          0x080043a9   Thumb Code   176  tasks.o(i.vTaskDelayUntil)
    vTaskDelete                              0x08004469   Thumb Code   160  tasks.o(i.vTaskDelete)
    vTaskMissedYield                         0x08004529   Thumb Code     8  tasks.o(i.vTaskMissedYield)
    vTaskPlaceOnEventList                    0x08004535   Thumb Code    94  tasks.o(i.vTaskPlaceOnEventList)
    vTaskPlaceOnEventListRestricted          0x080045a5   Thumb Code    76  tasks.o(i.vTaskPlaceOnEventListRestricted)
    vTaskPriorityInherit                     0x080045fd   Thumb Code   164  tasks.o(i.vTaskPriorityInherit)
    vTaskSetTimeOutState                     0x080046ad   Thumb Code    28  tasks.o(i.vTaskSetTimeOutState)
    vTaskStartScheduler                      0x080046d1   Thumb Code    74  tasks.o(i.vTaskStartScheduler)
    vTaskSuspendAll                          0x08004731   Thumb Code    12  tasks.o(i.vTaskSuspendAll)
    vTaskSwitchContext                       0x08004741   Thumb Code   162  tasks.o(i.vTaskSwitchContext)
    xPortGetFreeHeapSize                     0x080047fd   Thumb Code     6  heap_4.o(i.xPortGetFreeHeapSize)
    xPortStartScheduler                      0x08004809   Thumb Code   140  port.o(i.xPortStartScheduler)
    xQueueGenericCreate                      0x080048a9   Thumb Code   108  queue.o(i.xQueueGenericCreate)
    xQueueGenericReceive                     0x08004915   Thumb Code   346  queue.o(i.xQueueGenericReceive)
    xQueueGenericReset                       0x08004a6f   Thumb Code   120  queue.o(i.xQueueGenericReset)
    xQueueGenericSend                        0x08004ae7   Thumb Code   322  queue.o(i.xQueueGenericSend)
    xQueueGenericSendFromISR                 0x08004c29   Thumb Code   172  queue.o(i.xQueueGenericSendFromISR)
    xTaskCheckForTimeOut                     0x08004cd5   Thumb Code   108  tasks.o(i.xTaskCheckForTimeOut)
    xTaskGenericCreate                       0x08004d49   Thumb Code   282  tasks.o(i.xTaskGenericCreate)
    xTaskGetSchedulerState                   0x08004e7d   Thumb Code    24  tasks.o(i.xTaskGetSchedulerState)
    xTaskGetTickCount                        0x08004e9d   Thumb Code     6  tasks.o(i.xTaskGetTickCount)
    xTaskIncrementTick                       0x08004ea9   Thumb Code   286  tasks.o(i.xTaskIncrementTick)
    xTaskPriorityDisinherit                  0x08004ff5   Thumb Code   136  tasks.o(i.xTaskPriorityDisinherit)
    xTaskRemoveFromEventList                 0x08005085   Thumb Code   114  tasks.o(i.xTaskRemoveFromEventList)
    xTaskResumeAll                           0x08005111   Thumb Code   200  tasks.o(i.xTaskResumeAll)
    xTimerCreateTimerTask                    0x080051f9   Thumb Code    56  timers.o(i.xTimerCreateTimerTask)
    xTimerGenericCommand                     0x08005241   Thumb Code   102  timers.o(i.xTimerGenericCommand)
    SetupHardwareInit                        0x080052ac   Data         112  main.o(.constdata)
    BootingDisTemp                           0x0800531c   Data          17  ui.o(.constdata)
    LogoBmp128x64                            0x0800532d   Data        1024  ui.o(.constdata)
    ConnectQuest                             0x08005730   Data          16  data.o(.constdata)
    ResetCommand                             0x08005740   Data          16  data.o(.constdata)
    SaveCommand                              0x08005750   Data          16  data.o(.constdata)
    OledStruct                               0x08005760   Data          32  oled.o(.constdata)
    F6x8                                     0x08005780   Data         552  oled.o(.constdata)
    F14x16_Idx                               0x080059a8   Data          13  oled.o(.constdata)
    F14x16                                   0x080059b5   Data         224  oled.o(.constdata)
    F8X16                                    0x08005a95   Data        1520  oled.o(.constdata)
    ReservedStruct                           0x08006088   Data          96  bsp.o(.constdata)
    CoreLedStruct                            0x080060e8   Data          24  bsp.o(.constdata)
    Region$$Table$$Base                      0x08006234   Number         0  anon$$obj.o(Region$$Table)
    Region$$Table$$Limit                     0x08006254   Number         0  anon$$obj.o(Region$$Table)
    CoreTaskCounter                          0x20000000   Data           4  main.o(.data)
    t                                        0x20000004   Data           4  main.o(.data)
    StatusCounter                            0x20000008   Data           4  main.o(.data)
    OSIdleCtr                                0x2000000c   Data           4  cpustate.o(.data)
    OSIdleCtrMax                             0x20000010   Data           4  cpustate.o(.data)
    OSIdleCtrRun                             0x20000014   Data           4  cpustate.o(.data)
    OSCPUUsage                               0x20000018   Data           4  cpustate.o(.data)
    FreeHeapSpace                            0x2000001c   Data           4  cpustate.o(.data)
    FreeHeapSpaceKB                          0x20000020   Data           4  cpustate.o(.data)
    KeyUpCounter                             0x20000024   Data           4  ui.o(.data)
    KeyDownCounter                           0x20000028   Data           4  ui.o(.data)
    KeyLeftCounter                           0x2000002c   Data           4  ui.o(.data)
    KeyRightCounter                          0x20000030   Data           4  ui.o(.data)
    MenuProg                                 0x20000034   Data          24  ui.o(.data)
    MenuStatus                               0x2000004c   Data           1  ui.o(.data)
    CurrentMenu                              0x20000050   Data           4  ui.o(.data)
    Menu                                     0x20000054   Data         368  ui.o(.data)
    UI_Counter                               0x200001c4   Data           4  ui.o(.data)
    Message_Queue_Head                       0x200001c8   Data           4  ui.o(.data)
    Message_Queue_Tail                       0x200001cc   Data           4  ui.o(.data)
    CanID                                    0x200001d4   Data          16  data.o(.data)
    MotorDirect                              0x200001e4   Data          16  data.o(.data)
    EncoderDirect                            0x200001f4   Data          16  data.o(.data)
    SetSpeed                                 0x20000204   Data          16  data.o(.data)
    Over_Current_Value                       0x20000214   Data          16  data.o(.data)
    Extreme_Current_Value                    0x20000224   Data          16  data.o(.data)
    Recovery_Current_Value                   0x20000234   Data          16  data.o(.data)
    Current                                  0x20000244   Data          16  data.o(.data)
    CanStatusFlag                            0x20000254   Data           1  data.o(.data)
    ErrorStatusFlag                          0x20000255   Data           1  data.o(.data)
    OverCurrentStatus                        0x20000256   Data           1  data.o(.data)
    CtlMode                                  0x20000258   Data           4  data.o(.data)
    ConnectTimeLast                          0x2000025c   Data           4  data.o(.data)
    ConnectingFlag                           0x20000260   Data           4  data.o(.data)
    StatusText                               0x20000264   Data          48  data.o(.data)
    g_Motor_Yaw                              0x20000294   Data           8  can_driver.o(.data)
    g_Motor_Pitch                            0x2000029c   Data           8  can_driver.o(.data)
    g_iYaw_Speed                             0x200002a4   Data           2  can_driver.o(.data)
    g_iPitch_Speed                           0x200002a6   Data           2  can_driver.o(.data)
    g_iTarget_Yaw                            0x200002a8   Data           4  can_driver.o(.data)
    g_iTarget_Pitch                          0x200002ac   Data           4  can_driver.o(.data)
    g_fUnder_Yaw                             0x200002b0   Data           4  can_driver.o(.data)
    g_fGimbal_EncYaw                         0x200002b4   Data           4  can_driver.o(.data)
    g_fGimbal_EncPitch                       0x200002b8   Data           4  can_driver.o(.data)
    g_fGimbal_Pitch                          0x200002bc   Data           4  can_driver.o(.data)
    g_ucCAN_buffer                           0x200002c0   Data           8  can_driver.o(.data)
    g_iShoot_Flag                            0x200002c8   Data           4  can_driver.o(.data)
    g_iAuto_Flag                             0x200002cc   Data           4  can_driver.o(.data)
    g_iUnder_SpeedRF                         0x200002d0   Data           4  can_driver.o(.data)
    g_iUnder_SpeedRB                         0x200002d4   Data           4  can_driver.o(.data)
    g_iUnder_SpeedLF                         0x200002d8   Data           4  can_driver.o(.data)
    g_iUnder_SpeedLB                         0x200002dc   Data           4  can_driver.o(.data)
    mbox_queue                               0x200002e0   Data           3  can_driver.o(.data)
    mbox_index                               0x200002e3   Data           1  can_driver.o(.data)
    SEND_BUF                                 0x200002e4   Data           8  afei_bluetooth.o(.data)
    Send_num                                 0x200002ec   Data           4  afei_bluetooth.o(.data)
    pxCurrentTCB                             0x200002f0   Data           4  tasks.o(.data)
    SystemCoreClock                          0x20000370   Data           4  system_stm32f10x.o(.data)
    AHBPrescTable                            0x20000374   Data          16  system_stm32f10x.o(.data)
    USART                                    0x20000684   Data          32  stm32f4xx_it.o(.bss)
    xQueueRegistry                           0x200007a4   Data          64  queue.o(.bss)
    __initial_sp                             0x20004d10   Data           0  startup_stm32f10x_md.o(STACK)



==============================================================================

Memory Map of the image

  Image Entry point : 0x080000ed

  Load Region LR_IROM1 (Base: 0x08000000, Size: 0x000065d8, Max: 0x00020000, ABSOLUTE, COMPRESSED[0x00006350])

    Execution Region ER_IROM1 (Base: 0x08000000, Size: 0x00006254, Max: 0x00020000, ABSOLUTE)

    Base Addr    Size         Type   Attr      Idx    E Section Name        Object

    0x08000000   0x000000ec   Data   RO         2722    RESET               startup_stm32f10x_md.o
    0x080000ec   0x00000000   Code   RO         2773  * .ARM.Collect$$$$00000000  mc_w.l(entry.o)
    0x080000ec   0x00000004   Code   RO         3067    .ARM.Collect$$$$00000001  mc_w.l(entry2.o)
    0x080000f0   0x00000004   Code   RO         3070    .ARM.Collect$$$$00000004  mc_w.l(entry5.o)
    0x080000f4   0x00000000   Code   RO         3072    .ARM.Collect$$$$00000008  mc_w.l(entry7b.o)
    0x080000f4   0x00000000   Code   RO         3074    .ARM.Collect$$$$0000000A  mc_w.l(entry8b.o)
    0x080000f4   0x00000008   Code   RO         3075    .ARM.Collect$$$$0000000B  mc_w.l(entry9a.o)
    0x080000fc   0x00000000   Code   RO         3077    .ARM.Collect$$$$0000000D  mc_w.l(entry10a.o)
    0x080000fc   0x00000000   Code   RO         3079    .ARM.Collect$$$$0000000F  mc_w.l(entry11a.o)
    0x080000fc   0x00000004   Code   RO         3068    .ARM.Collect$$$$00002712  mc_w.l(entry2.o)
    0x08000100   0x000000a2   Code   RO         1640    .emb_text           port.o
    0x080001a2   0x00000002   PAD
    0x080001a4   0x00000024   Code   RO         2723    .text               startup_stm32f10x_md.o
    0x080001c8   0x00000024   Code   RO         2776    .text               mc_w.l(memcpya.o)
    0x080001ec   0x00000024   Code   RO         2778    .text               mc_w.l(memseta.o)
    0x08000210   0x0000000e   Code   RO         2780    .text               mc_w.l(strlen.o)
    0x0800021e   0x0000001a   Code   RO         2782    .text               mc_w.l(memcmp.o)
    0x08000238   0x000000b0   Code   RO         3047    .text               mf_w.l(fadd.o)
    0x080002e8   0x0000007c   Code   RO         3049    .text               mf_w.l(fdiv.o)
    0x08000364   0x0000014e   Code   RO         3051    .text               mf_w.l(dadd.o)
    0x080004b2   0x00000012   Code   RO         3053    .text               mf_w.l(fflti.o)
    0x080004c4   0x0000000a   Code   RO         3055    .text               mf_w.l(ffltui.o)
    0x080004ce   0x00000032   Code   RO         3057    .text               mf_w.l(ffixi.o)
    0x08000500   0x00000026   Code   RO         3059    .text               mf_w.l(f2d.o)
    0x08000526   0x00000038   Code   RO         3061    .text               mf_w.l(d2f.o)
    0x0800055e   0x00000002   PAD
    0x08000560   0x00000014   Code   RO         3063    .text               mf_w.l(cfcmple.o)
    0x08000574   0x00000014   Code   RO         3065    .text               mf_w.l(cfrcmple.o)
    0x08000588   0x0000002c   Code   RO         3084    .text               mc_w.l(uidiv.o)
    0x080005b4   0x00000062   Code   RO         3086    .text               mc_w.l(uldiv.o)
    0x08000616   0x0000001e   Code   RO         3088    .text               mc_w.l(llshl.o)
    0x08000634   0x00000024   Code   RO         3090    .text               mc_w.l(llsshr.o)
    0x08000658   0x00000000   Code   RO         3092    .text               mc_w.l(iusefp.o)
    0x08000658   0x0000006e   Code   RO         3093    .text               mf_w.l(fepilogue.o)
    0x080006c6   0x000000ba   Code   RO         3095    .text               mf_w.l(depilogue.o)
    0x08000780   0x000000e4   Code   RO         3097    .text               mf_w.l(dmul.o)
    0x08000864   0x000000de   Code   RO         3099    .text               mf_w.l(ddiv.o)
    0x08000942   0x00000030   Code   RO         3101    .text               mf_w.l(dfixul.o)
    0x08000972   0x00000002   PAD
    0x08000974   0x00000030   Code   RO         3103    .text               mf_w.l(cdrcmple.o)
    0x080009a4   0x00000024   Code   RO         3105    .text               mc_w.l(init.o)
    0x080009c8   0x00000020   Code   RO         3108    .text               mc_w.l(llushr.o)
    0x080009e8   0x00000056   Code   RO         3119    .text               mc_w.l(__dczerorl2.o)
    0x08000a3e   0x00000002   PAD
    0x08000a40   0x00000064   Code   RO          330    i.AddMessage        ui.o
    0x08000aa4   0x000000c8   Code   RO          753    i.BlueToothInit     afei_bluetooth.o
    0x08000b6c   0x00000120   Code   RO         1782    i.CAN_GetITStatus   stm32f10x_can.o
    0x08000c8c   0x000000f0   Code   RO         1790    i.CAN_Receive       stm32f10x_can.o
    0x08000d7c   0x00000012   Code   RO         1798    i.CheckITStatus     stm32f10x_can.o
    0x08000d8e   0x00000010   Code   RO          215    i.ClkFreq           cpustate.o
    0x08000d9e   0x00000002   PAD
    0x08000da0   0x0000009c   Code   RO          803    i.CoreLed           bsp.o
    0x08000e3c   0x00000050   Code   RO          804    i.CoreLedInit       bsp.o
    0x08000e8c   0x00000076   Code   RO          611    i.Draw_BMP          oled.o
    0x08000f02   0x00000116   Code   RO         2199    i.GPIO_Init         stm32f10x_gpio.o
    0x08001018   0x00000090   Code   RO         2201    i.GPIO_PinRemapConfig  stm32f10x_gpio.o
    0x080010a8   0x00000034   Code   RO            4    i.HardFault_Handler  main.o
    0x080010dc   0x00000002   Code   RO          331    i.KeyInit           ui.o
    0x080010de   0x00000002   PAD
    0x080010e0   0x00000064   Code   RO          332    i.KeyScan           ui.o
    0x08001144   0x000002b4   Code   RO          333    i.MenuDisplay       ui.o
    0x080013f8   0x00000040   Code   RO          334    i.MenuInit          ui.o
    0x08001438   0x00000338   Code   RO          335    i.MenuOperationScan  ui.o
    0x08001770   0x000000b4   Code   RO          806    i.MyGPIOInit        bsp.o
    0x08001824   0x00000070   Code   RO         1726    i.NVIC_Init         misc.o
    0x08001894   0x00000014   Code   RO         1727    i.NVIC_PriorityGroupConfig  misc.o
    0x080018a8   0x0000004c   Code   RO          336    i.NextLevelMenu     ui.o
    0x080018f4   0x00000038   Code   RO          337    i.NextLevelProg     ui.o
    0x0800192c   0x000000d4   Code   RO          612    i.OLED_Boot         oled.o
    0x08001a00   0x00000038   Code   RO          613    i.OLED_CLS          oled.o
    0x08001a38   0x0000001c   Code   RO          614    i.OLED_DLY_ms       oled.o
    0x08001a54   0x0000003a   Code   RO          615    i.OLED_Fill         oled.o
    0x08001a8e   0x00000002   PAD
    0x08001a90   0x0000005c   Code   RO          616    i.OLED_Init         oled.o
    0x08001aec   0x00000154   Code   RO          617    i.OLED_P14x16Str    oled.o
    0x08001c40   0x00000088   Code   RO          618    i.OLED_P6x8Str      oled.o
    0x08001cc8   0x0000006c   Code   RO          620    i.OLED_Print        oled.o
    0x08001d34   0x00000028   Code   RO          623    i.OLED_Set_Pos      oled.o
    0x08001d5c   0x0000005c   Code   RO          624    i.OLED_WrCmd        oled.o
    0x08001db8   0x0000005c   Code   RO          625    i.OLED_WrDat        oled.o
    0x08001e14   0x000000bc   Code   RO          216    i.OS_TaskStat       cpustate.o
    0x08001ed0   0x00000018   Code   RO          338    i.ProgReset         ui.o
    0x08001ee8   0x00000018   Code   RO          339    i.ProgSave          ui.o
    0x08001f00   0x00000002   Code   RO          340    i.ProgStatus        ui.o
    0x08001f02   0x00000002   PAD
    0x08001f04   0x00000020   Code   RO         2321    i.RCC_APB1PeriphClockCmd  stm32f10x_rcc.o
    0x08001f24   0x00000020   Code   RO         2323    i.RCC_APB2PeriphClockCmd  stm32f10x_rcc.o
    0x08001f44   0x000000d4   Code   RO         2331    i.RCC_GetClocksFreq  stm32f10x_rcc.o
    0x08002018   0x0000001c   Code   RO          807    i.ReadReservedIO    bsp.o
    0x08002034   0x00000030   Code   RO          808    i.ReservedIOInit    bsp.o
    0x08002064   0x00000038   Code   RO          754    i.Send_Array        afei_bluetooth.o
    0x0800209c   0x0000002c   Code   RO          755    i.Send_Data         afei_bluetooth.o
    0x080020c8   0x00000008   Code   RO         2730    i.SetSysClock       system_stm32f10x.o
    0x080020d0   0x000000e0   Code   RO         2731    i.SetSysClockTo72   system_stm32f10x.o
    0x080021b0   0x000000a8   Code   RO          341    i.SetupDD           ui.o
    0x08002258   0x00000074   Code   RO          627    i.Standard_Printf   oled.o
    0x080022cc   0x0000005c   Code   RO          217    i.StartupInfo       cpustate.o
    0x08002328   0x00000020   Code   RO         1641    i.SysTick_Handler   port.o
    0x08002348   0x00000060   Code   RO         2733    i.SystemInit        system_stm32f10x.o
    0x080023a8   0x0000002c   Code   RO          342    i.UIInit            ui.o
    0x080023d4   0x00000150   Code   RO          472    i.USART2_IRQHandler  stm32f4xx_it.o
    0x08002524   0x00000012   Code   RO         2531    i.USART_ClearFlag   stm32f10x_usart.o
    0x08002536   0x00000018   Code   RO         2535    i.USART_Cmd         stm32f10x_usart.o
    0x0800254e   0x0000001a   Code   RO         2538    i.USART_GetFlagStatus  stm32f10x_usart.o
    0x08002568   0x0000004a   Code   RO         2541    i.USART_ITConfig    stm32f10x_usart.o
    0x080025b2   0x00000002   PAD
    0x080025b4   0x000000d8   Code   RO         2542    i.USART_Init        stm32f10x_usart.o
    0x0800268c   0x0000000a   Code   RO         2549    i.USART_ReceiveData  stm32f10x_usart.o
    0x08002696   0x00000008   Code   RO         2552    i.USART_SendData    stm32f10x_usart.o
    0x0800269e   0x00000002   PAD
    0x080026a0   0x00000260   Code   RO          473    i.USB_LP_CAN1_RX0_IRQHandler  stm32f4xx_it.o
    0x08002900   0x0000005e   Code   RO          343    i.ValueArrangeLimit  ui.o
    0x0800295e   0x00000002   PAD
    0x08002960   0x00000028   Code   RO         3021    i.__0sprintf        mc_w.l(printfa.o)
    0x08002988   0x00000024   Code   RO         3025    i.__0vsprintf       mc_w.l(printfa.o)
    0x080029ac   0x0000000e   Code   RO         3113    i.__scatterload_copy  mc_w.l(handlers.o)
    0x080029ba   0x00000002   Code   RO         3114    i.__scatterload_null  mc_w.l(handlers.o)
    0x080029bc   0x0000000e   Code   RO         3115    i.__scatterload_zeroinit  mc_w.l(handlers.o)
    0x080029ca   0x00000002   PAD
    0x080029cc   0x00000164   Code   RO         3026    i._fp_digits        mc_w.l(printfa.o)
    0x08002b30   0x000006dc   Code   RO         3027    i._printf_core      mc_w.l(printfa.o)
    0x0800320c   0x00000024   Code   RO         3028    i._printf_post_padding  mc_w.l(printfa.o)
    0x08003230   0x0000002e   Code   RO         3029    i._printf_pre_padding  mc_w.l(printfa.o)
    0x0800325e   0x0000000a   Code   RO         3031    i._sputc            mc_w.l(printfa.o)
    0x08003268   0x00000010   Code   RO          809    i.io_init_delay     bsp.o
    0x08003278   0x00000048   Code   RO            5    i.main              main.o
    0x080032c0   0x0000002c   Code   RO          344    i.menu_cls          ui.o
    0x080032ec   0x00000048   Code   RO          345    i.print_message     ui.o
    0x08003334   0x00000054   Code   RO         1181    i.prvAddCurrentTaskToDelayedList  tasks.o
    0x08003388   0x00000042   Code   RO         1182    i.prvAllocateTCBAndStack  tasks.o
    0x080033ca   0x00000002   PAD
    0x080033cc   0x00000074   Code   RO         1478    i.prvCheckForValidListAndQueue  timers.o
    0x08003440   0x00000064   Code   RO         1183    i.prvCheckTasksWaitingTermination  tasks.o
    0x080034a4   0x0000002a   Code   RO         1006    i.prvCopyDataFromQueue  queue.o
    0x080034ce   0x00000080   Code   RO         1007    i.prvCopyDataToQueue  queue.o
    0x0800354e   0x00000002   PAD
    0x08003550   0x00000080   Code   RO            6    i.prvCoreTask       main.o
    0x080035d0   0x00000012   Code   RO         1184    i.prvDeleteTCB      tasks.o
    0x080035e2   0x00000002   PAD
    0x080035e4   0x00000028   Code   RO         1479    i.prvGetNextExpireTime  timers.o
    0x0800360c   0x0000007c   Code   RO         1579    i.prvHeapInit       heap_4.o
    0x08003688   0x0000001c   Code   RO         1185    i.prvIdleTask       tasks.o
    0x080036a4   0x00000062   Code   RO         1186    i.prvInitialiseTCBVariables  tasks.o
    0x08003706   0x00000002   PAD
    0x08003708   0x00000068   Code   RO         1187    i.prvInitialiseTaskLists  tasks.o
    0x08003770   0x00000068   Code   RO         1580    i.prvInsertBlockIntoFreeList  heap_4.o
    0x080037d8   0x00000058   Code   RO         1480    i.prvInsertTimerInActiveList  timers.o
    0x08003830   0x0000001a   Code   RO         1008    i.prvIsQueueEmpty   queue.o
    0x0800384a   0x0000001e   Code   RO         1009    i.prvIsQueueFull    queue.o
    0x08003868   0x000000a4   Code   RO            7    i.prvOSStatInit     main.o
    0x0800390c   0x00000058   Code   RO         1481    i.prvProcessExpiredTimer  timers.o
    0x08003964   0x000000dc   Code   RO         1482    i.prvProcessReceivedCommands  timers.o
    0x08003a40   0x0000004c   Code   RO         1483    i.prvProcessTimerOrBlockTask  timers.o
    0x08003a8c   0x00000034   Code   RO         1188    i.prvResetNextTaskUnblockTime  tasks.o
    0x08003ac0   0x0000002c   Code   RO         1484    i.prvSampleTimeNow  timers.o
    0x08003aec   0x000000c4   Code   RO            8    i.prvSetupHardware  main.o
    0x08003bb0   0x00000078   Code   RO            9    i.prvStatusTask     main.o
    0x08003c28   0x00000090   Code   RO         1485    i.prvSwitchTimerLists  timers.o
    0x08003cb8   0x00000024   Code   RO         1642    i.prvTaskExitError  port.o
    0x08003cdc   0x0000001a   Code   RO         1486    i.prvTimerTask      timers.o
    0x08003cf6   0x00000002   PAD
    0x08003cf8   0x000000dc   Code   RO          346    i.prvUITask         ui.o
    0x08003dd4   0x0000007e   Code   RO         1010    i.prvUnlockQueue    queue.o
    0x08003e52   0x00000002   PAD
    0x08003e54   0x0000011c   Code   RO         1581    i.pvPortMalloc      heap_4.o
    0x08003f70   0x00000020   Code   RO         1190    i.pvTaskIncrementMutexHeldCount  tasks.o
    0x08003f90   0x00000020   Code   RO         1643    i.pxPortInitialiseStack  port.o
    0x08003fb0   0x00000028   Code   RO          958    i.uxListRemove      list.o
    0x08003fd8   0x0000001c   Code   RO          218    i.vApplicationIdleHook  cpustate.o
    0x08003ff4   0x00000064   Code   RO           10    i.vApplicationMallocFailedHook  main.o
    0x08004058   0x0000008c   Code   RO           11    i.vApplicationStackOverflowHook  main.o
    0x080040e4   0x00000002   Code   RO           12    i.vApplicationTickHook  main.o
    0x080040e6   0x0000001a   Code   RO          959    i.vListInitialise   list.o
    0x08004100   0x00000006   Code   RO          960    i.vListInitialiseItem  list.o
    0x08004106   0x00000034   Code   RO          961    i.vListInsert       list.o
    0x0800413a   0x00000018   Code   RO          962    i.vListInsertEnd    list.o
    0x08004152   0x00000002   PAD
    0x08004154   0x00000044   Code   RO         1645    i.vPortEnterCritical  port.o
    0x08004198   0x0000002c   Code   RO         1646    i.vPortExitCritical  port.o
    0x080041c4   0x00000078   Code   RO         1582    i.vPortFree         heap_4.o
    0x0800423c   0x00000020   Code   RO         1647    i.vPortSetupTimerInterrupt  port.o
    0x0800425c   0x0000005c   Code   RO         1648    i.vPortValidateInterruptPriority  port.o
    0x080042b8   0x00000018   Code   RO         1649    i.vPortYield        port.o
    0x080042d0   0x0000002c   Code   RO         1014    i.vQueueAddToRegistry  queue.o
    0x080042fc   0x0000003a   Code   RO         1017    i.vQueueWaitForMessageRestricted  queue.o
    0x08004336   0x00000002   PAD
    0x08004338   0x00000070   Code   RO         1196    i.vTaskDelay        tasks.o
    0x080043a8   0x000000c0   Code   RO         1197    i.vTaskDelayUntil   tasks.o
    0x08004468   0x000000c0   Code   RO         1198    i.vTaskDelete       tasks.o
    0x08004528   0x0000000c   Code   RO         1200    i.vTaskMissedYield  tasks.o
    0x08004534   0x00000070   Code   RO         1202    i.vTaskPlaceOnEventList  tasks.o
    0x080045a4   0x00000058   Code   RO         1203    i.vTaskPlaceOnEventListRestricted  tasks.o
    0x080045fc   0x000000b0   Code   RO         1205    i.vTaskPriorityInherit  tasks.o
    0x080046ac   0x00000024   Code   RO         1208    i.vTaskSetTimeOutState  tasks.o
    0x080046d0   0x00000060   Code   RO         1209    i.vTaskStartScheduler  tasks.o
    0x08004730   0x00000010   Code   RO         1211    i.vTaskSuspendAll   tasks.o
    0x08004740   0x000000bc   Code   RO         1212    i.vTaskSwitchContext  tasks.o
    0x080047fc   0x0000000c   Code   RO         1584    i.xPortGetFreeHeapSize  heap_4.o
    0x08004808   0x000000a0   Code   RO         1650    i.xPortStartScheduler  port.o
    0x080048a8   0x0000006c   Code   RO         1020    i.xQueueGenericCreate  queue.o
    0x08004914   0x0000015a   Code   RO         1021    i.xQueueGenericReceive  queue.o
    0x08004a6e   0x00000078   Code   RO         1022    i.xQueueGenericReset  queue.o
    0x08004ae6   0x00000142   Code   RO         1023    i.xQueueGenericSend  queue.o
    0x08004c28   0x000000ac   Code   RO         1024    i.xQueueGenericSendFromISR  queue.o
    0x08004cd4   0x00000074   Code   RO         1213    i.xTaskCheckForTimeOut  tasks.o
    0x08004d48   0x00000134   Code   RO         1214    i.xTaskGenericCreate  tasks.o
    0x08004e7c   0x00000020   Code   RO         1216    i.xTaskGetSchedulerState  tasks.o
    0x08004e9c   0x0000000c   Code   RO         1217    i.xTaskGetTickCount  tasks.o
    0x08004ea8   0x0000014c   Code   RO         1219    i.xTaskIncrementTick  tasks.o
    0x08004ff4   0x00000090   Code   RO         1223    i.xTaskPriorityDisinherit  tasks.o
    0x08005084   0x0000008c   Code   RO         1224    i.xTaskRemoveFromEventList  tasks.o
    0x08005110   0x000000e8   Code   RO         1226    i.xTaskResumeAll    tasks.o
    0x080051f8   0x00000048   Code   RO         1489    i.xTimerCreateTimerTask  timers.o
    0x08005240   0x0000006c   Code   RO         1490    i.xTimerGenericCommand  timers.o
    0x080052ac   0x00000070   Data   RO           14    .constdata          main.o
    0x0800531c   0x00000411   Data   RO          348    .constdata          ui.o
    0x0800572d   0x00000003   PAD
    0x08005730   0x00000030   Data   RO          506    .constdata          data.o
    0x08005760   0x00000925   Data   RO          629    .constdata          oled.o
    0x08006085   0x00000003   PAD
    0x08006088   0x00000078   Data   RO          810    .constdata          bsp.o
    0x08006100   0x00000014   Data   RO         1229    .constdata          tasks.o
    0x08006114   0x0000011d   Data   RO          349    .conststring        ui.o
    0x08006231   0x00000003   PAD
    0x08006234   0x00000020   Data   RO         3111    Region$$Table       anon$$obj.o


    Execution Region RW_IRAM1 (Base: 0x20000000, Size: 0x00004d10, Max: 0x00005000, ABSOLUTE, COMPRESSED[0x000000fc])

    Base Addr    Size         Type   Attr      Idx    E Section Name        Object

    0x20000000   0x0000000c   Data   RW           15    .data               main.o
    0x2000000c   0x00000018   Data   RW          219    .data               cpustate.o
    0x20000024   0x000001ac   Data   RW          350    .data               ui.o
    0x200001d0   0x00000001   Data   RW          475    .data               stm32f4xx_it.o
    0x200001d1   0x00000003   PAD
    0x200001d4   0x000000c0   Data   RW          507    .data               data.o
    0x20000294   0x00000050   Data   RW          543    .data               can_driver.o
    0x200002e4   0x0000000c   Data   RW          756    .data               afei_bluetooth.o
    0x200002f0   0x00000038   Data   RW         1230    .data               tasks.o
    0x20000328   0x00000010   Data   RW         1493    .data               timers.o
    0x20000338   0x00000018   Data   RW         1587    .data               heap_4.o
    0x20000350   0x0000000c   Data   RW         1651    .data               port.o
    0x2000035c   0x00000014   Data   RW         2351    .data               stm32f10x_rcc.o
    0x20000370   0x00000014   Data   RW         2734    .data               system_stm32f10x.o
    0x20000384   0x00000300   Zero   RW          347    .bss                ui.o
    0x20000684   0x00000020   Zero   RW          474    .bss                stm32f4xx_it.o
    0x200006a4   0x00000100   Zero   RW          628    .bss                oled.o
    0x200007a4   0x00000040   Zero   RW         1032    .bss                queue.o
    0x200007e4   0x00000104   Zero   RW         1228    .bss                tasks.o
    0x200008e8   0x00000028   Zero   RW         1492    .bss                timers.o
    0x20000910   0x00004000   Zero   RW         1586    .bss                heap_4.o
    0x20004910   0x00000400   Zero   RW         2720    STACK               startup_stm32f10x_md.o


==============================================================================

Image component sizes


      Code (inc. data)   RO Data    RW Data    ZI Data      Debug   Object Name

       300         16          0         12          0       2553   afei_bluetooth.o
       508         26        120          0          0       5822   bsp.o
         0          0          0         80          0       2487   can_driver.o
       324         62          0         24          0       4468   cpustate.o
         0          0         48        192          0       3839   data.o
         0          0          0          0          0       1516   event_groups.o
       644         68          0         24      16384       4618   heap_4.o
       148          0          0          0          0       3266   list.o
       974        176        112         12          0     284445   main.o
       132         22          0          0          0       1843   misc.o
      1488         38       2341          0        256      11050   oled.o
       682         86          0         12          0       8218   port.o
      1522          6          0          0         64      11045   queue.o
        36          8        236          0       1024        844   startup_stm32f10x_md.o
       546          4          0          0          0       3300   stm32f10x_can.o
       422          6          0          0          0       3086   stm32f10x_gpio.o
       276         32          0         20          0       4830   stm32f10x_rcc.o
       376          6          0          0          0       6631   stm32f10x_usart.o
       944        136          0          1         32       1997   stm32f4xx_it.o
       328         28          0         20          0       2445   system_stm32f10x.o
      3118        422         20         56        260      21652   tasks.o
      1022        102          0         16         40       8575   timers.o
      2606        288       1326        428        768      11885   ui.o

    ----------------------------------------------------------------------
     16428       1532       4244        900      18828     410415   Object Totals
         0          0         32          0          0          0   (incl. Generated)
        32          0          9          3          0          0   (incl. Padding)

    ----------------------------------------------------------------------

      Code (inc. data)   RO Data    RW Data    ZI Data      Debug   Library Member Name

        86          0          0          0          0          0   __dczerorl2.o
         0          0          0          0          0          0   entry.o
         0          0          0          0          0          0   entry10a.o
         0          0          0          0          0          0   entry11a.o
         8          4          0          0          0          0   entry2.o
         4          0          0          0          0          0   entry5.o
         0          0          0          0          0          0   entry7b.o
         0          0          0          0          0          0   entry8b.o
         8          4          0          0          0          0   entry9a.o
        30          0          0          0          0          0   handlers.o
        36          8          0          0          0         68   init.o
         0          0          0          0          0          0   iusefp.o
        30          0          0          0          0         68   llshl.o
        36          0          0          0          0         68   llsshr.o
        32          0          0          0          0         68   llushr.o
        26          0          0          0          0         80   memcmp.o
        36          0          0          0          0         68   memcpya.o
        36          0          0          0          0        108   memseta.o
      2280         92          0          0          0        592   printfa.o
        14          0          0          0          0         68   strlen.o
        44          0          0          0          0         80   uidiv.o
        98          0          0          0          0         92   uldiv.o
        48          0          0          0          0         68   cdrcmple.o
        20          0          0          0          0         68   cfcmple.o
        20          0          0          0          0         68   cfrcmple.o
        56          0          0          0          0         88   d2f.o
       334          0          0          0          0        148   dadd.o
       222          0          0          0          0        100   ddiv.o
       186          0          0          0          0        176   depilogue.o
        48          0          0          0          0         68   dfixul.o
       228          0          0          0          0         96   dmul.o
        38          0          0          0          0         68   f2d.o
       176          0          0          0          0        140   fadd.o
       124          0          0          0          0         88   fdiv.o
       110          0          0          0          0        168   fepilogue.o
        50          0          0          0          0         68   ffixi.o
        18          0          0          0          0         68   fflti.o
        10          0          0          0          0         68   ffltui.o

    ----------------------------------------------------------------------
      4500        108          0          0          0       2908   Library Totals
         8          0          0          0          0          0   (incl. Padding)

    ----------------------------------------------------------------------

      Code (inc. data)   RO Data    RW Data    ZI Data      Debug   Library Name

      2804        108          0          0          0       1360   mc_w.l
      1688          0          0          0          0       1548   mf_w.l

    ----------------------------------------------------------------------
      4500        108          0          0          0       2908   Library Totals

    ----------------------------------------------------------------------

==============================================================================


      Code (inc. data)   RO Data    RW Data    ZI Data      Debug   

     20928       1640       4244        900      18828     404663   Grand Totals
     20928       1640       4244        252      18828     404663   ELF Image Totals (compressed)
     20928       1640       4244        252          0          0   ROM Totals

==============================================================================

    Total RO  Size (Code + RO Data)                25172 (  24.58kB)
    Total RW  Size (RW Data + ZI Data)             19728 (  19.27kB)
    Total ROM Size (Code + RO Data + RW Data)      25424 (  24.83kB)

==============================================================================

