<html>
<body>
<pre>
<h1>礦ision Build Log</h1>
<h2>Project:</h2>
G:\编程\RoboMasters_Main_Control_硬件初始化程序\Project\STM32F4.uvproj
Project File Date:  08/04/2015

<h2>Output:</h2>
Build target 'STM32F4'
compiling main.c...
linking...
Program Size: Code=13216 RO-data=424 RW-data=40 ZI-data=1048  
".\Objects\STM32F4.axf" - 0 Error(s), 0 Warning(s).
Load "G:\\编程\\RoboMasters_Main_Control_硬件初始化程序\\Project\\Objects\\STM32F4.axf" 
Set JLink Project File to "G:\编程\RoboMasters_Main_Control_硬件初始化程序\Project\JLinkSettings.ini"
* JLink Info: Device "STM32F405RG" selected (1024 KB flash, 128 KB RAM).
 
JLink info:
------------
DLL: V4.68 , compiled Apr  6 2013 00:10:46
Firmware: J-Link ARM-OB STM32 compiled Aug 22 2012 19:52:04
Hardware: V7.00
S/N : 20090928 
Feature(s) : RDI,FlashDL,FlashBP,JFlash,GDBFull 
 
* JLink Info: Found SWD-DP with ID 0x2BA01477
* JLink Info: Found SWD-DP with ID 0x2BA01477
* JLink Info: TPIU fitted.
* JLink Info: ETM fitted.
* JLink Info: FPUnit: 6 code (BP) slots and 2 literal slots
* JLink Info: Found Cortex-M4 r0p1, Little endian.
ROMTableAddr = 0xE00FF003
 
Target info:
------------
Device: STM32F405RG
VTarget = 3.300V
State of Pins: 
TCK: 0, TDI: 0, TDO: 1, TMS: 0, TRES: 1, TRST: 1
Hardware-Breakpoints: 6
Software-Breakpoints: 8192
Watchpoints:          4
JTAG speed: 2000 kHz
 
Erase Done.
Programming Done.
Verify OK.
Application running ...
compiling can1.c...
"..\Mylib\can1.c" - 0 Error(s), 0 Warning(s).
: 2000 kHz
 
Erase Done.
Programming Done.
Verify OK.
Application running ...
ication running ...
variable "Can_send_flag" was set but never used
        u8 Can_send_flag=1;
..\User\main.c: 1 warning, 0 errors
"..\User\main.c" - 0 Error(s), 1 Warning(s).
fo: TPIU fitted.
* JLink Info: ETM fitted.
* JLink Info: FPUnit: 6 code (BP) slots and 2 literal slots
* JLink Info: Found Cortex-M4 r0p1, Little endian.
ROMTableAddr = 0xE00FF003
 
Target info:
------------
Device: STM32F405RG
VTarget = 3.300V
State of Pins: 
TCK: 0, TDI: 0, TDO: 1, TMS: 0, TRES: 1, TRST: 1
Hardware-Breakpoints: 6
Software-Breakpoints: 8192
Watchpoints:          4
JTAG speed: 2000 kHz
 
Erase Done.
Programming Done.
Verify OK.
Application running ...
compiling can1.c...
"..\Mylib\can1.c" - 0 Error(s), 0 Warning(s).
