Product: MDK-ARM Professional 5.10
Component: ARM Compiler 5.04 update 1 (build 49)
Tool: armlink [5040049]

==============================================================================

Section Cross References

    main.o(.text) refers to stm32f10x_can.o(.text) for CAN_Transmit
    main.o(.text) refers to system.o(.text) for systemInit
    main.o(.text) refers to motor.o(.text) for Motor1_Stop
    main.o(.text) refers to motor.o(.data) for Speed
    stm32f10x_it.o(.text) refers to stm32f10x_it.o(.data) for sysTickUptime
    system.o(.text) refers to stm32f10x_rcc.o(.text) for RCC_GetClocksFreq
    system.o(.text) refers to stm32f10x_flash.o(.text) for FLASH_PrefetchBufferCmd
    system.o(.text) refers to pwm.o(.text) for PWM_Configuration
    system.o(.text) refers to can.o(.text) for CAN_Configuration
    system.o(.text) refers to encoder.o(.text) for Encoder_Configuration
    system.o(.text) refers to ad.o(.text) for ADC_Configuration
    system.o(.text) refers to led.o(.text) for LED_Configuration
    system.o(.text) refers to key.o(.text) for KEY_Configuration
    system.o(.text) refers to usart2.o(.text) for USART2_Configuration
    system.o(.text) refers to motor.o(.text) for Motor_Control
    system.o(.text) refers to system.o(.bss) for SpeedPID
    system.o(.text) refers to system.o(.data) for usTicks
    system.o(.text) refers to stm32f10x_it.o(.data) for sysTickUptime
    system.o(.text) refers to system_stm32f10x.o(.data) for SystemCoreClock
    data_transfer.o(.text) refers to ffix.o(x$fpl$ffix) for __aeabi_f2iz
    data_transfer.o(.text) refers to usart2.o(.text) for Uart2_Put_Buf
    data_transfer.o(.text) refers to motor.o(.data) for Speed
    data_transfer.o(.text) refers to data_transfer.o(.bss) for data_to_send
    data_transfer.o(.text) refers to system.o(.bss) for SpeedPID
    ad.o(.text) refers to stm32f10x_rcc.o(.text) for RCC_AHBPeriphClockCmd
    ad.o(.text) refers to stm32f10x_gpio.o(.text) for GPIO_Init
    ad.o(.text) refers to stm32f10x_dma.o(.text) for DMA_DeInit
    ad.o(.text) refers to stm32f10x_adc.o(.text) for ADC_Init
    ad.o(.text) refers to fflt_clz.o(x$fpl$fflt) for __aeabi_i2f
    ad.o(.text) refers to fdiv.o(x$fpl$fdiv) for __aeabi_fdiv
    ad.o(.text) refers to f2d.o(x$fpl$f2d) for __aeabi_f2d
    ad.o(.text) refers to dmul.o(x$fpl$dmul) for __aeabi_dmul
    ad.o(.text) refers to ddiv.o(x$fpl$ddiv) for __aeabi_ddiv
    ad.o(.text) refers to d2f.o(x$fpl$d2f) for __aeabi_d2f
    ad.o(.text) refers to frleqf.o(x$fpl$frleqf) for __aeabi_cfrcmple
    ad.o(.text) refers to ad.o(.bss) for ADC_ConvertedValue
    ad.o(.text) refers to ad.o(.data) for Current
    ad.o(.text) refers to motor.o(.data) for Motor1Stop
    can.o(.text) refers to stm32f10x_rcc.o(.text) for RCC_APB1PeriphClockCmd
    can.o(.text) refers to stm32f10x_gpio.o(.text) for GPIO_PinRemapConfig
    can.o(.text) refers to misc.o(.text) for NVIC_Init
    can.o(.text) refers to stm32f10x_can.o(.text) for CAN_DeInit
    can.o(.text) refers to can.o(.bss) for RxMessage
    can.o(.text) refers to motor.o(.data) for Speed
    encoder.o(.text) refers to stm32f10x_rcc.o(.text) for RCC_APB2PeriphClockCmd
    encoder.o(.text) refers to stm32f10x_gpio.o(.text) for GPIO_PinRemapConfig
    encoder.o(.text) refers to stm32f10x_tim.o(.text) for TIM_EncoderInterfaceConfig
    key.o(.text) refers to stm32f10x_rcc.o(.text) for RCC_APB2PeriphClockCmd
    key.o(.text) refers to stm32f10x_gpio.o(.text) for GPIO_PinRemapConfig
    key.o(.text) refers to stm32f10x_exti.o(.text) for EXTI_Init
    key.o(.text) refers to misc.o(.text) for NVIC_Init
    led.o(.text) refers to stm32f10x_rcc.o(.text) for RCC_APB2PeriphClockCmd
    led.o(.text) refers to stm32f10x_gpio.o(.text) for GPIO_Init
    pwm.o(.text) refers to stm32f10x_rcc.o(.text) for RCC_APB2PeriphClockCmd
    pwm.o(.text) refers to stm32f10x_gpio.o(.text) for GPIO_Init
    pwm.o(.text) refers to stm32f10x_tim.o(.text) for TIM_TimeBaseInit
    usart2.o(.text) refers to stm32f10x_rcc.o(.text) for RCC_APB2PeriphClockCmd
    usart2.o(.text) refers to misc.o(.text) for NVIC_Init
    usart2.o(.text) refers to stm32f10x_gpio.o(.text) for GPIO_Init
    usart2.o(.text) refers to stm32f10x_usart.o(.text) for USART_Init
    usart2.o(.text) refers to system.o(.text) for delay
    usart2.o(.text) refers to data_transfer.o(.text) for Data_Receive_Anl
    usart2.o(.text) refers to usart2.o(.data) for RxState
    usart2.o(.text) refers to usart2.o(.bss) for RxBuffer
    motor.o(.text) refers to system.o(.text) for delayMicroseconds
    motor.o(.text) refers to frleqf.o(x$fpl$frleqf) for __aeabi_cfrcmple
    motor.o(.text) refers to ffix.o(x$fpl$ffix) for __aeabi_f2iz
    motor.o(.text) refers to fleqf.o(x$fpl$fleqf) for __aeabi_cfcmple
    motor.o(.text) refers to faddsub_clz.o(x$fpl$fsub) for __aeabi_fsub
    motor.o(.text) refers to fmul.o(x$fpl$fmul) for __aeabi_fmul
    motor.o(.text) refers to f2d.o(x$fpl$f2d) for __aeabi_f2d
[...]
    ../clib/angel/rt.s                       0x00000000   Number         0  rt_raise.o ABSOLUTE
    ../clib/angel/scatter.s                  0x00000000   Number         0  __scatter.o ABSOLUTE
    ../clib/angel/startup.s                  0x00000000   Number         0  __main.o ABSOLUTE
    ../clib/angel/sys.s                      0x00000000   Number         0  use_no_semi.o ABSOLUTE
    ../clib/angel/sys.s                      0x00000000   Number         0  sys_stackheap_outer.o ABSOLUTE
    ../clib/angel/sys.s                      0x00000000   Number         0  indicate_semi.o ABSOLUTE
    ../clib/angel/sys.s                      0x00000000   Number         0  libspace.o ABSOLUTE
    ../clib/angel/sysapp.c                   0x00000000   Number         0  sys_command.o ABSOLUTE
    ../clib/angel/sysapp.c                   0x00000000   Number         0  sys_wrch.o ABSOLUTE
    ../clib/angel/sysapp.c                   0x00000000   Number         0  sys_exit.o ABSOLUTE
    ../clib/armsys.c                         0x00000000   Number         0  _get_argv_nomalloc.o ABSOLUTE
    ../clib/armsys.c                         0x00000000   Number         0  argv_veneer.o ABSOLUTE
    ../clib/armsys.c                         0x00000000   Number         0  argv_veneer.o ABSOLUTE
    ../clib/armsys.c                         0x00000000   Number         0  no_argv.o ABSOLUTE
    ../clib/heapalloc.c                      0x00000000   Number         0  hrguard.o ABSOLUTE
    ../clib/heapaux.c                        0x00000000   Number         0  heapauxi.o ABSOLUTE
    ../clib/libinit.s                        0x00000000   Number         0  libshutdown.o ABSOLUTE
    ../clib/libinit.s                        0x00000000   Number         0  libshutdown2.o ABSOLUTE
    ../clib/libinit.s                        0x00000000   Number         0  libinit.o ABSOLUTE
    ../clib/libinit.s                        0x00000000   Number         0  libinit2.o ABSOLUTE
    ../clib/signal.c                         0x00000000   Number         0  defsig_rtmem_outer.o ABSOLUTE
    ../clib/signal.c                         0x00000000   Number         0  defsig_abrt_inner.o ABSOLUTE
    ../clib/signal.c                         0x00000000   Number         0  defsig_segv_inner.o ABSOLUTE
    ../clib/signal.c                         0x00000000   Number         0  defsig_rtmem_formal.o ABSOLUTE
    ../clib/signal.c                         0x00000000   Number         0  defsig_general.o ABSOLUTE
    ../clib/signal.c                         0x00000000   Number         0  __raise.o ABSOLUTE
    ../clib/signal.c                         0x00000000   Number         0  defsig_rtmem_inner.o ABSOLUTE
    ../clib/signal.c                         0x00000000   Number         0  defsig_other.o ABSOLUTE
    ../clib/signal.c                         0x00000000   Number         0  defsig_exit.o ABSOLUTE
    ../clib/signal.c                         0x00000000   Number         0  defsig_cppl_inner.o ABSOLUTE
    ../clib/signal.c                         0x00000000   Number         0  defsig_pvfn_inner.o ABSOLUTE
    ../clib/signal.c                         0x00000000   Number         0  defsig_stak_inner.o ABSOLUTE
    ../clib/signal.c                         0x00000000   Number         0  defsig_rtred_inner.o ABSOLUTE
    ../clib/signal.c                         0x00000000   Number         0  defsig_fpe_inner.o ABSOLUTE
    ../clib/signal.s                         0x00000000   Number         0  defsig.o ABSOLUTE
    ../clib/stdlib.c                         0x00000000   Number         0  exit.o ABSOLUTE
    ../fplib/d2f.s                           0x00000000   Number         0  d2f.o ABSOLUTE
    ../fplib/daddsub.s                       0x00000000   Number         0  daddsub_clz.o ABSOLUTE
    ../fplib/ddiv.s                          0x00000000   Number         0  ddiv.o ABSOLUTE
    ../fplib/dmul.s                          0x00000000   Number         0  dmul.o ABSOLUTE
    ../fplib/dnaninf.s                       0x00000000   Number         0  dnaninf.o ABSOLUTE
    ../fplib/dretinf.s                       0x00000000   Number         0  dretinf.o ABSOLUTE
    ../fplib/f2d.s                           0x00000000   Number         0  f2d.o ABSOLUTE
    ../fplib/faddsub.s                       0x00000000   Number         0  faddsub_clz.o ABSOLUTE
    ../fplib/fcmpi.s                         0x00000000   Number         0  fcmpi.o ABSOLUTE
    ../fplib/fdiv.s                          0x00000000   Number         0  fdiv.o ABSOLUTE
    ../fplib/ffix.s                          0x00000000   Number         0  ffix.o ABSOLUTE
    ../fplib/fflt.s                          0x00000000   Number         0  fflt_clz.o ABSOLUTE
    ../fplib/fleqf.s                         0x00000000   Number         0  fleqf.o ABSOLUTE
    ../fplib/fmul.s                          0x00000000   Number         0  fmul.o ABSOLUTE
    ../fplib/fnaninf.s                       0x00000000   Number         0  fnaninf.o ABSOLUTE
    ../fplib/fpinit.s                        0x00000000   Number         0  fpinit.o ABSOLUTE
    ../fplib/fretinf.s                       0x00000000   Number         0  fretinf.o ABSOLUTE
    ../fplib/frleqf.s                        0x00000000   Number         0  frleqf.o ABSOLUTE
    ../fplib/usenofp.s                       0x00000000   Number         0  usenofp.o ABSOLUTE
    ..\APP\data_transfer.c                   0x00000000   Number         0  data_transfer.o ABSOLUTE
    ..\APP\main.c                            0x00000000   Number         0  main.o ABSOLUTE
    ..\APP\stm32f10x_it.c                    0x00000000   Number         0  stm32f10x_it.o ABSOLUTE
    ..\APP\system.c                          0x00000000   Number         0  system.o ABSOLUTE
    ..\BSP\ad.c                              0x00000000   Number         0  ad.o ABSOLUTE
    ..\BSP\can.c                             0x00000000   Number         0  can.o ABSOLUTE
    ..\BSP\encoder.c                         0x00000000   Number         0  encoder.o ABSOLUTE
    ..\BSP\key.c                             0x00000000   Number         0  key.o ABSOLUTE
    ..\BSP\led.c                             0x00000000   Number         0  led.o ABSOLUTE
    ..\BSP\motor.c                           0x00000000   Number         0  motor.o ABSOLUTE
    ..\BSP\pwm.c                             0x00000000   Number         0  pwm.o ABSOLUTE
    ..\BSP\usart2.c                          0x00000000   Number         0  usart2.o ABSOLUTE
    ..\Libraries\CMSIS\startup\startup_stm32f10x_md.s 0x00000000   Number         0  startup_stm32f10x_md.o ABSOLUTE
    ..\Libraries\CMSIS\system_stm32f10x.c    0x00000000   Number         0  system_stm32f10x.o ABSOLUTE
    ..\Libraries\src\misc.c                  0x00000000   Number         0  misc.o ABSOLUTE
    ..\Libraries\src\stm32f10x_adc.c         0x00000000   Number         0  stm32f10x_adc.o ABSOLUTE
    ..\Libraries\src\stm32f10x_can.c         0x00000000   Number         0  stm32f10x_can.o ABSOLUTE
    ..\Libraries\src\stm32f10x_dma.c         0x00000000   Number         0  stm32f10x_dma.o ABSOLUTE
    ..\Libraries\src\stm32f10x_exti.c        0x00000000   Number         0  stm32f10x_exti.o ABSOLUTE
    ..\Libraries\src\stm32f10x_flash.c       0x00000000   Number         0  stm32f10x_flash.o ABSOLUTE
    ..\Libraries\src\stm32f10x_gpio.c        0x00000000   Number         0  stm32f10x_gpio.o ABSOLUTE
    ..\Libraries\src\stm32f10x_rcc.c         0x00000000   Number         0  stm32f10x_rcc.o ABSOLUTE
    ..\Libraries\src\stm32f10x_spi.c         0x00000000   Number         0  stm32f10x_spi.o ABSOLUTE
    ..\Libraries\src\stm32f10x_tim.c         0x00000000   Number         0  stm32f10x_tim.o ABSOLUTE
    ..\Libraries\src\stm32f10x_usart.c       0x00000000   Number         0  stm32f10x_usart.o ABSOLUTE
    dc.s                                     0x00000000   Number         0  dc.o ABSOLUTE
    RESET                                    0x08000000   Section      236  startup_stm32f10x_md.o(RESET)
    !!!main                                  0x080000ec   Section        8  __main.o(!!!main)
    !!!scatter                               0x080000f4   Section       52  __scatter.o(!!!scatter)
    !!handler_copy                           0x08000128   Section       26  __scatter_copy.o(!!handler_copy)
    !!handler_zi                             0x08000144   Section       28  __scatter_zi.o(!!handler_zi)
    .ARM.Collect$$libinit$$00000000          0x08000160   Section        2  libinit.o(.ARM.Collect$$libinit$$00000000)
    .ARM.Collect$$libinit$$00000002          0x08000162   Section        0  libinit2.o(.ARM.Collect$$libinit$$00000002)
    .ARM.Collect$$libinit$$00000008          0x08000162   Section        0  libinit2.o(.ARM.Collect$$libinit$$00000008)
    .ARM.Collect$$libinit$$0000000A          0x08000162   Section        0  libinit2.o(.ARM.Collect$$libinit$$0000000A)
    .ARM.Collect$$libinit$$0000000C          0x08000162   Section        0  libinit2.o(.ARM.Collect$$libinit$$0000000C)
    .ARM.Collect$$libinit$$0000000F          0x08000162   Section        0  libinit2.o(.ARM.Collect$$libinit$$0000000F)
    .ARM.Collect$$libinit$$00000011          0x08000162   Section        0  libinit2.o(.ARM.Collect$$libinit$$00000011)
    .ARM.Collect$$libinit$$00000013          0x08000162   Section        0  libinit2.o(.ARM.Collect$$libinit$$00000013)
    .ARM.Collect$$libinit$$00000015          0x08000162   Section        0  libinit2.o(.ARM.Collect$$libinit$$00000015)
    .ARM.Collect$$libinit$$00000017          0x08000162   Section        0  libinit2.o(.ARM.Collect$$libinit$$00000017)
    .ARM.Collect$$libinit$$00000019          0x08000162   Section        0  libinit2.o(.ARM.Collect$$libinit$$00000019)
    .ARM.Collect$$libinit$$0000001B          0x08000162   Section        0  libinit2.o(.ARM.Collect$$libinit$$0000001B)
    .ARM.Collect$$libinit$$0000001D          0x08000162   Section        0  libinit2.o(.ARM.Collect$$libinit$$0000001D)
    .ARM.Collect$$libinit$$0000001F          0x08000162   Section        0  libinit2.o(.ARM.Collect$$libinit$$0000001F)
    .ARM.Collect$$libinit$$00000021          0x08000162   Section        0  libinit2.o(.ARM.Collect$$libinit$$00000021)
    .ARM.Collect$$libinit$$00000023          0x08000162   Section        0  libinit2.o(.ARM.Collect$$libinit$$00000023)
    .ARM.Collect$$libinit$$0000002A          0x08000162   Section        0  libinit2.o(.ARM.Collect$$libinit$$0000002A)
    .ARM.Collect$$libinit$$0000002C          0x08000162   Section        0  libinit2.o(.ARM.Collect$$libinit$$0000002C)
    .ARM.Collect$$libinit$$0000002E          0x08000162   Section        0  libinit2.o(.ARM.Collect$$libinit$$0000002E)
    .ARM.Collect$$libinit$$00000030          0x08000162   Section        0  libinit2.o(.ARM.Collect$$libinit$$00000030)
    .ARM.Collect$$libinit$$00000031          0x08000162   Section        2  libinit2.o(.ARM.Collect$$libinit$$00000031)
    .ARM.Collect$$libshutdown$$00000000      0x08000164   Section        2  libshutdown.o(.ARM.Collect$$libshutdown$$00000000)
    .ARM.Collect$$libshutdown$$00000003      0x08000166   Section        0  libshutdown2.o(.ARM.Collect$$libshutdown$$00000003)
    .ARM.Collect$$libshutdown$$00000006      0x08000166   Section        0  libshutdown2.o(.ARM.Collect$$libshutdown$$00000006)
    .ARM.Collect$$libshutdown$$00000009      0x08000166   Section        0  libshutdown2.o(.ARM.Collect$$libshutdown$$00000009)
    .ARM.Collect$$libshutdown$$0000000B      0x08000166   Section        0  libshutdown2.o(.ARM.Collect$$libshutdown$$0000000B)
    .ARM.Collect$$libshutdown$$0000000E      0x08000166   Section        0  libshutdown2.o(.ARM.Collect$$libshutdown$$0000000E)
    .ARM.Collect$$libshutdown$$0000000F      0x08000166   Section        2  libshutdown2.o(.ARM.Collect$$libshutdown$$0000000F)
    .ARM.Collect$$rtentry$$00000000          0x08000168   Section        0  rtentry.o(.ARM.Collect$$rtentry$$00000000)
    .ARM.Collect$$rtentry$$00000002          0x08000168   Section        0  rtentry2.o(.ARM.Collect$$rtentry$$00000002)
    .ARM.Collect$$rtentry$$00000004          0x08000168   Section        6  rtentry4.o(.ARM.Collect$$rtentry$$00000004)
    .ARM.Collect$$rtentry$$00000009          0x0800016e   Section        0  rtentry2.o(.ARM.Collect$$rtentry$$00000009)
    .ARM.Collect$$rtentry$$0000000A          0x0800016e   Section        4  rtentry2.o(.ARM.Collect$$rtentry$$0000000A)
    .ARM.Collect$$rtentry$$0000000C          0x08000172   Section        0  rtentry2.o(.ARM.Collect$$rtentry$$0000000C)
    .ARM.Collect$$rtentry$$0000000D          0x08000172   Section        8  rtentry2.o(.ARM.Collect$$rtentry$$0000000D)
    .ARM.Collect$$rtexit$$00000000           0x0800017a   Section        2  rtexit.o(.ARM.Collect$$rtexit$$00000000)
    .ARM.Collect$$rtexit$$00000002           0x0800017c   Section        0  rtexit2.o(.ARM.Collect$$rtexit$$00000002)
    .ARM.Collect$$rtexit$$00000003           0x0800017c   Section        4  rtexit2.o(.ARM.Collect$$rtexit$$00000003)
    .ARM.Collect$$rtexit$$00000004           0x08000180   Section        6  rtexit2.o(.ARM.Collect$$rtexit$$00000004)
    .text                                    0x08000188   Section        0  main.o(.text)
    .text                                    0x0800020c   Section        0  stm32f10x_it.o(.text)
    .text                                    0x08000234   Section        0  system.o(.text)
    cycleCounterInit                         0x0800025d   Thumb Code    26  system.o(.text)
    .text                                    0x08000424   Section        0  data_transfer.o(.text)
    .text                                    0x08000d50   Section        0  ad.o(.text)
    .text                                    0x08000ef8   Section        0  can.o(.text)
    .text                                    0x080010d0   Section        0  encoder.o(.text)
    .text                                    0x0800114c   Section        0  key.o(.text)
    .text                                    0x080011dc   Section        0  led.o(.text)
    .text                                    0x08001218   Section        0  pwm.o(.text)
    .text                                    0x0800139c   Section        0  usart2.o(.text)
    Uart2_Put_Char                           0x08001533   Thumb Code    34  usart2.o(.text)
    .text                                    0x080015e8   Section        0  motor.o(.text)
    .text                                    0x08001880   Section       64  startup_stm32f10x_md.o(.text)
    .text                                    0x080018c0   Section        0  system_stm32f10x.o(.text)
    SetSysClockTo72                          0x080018c1   Thumb Code   214  system_stm32f10x.o(.text)
    SetSysClock                              0x08001997   Thumb Code     8  system_stm32f10x.o(.text)
    .text                                    0x08001aa0   Section        0  misc.o(.text)
    .text                                    0x08001b7c   Section        0  stm32f10x_adc.o(.text)
    .text                                    0x08001fcc   Section        0  stm32f10x_flash.o(.text)
    .text                                    0x08002588   Section        0  stm32f10x_gpio.o(.text)
    .text                                    0x080028e4   Section        0  stm32f10x_rcc.o(.text)
    .text                                    0x08002c88   Section        0  stm32f10x_tim.o(.text)
    TI4_Config                               0x0800312f   Thumb Code   130  stm32f10x_tim.o(.text)
    TI3_Config                               0x080031c3   Thumb Code   122  stm32f10x_tim.o(.text)
    TI2_Config                               0x08003257   Thumb Code   130  stm32f10x_tim.o(.text)
    TI1_Config                               0x080032eb   Thumb Code   108  stm32f10x_tim.o(.text)
    .text                                    0x08003aa4   Section        0  stm32f10x_usart.o(.text)
    .text                                    0x08003eac   Section        0  stm32f10x_dma.o(.text)
    .text                                    0x08004100   Section        0  stm32f10x_can.o(.text)
    CheckITStatus                            0x08004903   Thumb Code    18  stm32f10x_can.o(.text)
    .text                                    0x08004af0   Section        0  stm32f10x_exti.o(.text)
    .text                                    0x08004c0c   Section        0  heapauxi.o(.text)
    .text                                    0x08004c12   Section       74  sys_stackheap_outer.o(.text)
    .text                                    0x08004c5c   Section        0  exit.o(.text)
    .text                                    0x08004c68   Section        8  libspace.o(.text)
    .text                                    0x08004c70   Section        0  sys_exit.o(.text)
    .text                                    0x08004c7c   Section        2  use_no_semi.o(.text)
    .text                                    0x08004c7e   Section        0  indicate_semi.o(.text)
    x$fpl$d2f                                0x08004c80   Section       98  d2f.o(x$fpl$d2f)
    x$fpl$dadd                               0x08004ce4   Section      336  daddsub_clz.o(x$fpl$dadd)
    _dadd1                                   0x08004cf5   Thumb Code     0  daddsub_clz.o(x$fpl$dadd)
    x$fpl$ddiv                               0x08004e34   Section      688  ddiv.o(x$fpl$ddiv)
    ddiv_entry                               0x08004e3b   Thumb Code     0  ddiv.o(x$fpl$ddiv)
    x$fpl$dmul                               0x080050e4   Section      340  dmul.o(x$fpl$dmul)
    x$fpl$dnaninf                            0x08005238   Section      156  dnaninf.o(x$fpl$dnaninf)
    x$fpl$dretinf                            0x080052d4   Section       12  dretinf.o(x$fpl$dretinf)
    x$fpl$dsub                               0x080052e0   Section      468  daddsub_clz.o(x$fpl$dsub)
    _dsub1                                   0x080052f1   Thumb Code     0  daddsub_clz.o(x$fpl$dsub)
    x$fpl$f2d                                0x080054b4   Section       86  f2d.o(x$fpl$f2d)
    x$fpl$fadd                               0x0800550c   Section      196  faddsub_clz.o(x$fpl$fadd)
    _fadd1                                   0x0800551b   Thumb Code     0  faddsub_clz.o(x$fpl$fadd)
    x$fpl$fcmpinf                            0x080055d0   Section       24  fcmpi.o(x$fpl$fcmpinf)
    x$fpl$fdiv                               0x080055e8   Section      388  fdiv.o(x$fpl$fdiv)
    _fdiv1                                   0x080055e9   Thumb Code     0  fdiv.o(x$fpl$fdiv)
    x$fpl$ffix                               0x0800576c   Section       54  ffix.o(x$fpl$ffix)
    x$fpl$fflt                               0x080057a4   Section       48  fflt_clz.o(x$fpl$fflt)
    x$fpl$fleqf                              0x080057d4   Section      104  fleqf.o(x$fpl$fleqf)
    x$fpl$fmul                               0x0800583c   Section      258  fmul.o(x$fpl$fmul)
    x$fpl$fnaninf                            0x0800593e   Section      140  fnaninf.o(x$fpl$fnaninf)
    x$fpl$fretinf                            0x080059ca   Section       10  fretinf.o(x$fpl$fretinf)
    x$fpl$frleqf                             0x080059d4   Section       98  frleqf.o(x$fpl$frleqf)
    x$fpl$fsub                               0x08005a38   Section      234  faddsub_clz.o(x$fpl$fsub)
    _fsub1                                   0x08005a47   Thumb Code     0  faddsub_clz.o(x$fpl$fsub)
    x$fpl$usenofp                            0x08005b22   Section        0  usenofp.o(x$fpl$usenofp)
    .data                                    0x20000000   Section        4  stm32f10x_it.o(.data)
    .data                                    0x20000004   Section       24  system.o(.data)
    usTicks                                  0x20000004   Data           4  system.o(.data)
    currentTime                              0x20000014   Data           4  system.o(.data)
    loopTime                                 0x20000018   Data           4  system.o(.data)
    .data                                    0x2000001c   Section        4  ad.o(.data)
    .data                                    0x20000020   Section        5  usart2.o(.data)
    RxState                                  0x20000022   Data           1  usart2.o(.data)
    _data_len                                0x20000023   Data           1  usart2.o(.data)
    _data_cnt                                0x20000024   Data           1  usart2.o(.data)
    .data                                    0x20000028   Section       48  motor.o(.data)
    lasterror                                0x20000050   Data           4  motor.o(.data)
    errorI                                   0x20000054   Data           4  motor.o(.data)
    .data                                    0x20000058   Section       20  system_stm32f10x.o(.data)
    .data                                    0x2000006c   Section       20  stm32f10x_rcc.o(.data)
    APBAHBPrescTable                         0x2000006c   Data          16  stm32f10x_rcc.o(.data)
    ADCPrescTable                            0x2000007c   Data           4  stm32f10x_rcc.o(.data)
    .bss                                     0x20000080   Section       12  system.o(.bss)
    .bss                                     0x2000008c   Section       50  data_transfer.o(.bss)
    .bss                                     0x200000be   Section      512  ad.o(.bss)
    .bss                                     0x200002c0   Section       40  can.o(.bss)
    .bss                                     0x200002e8   Section      306  usart2.o(.bss)
    RxBuffer                                 0x200003e8   Data          50  usart2.o(.bss)
    .bss                                     0x2000041c   Section       96  libspace.o(.bss)
    HEAP                                     0x20000480   Section      512  startup_stm32f10x_md.o(HEAP)
    Heap_Mem                                 0x20000480   Data         512  startup_stm32f10x_md.o(HEAP)
    STACK                                    0x20000680   Section     1024  startup_stm32f10x_md.o(STACK)
    Stack_Mem                                0x20000680   Data        1024  startup_stm32f10x_md.o(STACK)
    __initial_sp                             0x20000a80   Data           0  startup_stm32f10x_md.o(STACK)

    Global Symbols

    Symbol Name                              Value     Ov Type        Size  Object(Section)

    BuildAttributes$$THM_ISAv4$P$D$K$B$S$PE$A:L22UL41UL21$X:L11$S22US41US21$IEEE1$IW$USESV6$~STKCKD$USESV7$~SHL$OSPACE$ROPI$EBA8$UX$STANDARDLIB$REQ8$PRES8$EABIv2 0x00000000   Number         0  anon$$obj.o ABSOLUTE
    __ARM_use_no_argv                        0x00000000   Number         0  main.o ABSOLUTE
    __ARM_exceptions_init                     - Undefined Weak Reference
    __alloca_initialize                       - Undefined Weak Reference
    __cpp_initialize__aeabi_                  - Undefined Weak Reference
    __cxa_finalize                            - Undefined Weak Reference
    __rt_locale                               - Undefined Weak Reference
    __sigvec_lookup                           - Undefined Weak Reference
    _atexit_init                              - Undefined Weak Reference
    _call_atexit_fns                          - Undefined Weak Reference
    _clock_init                               - Undefined Weak Reference
    _fp_trap_init                             - Undefined Weak Reference
    _fp_trap_shutdown                         - Undefined Weak Reference
    _get_lc_collate                           - Undefined Weak Reference
    _get_lc_ctype                             - Undefined Weak Reference
    _get_lc_monetary                          - Undefined Weak Reference
    _get_lc_numeric                           - Undefined Weak Reference
    _get_lc_time                              - Undefined Weak Reference
    _getenv_init                              - Undefined Weak Reference
    _handle_redirection                       - Undefined Weak Reference
    _init_alloc                               - Undefined Weak Reference
    _init_user_alloc                          - Undefined Weak Reference
    _initio                                   - Undefined Weak Reference
    _rand_init                                - Undefined Weak Reference
    _signal_finish                            - Undefined Weak Reference
    _signal_init                              - Undefined Weak Reference
    _terminate_alloc                          - Undefined Weak Reference
    _terminate_user_alloc                     - Undefined Weak Reference
    _terminateio                              - Undefined Weak Reference
    __Vectors_Size                           0x000000ec   Number         0  startup_stm32f10x_md.o ABSOLUTE
    __Vectors                                0x08000000   Data           4  startup_stm32f10x_md.o(RESET)
    __Vectors_End                            0x080000ec   Data           0  startup_stm32f10x_md.o(RESET)
    __main                                   0x080000ed   Thumb Code     8  __main.o(!!!main)
    __scatterload                            0x080000f5   Thumb Code     0  __scatter.o(!!!scatter)
    __scatterload_rt2                        0x080000f5   Thumb Code    44  __scatter.o(!!!scatter)
    __scatterload_rt2_thumb_only             0x080000f5   Thumb Code     0  __scatter.o(!!!scatter)
    __scatterload_null                       0x08000103   Thumb Code     0  __scatter.o(!!!scatter)
    __scatterload_copy                       0x08000129   Thumb Code    26  __scatter_copy.o(!!handler_copy)
    __scatterload_zeroinit                   0x08000145   Thumb Code    28  __scatter_zi.o(!!handler_zi)
    __rt_lib_init                            0x08000161   Thumb Code     0  libinit.o(.ARM.Collect$$libinit$$00000000)
    __rt_lib_init_alloca_1                   0x08000163   Thumb Code     0  libinit2.o(.ARM.Collect$$libinit$$0000002C)
    __rt_lib_init_argv_1                     0x08000163   Thumb Code     0  libinit2.o(.ARM.Collect$$libinit$$0000002A)
    __rt_lib_init_atexit_1                   0x08000163   Thumb Code     0  libinit2.o(.ARM.Collect$$libinit$$00000019)
    __rt_lib_init_clock_1                    0x08000163   Thumb Code     0  libinit2.o(.ARM.Collect$$libinit$$0000001F)
    __rt_lib_init_cpp_1                      0x08000163   Thumb Code     0  libinit2.o(.ARM.Collect$$libinit$$00000030)
    __rt_lib_init_exceptions_1               0x08000163   Thumb Code     0  libinit2.o(.ARM.Collect$$libinit$$0000002E)
    __rt_lib_init_fp_1                       0x08000163   Thumb Code     0  libinit2.o(.ARM.Collect$$libinit$$00000002)
    __rt_lib_init_fp_trap_1                  0x08000163   Thumb Code     0  libinit2.o(.ARM.Collect$$libinit$$0000001D)
    __rt_lib_init_getenv_1                   0x08000163   Thumb Code     0  libinit2.o(.ARM.Collect$$libinit$$00000021)
    __rt_lib_init_heap_1                     0x08000163   Thumb Code     0  libinit2.o(.ARM.Collect$$libinit$$00000008)
    __rt_lib_init_lc_collate_1               0x08000163   Thumb Code     0  libinit2.o(.ARM.Collect$$libinit$$0000000F)
    __rt_lib_init_lc_ctype_1                 0x08000163   Thumb Code     0  libinit2.o(.ARM.Collect$$libinit$$00000011)
    __rt_lib_init_lc_monetary_1              0x08000163   Thumb Code     0  libinit2.o(.ARM.Collect$$libinit$$00000013)
    __rt_lib_init_lc_numeric_1               0x08000163   Thumb Code     0  libinit2.o(.ARM.Collect$$libinit$$00000015)
    __rt_lib_init_lc_time_1                  0x08000163   Thumb Code     0  libinit2.o(.ARM.Collect$$libinit$$00000017)
    __rt_lib_init_rand_1                     0x08000163   Thumb Code     0  libinit2.o(.ARM.Collect$$libinit$$0000000C)
    __rt_lib_init_return                     0x08000163   Thumb Code     0  libinit2.o(.ARM.Collect$$libinit$$00000031)
    __rt_lib_init_signal_1                   0x08000163   Thumb Code     0  libinit2.o(.ARM.Collect$$libinit$$0000001B)
    __rt_lib_init_stdio_1                    0x08000163   Thumb Code     0  libinit2.o(.ARM.Collect$$libinit$$00000023)
    __rt_lib_init_user_alloc_1               0x08000163   Thumb Code     0  libinit2.o(.ARM.Collect$$libinit$$0000000A)
    __rt_lib_shutdown                        0x08000165   Thumb Code     0  libshutdown.o(.ARM.Collect$$libshutdown$$00000000)
    __rt_lib_shutdown_fp_trap_1              0x08000167   Thumb Code     0  libshutdown2.o(.ARM.Collect$$libshutdown$$00000006)
    __rt_lib_shutdown_heap_1                 0x08000167   Thumb Code     0  libshutdown2.o(.ARM.Collect$$libshutdown$$0000000E)
    __rt_lib_shutdown_return                 0x08000167   Thumb Code     0  libshutdown2.o(.ARM.Collect$$libshutdown$$0000000F)
    __rt_lib_shutdown_signal_1               0x08000167   Thumb Code     0  libshutdown2.o(.ARM.Collect$$libshutdown$$00000009)
    __rt_lib_shutdown_stdio_1                0x08000167   Thumb Code     0  libshutdown2.o(.ARM.Collect$$libshutdown$$00000003)
    __rt_lib_shutdown_user_alloc_1           0x08000167   Thumb Code     0  libshutdown2.o(.ARM.Collect$$libshutdown$$0000000B)
    __rt_entry                               0x08000169   Thumb Code     0  rtentry.o(.ARM.Collect$$rtentry$$00000000)
    __rt_entry_presh_1                       0x08000169   Thumb Code     0  rtentry2.o(.ARM.Collect$$rtentry$$00000002)
    __rt_entry_sh                            0x08000169   Thumb Code     0  rtentry4.o(.ARM.Collect$$rtentry$$00000004)
    __rt_entry_li                            0x0800016f   Thumb Code     0  rtentry2.o(.ARM.Collect$$rtentry$$0000000A)
    __rt_entry_postsh_1                      0x0800016f   Thumb Code     0  rtentry2.o(.ARM.Collect$$rtentry$$00000009)
    __rt_entry_main                          0x08000173   Thumb Code     0  rtentry2.o(.ARM.Collect$$rtentry$$0000000D)
    __rt_entry_postli_1                      0x08000173   Thumb Code     0  rtentry2.o(.ARM.Collect$$rtentry$$0000000C)
    __rt_exit                                0x0800017b   Thumb Code     0  rtexit.o(.ARM.Collect$$rtexit$$00000000)
    __rt_exit_ls                             0x0800017d   Thumb Code     0  rtexit2.o(.ARM.Collect$$rtexit$$00000003)
    __rt_exit_prels_1                        0x0800017d   Thumb Code     0  rtexit2.o(.ARM.Collect$$rtexit$$00000002)
    __rt_exit_exit                           0x08000181   Thumb Code     0  rtexit2.o(.ARM.Collect$$rtexit$$00000004)
    CAN_tx_data                              0x08000189   Thumb Code   112  main.o(.text)
    main                                     0x080001f9   Thumb Code    12  main.o(.text)
    NMI_Handler                              0x0800020d   Thumb Code     2  stm32f10x_it.o(.text)
    HardFault_Handler                        0x0800020f   Thumb Code     4  stm32f10x_it.o(.text)
    MemManage_Handler                        0x08000213   Thumb Code     4  stm32f10x_it.o(.text)
    BusFault_Handler                         0x08000217   Thumb Code     4  stm32f10x_it.o(.text)
    UsageFault_Handler                       0x0800021b   Thumb Code     4  stm32f10x_it.o(.text)
    SVC_Handler                              0x0800021f   Thumb Code     2  stm32f10x_it.o(.text)
    DebugMon_Handler                         0x08000221   Thumb Code     2  stm32f10x_it.o(.text)
    PendSV_Handler                           0x08000223   Thumb Code     2  stm32f10x_it.o(.text)
    SysTick_Handler                          0x08000225   Thumb Code    12  stm32f10x_it.o(.text)
    constrain                                0x08000235   Thumb Code    22  system.o(.text)
    Parameter_Init                           0x0800024b   Thumb Code    18  system.o(.text)
    micros                                   0x08000277   Thumb Code    58  system.o(.text)
    delayMicroseconds                        0x080002b1   Thumb Code    24  system.o(.text)
    delay                                    0x080002c9   Thumb Code    24  system.o(.text)
    millis                                   0x080002e1   Thumb Code     6  system.o(.text)
    RCC_Configuration                        0x080002e7   Thumb Code   106  system.o(.text)
    systemInit                               0x08000351   Thumb Code   128  system.o(.text)
    Loop                                     0x080003d1   Thumb Code    40  system.o(.text)
    Data_Receive_Anl                         0x08000425   Thumb Code    52  data_transfer.o(.text)
    Data_Send_RCData                         0x08000459   Thumb Code     2  data_transfer.o(.text)
    Data_Send_MotoPWM                        0x0800045b   Thumb Code     2  data_transfer.o(.text)
    Data_Send_PID1                           0x0800045d   Thumb Code   388  data_transfer.o(.text)
    Data_Send_PID2                           0x080005e1   Thumb Code   362  data_transfer.o(.text)
    Data_Send_PID3                           0x0800074b   Thumb Code   376  data_transfer.o(.text)
    Data_Send_PID4                           0x080008c3   Thumb Code   362  data_transfer.o(.text)
    Data_Send_PID5                           0x08000a2d   Thumb Code   362  data_transfer.o(.text)
    Data_Send_PID6                           0x08000b97   Thumb Code   368  data_transfer.o(.text)
    Data_Send_Check                          0x08000d07   Thumb Code    68  data_transfer.o(.text)
    ADC_Configuration                        0x08000d51   Thumb Code   256  ad.o(.text)
    ADC_Filter                               0x08000e51   Thumb Code    26  ad.o(.text)
    Current_Detect                           0x08000e6b   Thumb Code    96  ad.o(.text)
    CAN_Configuration                        0x08000ef9   Thumb Code   286  can.o(.text)
    USB_LP_CAN1_RX0_IRQHandler               0x08001017   Thumb Code   148  can.o(.text)
    USB_HP_CAN1_TX_IRQHandler                0x080010ab   Thumb Code    22  can.o(.text)
    Encoder_Configuration                    0x080010d1   Thumb Code    74  encoder.o(.text)
    Encoder_Start                            0x0800111b   Thumb Code    12  encoder.o(.text)
    Encoder_Get_CNT                          0x08001127   Thumb Code    26  encoder.o(.text)
    KEY_Configuration                        0x0800114d   Thumb Code   114  key.o(.text)
    EXTI15_10_IRQHandler                     0x080011bf   Thumb Code    22  key.o(.text)
    LED_Configuration                        0x080011dd   Thumb Code    54  led.o(.text)
    PWM_Configuration                        0x08001219   Thumb Code   338  pwm.o(.text)
    PWM_Out1                                 0x0800136b   Thumb Code    12  pwm.o(.text)
    PWM_Out2                                 0x08001377   Thumb Code    12  pwm.o(.text)
    setduoji1                                0x08001383   Thumb Code     8  pwm.o(.text)
    USART2_Configuration                     0x0800139d   Thumb Code   212  usart2.o(.text)
    USART2_IRQHandler                        0x08001471   Thumb Code   194  usart2.o(.text)
    Uart2_Put_String                         0x08001555   Thumb Code    46  usart2.o(.text)
    Uart2_Put_Buf                            0x08001583   Thumb Code    62  usart2.o(.text)
    Motor1_Stop                              0x080015e9   Thumb Code    12  motor.o(.text)
    Motor1_Forward                           0x080015f5   Thumb Code    52  motor.o(.text)
    Motor1_Back                              0x08001629   Thumb Code    52  motor.o(.text)
    Motor1_Con                               0x0800165d   Thumb Code    60  motor.o(.text)
    Motor2_Stop                              0x08001699   Thumb Code    14  motor.o(.text)
    Motor2_Forward                           0x080016a7   Thumb Code    54  motor.o(.text)
    Motor2_Back                              0x080016dd   Thumb Code    54  motor.o(.text)
    Motor2_Con                               0x08001713   Thumb Code    60  motor.o(.text)
    Speed_Control                            0x0800174f   Thumb Code   218  motor.o(.text)
    Motor_Control                            0x08001829   Thumb Code    32  motor.o(.text)
    Reset_Handler                            0x08001881   Thumb Code     8  startup_stm32f10x_md.o(.text)
    ADC1_2_IRQHandler                        0x0800189b   Thumb Code     0  startup_stm32f10x_md.o(.text)
    CAN1_RX1_IRQHandler                      0x0800189b   Thumb Code     0  startup_stm32f10x_md.o(.text)
    CAN1_SCE_IRQHandler                      0x0800189b   Thumb Code     0  startup_stm32f10x_md.o(.text)
    DMA1_Channel1_IRQHandler                 0x0800189b   Thumb Code     0  startup_stm32f10x_md.o(.text)
    DMA1_Channel2_IRQHandler                 0x0800189b   Thumb Code     0  startup_stm32f10x_md.o(.text)
    DMA1_Channel3_IRQHandler                 0x0800189b   Thumb Code     0  startup_stm32f10x_md.o(.text)
    DMA1_Channel4_IRQHandler                 0x0800189b   Thumb Code     0  startup_stm32f10x_md.o(.text)
    DMA1_Channel5_IRQHandler                 0x0800189b   Thumb Code     0  startup_stm32f10x_md.o(.text)
    DMA1_Channel6_IRQHandler                 0x0800189b   Thumb Code     0  startup_stm32f10x_md.o(.text)
    DMA1_Channel7_IRQHandler                 0x0800189b   Thumb Code     0  startup_stm32f10x_md.o(.text)
    EXTI0_IRQHandler                         0x0800189b   Thumb Code     0  startup_stm32f10x_md.o(.text)
    EXTI1_IRQHandler                         0x0800189b   Thumb Code     0  startup_stm32f10x_md.o(.text)
    EXTI2_IRQHandler                         0x0800189b   Thumb Code     0  startup_stm32f10x_md.o(.text)
    EXTI3_IRQHandler                         0x0800189b   Thumb Code     0  startup_stm32f10x_md.o(.text)
    EXTI4_IRQHandler                         0x0800189b   Thumb Code     0  startup_stm32f10x_md.o(.text)
    EXTI9_5_IRQHandler                       0x0800189b   Thumb Code     0  startup_stm32f10x_md.o(.text)
    FLASH_IRQHandler                         0x0800189b   Thumb Code     0  startup_stm32f10x_md.o(.text)
    I2C1_ER_IRQHandler                       0x0800189b   Thumb Code     0  startup_stm32f10x_md.o(.text)
    I2C1_EV_IRQHandler                       0x0800189b   Thumb Code     0  startup_stm32f10x_md.o(.text)
    I2C2_ER_IRQHandler                       0x0800189b   Thumb Code     0  startup_stm32f10x_md.o(.text)
    I2C2_EV_IRQHandler                       0x0800189b   Thumb Code     0  startup_stm32f10x_md.o(.text)
    PVD_IRQHandler                           0x0800189b   Thumb Code     0  startup_stm32f10x_md.o(.text)
    RCC_IRQHandler                           0x0800189b   Thumb Code     0  startup_stm32f10x_md.o(.text)
    RTCAlarm_IRQHandler                      0x0800189b   Thumb Code     0  startup_stm32f10x_md.o(.text)
    RTC_IRQHandler                           0x0800189b   Thumb Code     0  startup_stm32f10x_md.o(.text)
    SPI1_IRQHandler                          0x0800189b   Thumb Code     0  startup_stm32f10x_md.o(.text)
    SPI2_IRQHandler                          0x0800189b   Thumb Code     0  startup_stm32f10x_md.o(.text)
    TAMPER_IRQHandler                        0x0800189b   Thumb Code     0  startup_stm32f10x_md.o(.text)
    TIM1_BRK_IRQHandler                      0x0800189b   Thumb Code     0  startup_stm32f10x_md.o(.text)
    TIM1_CC_IRQHandler                       0x0800189b   Thumb Code     0  startup_stm32f10x_md.o(.text)
    TIM1_TRG_COM_IRQHandler                  0x0800189b   Thumb Code     0  startup_stm32f10x_md.o(.text)
    TIM1_UP_IRQHandler                       0x0800189b   Thumb Code     0  startup_stm32f10x_md.o(.text)
    TIM2_IRQHandler                          0x0800189b   Thumb Code     0  startup_stm32f10x_md.o(.text)
    TIM3_IRQHandler                          0x0800189b   Thumb Code     0  startup_stm32f10x_md.o(.text)
    TIM4_IRQHandler                          0x0800189b   Thumb Code     0  startup_stm32f10x_md.o(.text)
    USART1_IRQHandler                        0x0800189b   Thumb Code     0  startup_stm32f10x_md.o(.text)
    USART3_IRQHandler                        0x0800189b   Thumb Code     0  startup_stm32f10x_md.o(.text)
    USBWakeUp_IRQHandler                     0x0800189b   Thumb Code     0  startup_stm32f10x_md.o(.text)
    WWDG_IRQHandler                          0x0800189b   Thumb Code     0  startup_stm32f10x_md.o(.text)
    __user_initial_stackheap                 0x0800189d   Thumb Code     0  startup_stm32f10x_md.o(.text)
    SystemInit                               0x0800199f   Thumb Code    78  system_stm32f10x.o(.text)
    SystemCoreClockUpdate                    0x080019ed   Thumb Code   142  system_stm32f10x.o(.text)
    NVIC_PriorityGroupConfig                 0x08001aa1   Thumb Code    10  misc.o(.text)
    NVIC_Init                                0x08001aab   Thumb Code   100  misc.o(.text)
    NVIC_SetVectorTable                      0x08001b0f   Thumb Code    14  misc.o(.text)
    NVIC_SystemLPConfig                      0x08001b1d   Thumb Code    34  misc.o(.text)
    SysTick_CLKSourceConfig                  0x08001b3f   Thumb Code    40  misc.o(.text)
    ADC_DeInit                               0x08001b7d   Thumb Code    78  stm32f10x_adc.o(.text)
    ADC_Init                                 0x08001bcb   Thumb Code    70  stm32f10x_adc.o(.text)
    ADC_StructInit                           0x08001c11   Thumb Code    18  stm32f10x_adc.o(.text)
    ADC_Cmd                                  0x08001c23   Thumb Code    22  stm32f10x_adc.o(.text)
    ADC_DMACmd                               0x08001c39   Thumb Code    22  stm32f10x_adc.o(.text)
    ADC_ITConfig                             0x08001c4f   Thumb Code    24  stm32f10x_adc.o(.text)
    ADC_ResetCalibration                     0x08001c67   Thumb Code    10  stm32f10x_adc.o(.text)
    ADC_GetResetCalibrationStatus            0x08001c71   Thumb Code    20  stm32f10x_adc.o(.text)
    ADC_StartCalibration                     0x08001c85   Thumb Code    10  stm32f10x_adc.o(.text)
    ADC_GetCalibrationStatus                 0x08001c8f   Thumb Code    20  stm32f10x_adc.o(.text)
    ADC_SoftwareStartConvCmd                 0x08001ca3   Thumb Code    22  stm32f10x_adc.o(.text)
    ADC_GetSoftwareStartConvStatus           0x08001cb9   Thumb Code    20  stm32f10x_adc.o(.text)
    ADC_DiscModeChannelCountConfig           0x08001ccd   Thumb Code    24  stm32f10x_adc.o(.text)
    ADC_DiscModeCmd                          0x08001ce5   Thumb Code    22  stm32f10x_adc.o(.text)
    ADC_RegularChannelConfig                 0x08001cfb   Thumb Code   184  stm32f10x_adc.o(.text)
    ADC_ExternalTrigConvCmd                  0x08001db3   Thumb Code    22  stm32f10x_adc.o(.text)
    ADC_GetConversionValue                   0x08001dc9   Thumb Code     8  stm32f10x_adc.o(.text)
    ADC_GetDualModeConversionValue           0x08001dd1   Thumb Code     8  stm32f10x_adc.o(.text)
    ADC_AutoInjectedConvCmd                  0x08001dd9   Thumb Code    22  stm32f10x_adc.o(.text)
    ADC_InjectedDiscModeCmd                  0x08001def   Thumb Code    22  stm32f10x_adc.o(.text)
    ADC_ExternalTrigInjectedConvConfig       0x08001e05   Thumb Code    16  stm32f10x_adc.o(.text)
    ADC_ExternalTrigInjectedConvCmd          0x08001e15   Thumb Code    22  stm32f10x_adc.o(.text)
    ADC_SoftwareStartInjectedConvCmd         0x08001e2b   Thumb Code    22  stm32f10x_adc.o(.text)
    ADC_GetSoftwareStartInjectedConvCmdStatus 0x08001e41   Thumb Code    20  stm32f10x_adc.o(.text)
    ADC_InjectedChannelConfig                0x08001e55   Thumb Code   130  stm32f10x_adc.o(.text)
    ADC_InjectedSequencerLengthConfig        0x08001ed7   Thumb Code    24  stm32f10x_adc.o(.text)
    ADC_SetInjectedOffset                    0x08001eef   Thumb Code    20  stm32f10x_adc.o(.text)
    ADC_GetInjectedConversionValue           0x08001f03   Thumb Code    28  stm32f10x_adc.o(.text)
    ADC_AnalogWatchdogCmd                    0x08001f1f   Thumb Code    16  stm32f10x_adc.o(.text)
    ADC_AnalogWatchdogThresholdsConfig       0x08001f2f   Thumb Code     6  stm32f10x_adc.o(.text)
    ADC_AnalogWatchdogSingleChannelConfig    0x08001f35   Thumb Code    16  stm32f10x_adc.o(.text)
    ADC_TempSensorVrefintCmd                 0x08001f45   Thumb Code    64  stm32f10x_adc.o(.text)
    ADC_GetFlagStatus                        0x08001f85   Thumb Code    18  stm32f10x_adc.o(.text)
    ADC_ClearFlag                            0x08001f97   Thumb Code     6  stm32f10x_adc.o(.text)
    ADC_GetITStatus                          0x08001f9d   Thumb Code    36  stm32f10x_adc.o(.text)
    ADC_ClearITPendingBit                    0x08001fc1   Thumb Code    10  stm32f10x_adc.o(.text)
    FLASH_SetLatency                         0x08001fcd   Thumb Code    18  stm32f10x_flash.o(.text)
    FLASH_HalfCycleAccessCmd                 0x08001fdf   Thumb Code    22  stm32f10x_flash.o(.text)
    FLASH_PrefetchBufferCmd                  0x08001ff5   Thumb Code    22  stm32f10x_flash.o(.text)
    FLASH_Unlock                             0x0800200b   Thumb Code    12  stm32f10x_flash.o(.text)
    FLASH_UnlockBank1                        0x08002017   Thumb Code    12  stm32f10x_flash.o(.text)
    FLASH_Lock                               0x08002023   Thumb Code    14  stm32f10x_flash.o(.text)
    FLASH_LockBank1                          0x08002031   Thumb Code    14  stm32f10x_flash.o(.text)
    FLASH_GetBank1Status                     0x0800203f   Thumb Code    48  stm32f10x_flash.o(.text)
    FLASH_WaitForLastOperation               0x0800206f   Thumb Code    38  stm32f10x_flash.o(.text)
    FLASH_ErasePage                          0x08002095   Thumb Code    72  stm32f10x_flash.o(.text)
    FLASH_EraseAllPages                      0x080020dd   Thumb Code    68  stm32f10x_flash.o(.text)
    FLASH_WaitForLastBank1Operation          0x08002121   Thumb Code    38  stm32f10x_flash.o(.text)
    FLASH_EraseAllBank1Pages                 0x08002147   Thumb Code    68  stm32f10x_flash.o(.text)
    FLASH_GetReadOutProtectionStatus         0x0800218b   Thumb Code    20  stm32f10x_flash.o(.text)
    FLASH_EraseOptionBytes                   0x0800219f   Thumb Code   150  stm32f10x_flash.o(.text)
    FLASH_ProgramWord                        0x08002235   Thumb Code   102  stm32f10x_flash.o(.text)
    FLASH_ProgramHalfWord                    0x0800229b   Thumb Code    60  stm32f10x_flash.o(.text)
    FLASH_ProgramOptionByteData              0x080022d7   Thumb Code    72  stm32f10x_flash.o(.text)
    FLASH_EnableWriteProtection              0x0800231f   Thumb Code   200  stm32f10x_flash.o(.text)
    FLASH_ReadOutProtection                  0x080023e7   Thumb Code   156  stm32f10x_flash.o(.text)
    FLASH_UserOptionByteConfig               0x08002483   Thumb Code    88  stm32f10x_flash.o(.text)
    FLASH_GetUserOptionByte                  0x080024db   Thumb Code     8  stm32f10x_flash.o(.text)
    FLASH_GetWriteProtectionOptionByte       0x080024e3   Thumb Code     6  stm32f10x_flash.o(.text)
    FLASH_GetPrefetchBufferStatus            0x080024e9   Thumb Code    20  stm32f10x_flash.o(.text)
    FLASH_ITConfig                           0x080024fd   Thumb Code    26  stm32f10x_flash.o(.text)
    FLASH_GetFlagStatus                      0x08002517   Thumb Code    42  stm32f10x_flash.o(.text)
    FLASH_ClearFlag                          0x08002541   Thumb Code     6  stm32f10x_flash.o(.text)
    FLASH_GetStatus                          0x08002547   Thumb Code    48  stm32f10x_flash.o(.text)
    GPIO_DeInit                              0x08002589   Thumb Code   172  stm32f10x_gpio.o(.text)
    GPIO_AFIODeInit                          0x08002635   Thumb Code    20  stm32f10x_gpio.o(.text)
    GPIO_Init                                0x08002649   Thumb Code   278  stm32f10x_gpio.o(.text)
    GPIO_StructInit                          0x0800275f   Thumb Code    16  stm32f10x_gpio.o(.text)
    GPIO_ReadInputDataBit                    0x0800276f   Thumb Code    18  stm32f10x_gpio.o(.text)
    GPIO_ReadInputData                       0x08002781   Thumb Code     8  stm32f10x_gpio.o(.text)
    GPIO_ReadOutputDataBit                   0x08002789   Thumb Code    18  stm32f10x_gpio.o(.text)
    GPIO_ReadOutputData                      0x0800279b   Thumb Code     8  stm32f10x_gpio.o(.text)
    GPIO_SetBits                             0x080027a3   Thumb Code     4  stm32f10x_gpio.o(.text)
    GPIO_ResetBits                           0x080027a7   Thumb Code     4  stm32f10x_gpio.o(.text)
    GPIO_WriteBit                            0x080027ab   Thumb Code    10  stm32f10x_gpio.o(.text)
    GPIO_Write                               0x080027b5   Thumb Code     4  stm32f10x_gpio.o(.text)
    GPIO_PinLockConfig                       0x080027b9   Thumb Code    18  stm32f10x_gpio.o(.text)
    GPIO_EventOutputConfig                   0x080027cb   Thumb Code    26  stm32f10x_gpio.o(.text)
    GPIO_EventOutputCmd                      0x080027e5   Thumb Code     6  stm32f10x_gpio.o(.text)
    GPIO_PinRemapConfig                      0x080027eb   Thumb Code   138  stm32f10x_gpio.o(.text)
    GPIO_EXTILineConfig                      0x08002875   Thumb Code    66  stm32f10x_gpio.o(.text)
    GPIO_ETH_MediaInterfaceConfig            0x080028b7   Thumb Code     8  stm32f10x_gpio.o(.text)
    RCC_DeInit                               0x080028e5   Thumb Code    64  stm32f10x_rcc.o(.text)
    RCC_HSEConfig                            0x08002925   Thumb Code    70  stm32f10x_rcc.o(.text)
    RCC_GetFlagStatus                        0x0800296b   Thumb Code    56  stm32f10x_rcc.o(.text)
    RCC_WaitForHSEStartUp                    0x080029a3   Thumb Code    56  stm32f10x_rcc.o(.text)
    RCC_AdjustHSICalibrationValue            0x080029db   Thumb Code    20  stm32f10x_rcc.o(.text)
    RCC_HSICmd                               0x080029ef   Thumb Code     6  stm32f10x_rcc.o(.text)
    RCC_PLLConfig                            0x080029f5   Thumb Code    24  stm32f10x_rcc.o(.text)
    RCC_PLLCmd                               0x08002a0d   Thumb Code     6  stm32f10x_rcc.o(.text)
    RCC_SYSCLKConfig                         0x08002a13   Thumb Code    18  stm32f10x_rcc.o(.text)
    RCC_GetSYSCLKSource                      0x08002a25   Thumb Code    10  stm32f10x_rcc.o(.text)
    RCC_HCLKConfig                           0x08002a2f   Thumb Code    18  stm32f10x_rcc.o(.text)
    RCC_PCLK1Config                          0x08002a41   Thumb Code    18  stm32f10x_rcc.o(.text)
    RCC_PCLK2Config                          0x08002a53   Thumb Code    20  stm32f10x_rcc.o(.text)
    RCC_ITConfig                             0x08002a67   Thumb Code    26  stm32f10x_rcc.o(.text)
    RCC_USBCLKConfig                         0x08002a81   Thumb Code     8  stm32f10x_rcc.o(.text)
    RCC_ADCCLKConfig                         0x08002a89   Thumb Code    18  stm32f10x_rcc.o(.text)
    RCC_LSEConfig                            0x08002a9b   Thumb Code    50  stm32f10x_rcc.o(.text)
    RCC_LSICmd                               0x08002acd   Thumb Code     6  stm32f10x_rcc.o(.text)
    RCC_RTCCLKConfig                         0x08002ad3   Thumb Code    12  stm32f10x_rcc.o(.text)
    RCC_RTCCLKCmd                            0x08002adf   Thumb Code     8  stm32f10x_rcc.o(.text)
    RCC_GetClocksFreq                        0x08002ae7   Thumb Code   192  stm32f10x_rcc.o(.text)
    RCC_AHBPeriphClockCmd                    0x08002ba7   Thumb Code    26  stm32f10x_rcc.o(.text)
    RCC_APB2PeriphClockCmd                   0x08002bc1   Thumb Code    26  stm32f10x_rcc.o(.text)
    RCC_APB1PeriphClockCmd                   0x08002bdb   Thumb Code    26  stm32f10x_rcc.o(.text)
    RCC_APB2PeriphResetCmd                   0x08002bf5   Thumb Code    26  stm32f10x_rcc.o(.text)
    RCC_APB1PeriphResetCmd                   0x08002c0f   Thumb Code    26  stm32f10x_rcc.o(.text)
    RCC_BackupResetCmd                       0x08002c29   Thumb Code     8  stm32f10x_rcc.o(.text)
    RCC_ClockSecuritySystemCmd               0x08002c31   Thumb Code     6  stm32f10x_rcc.o(.text)
    RCC_MCOConfig                            0x08002c37   Thumb Code     6  stm32f10x_rcc.o(.text)
    RCC_ClearFlag                            0x08002c3d   Thumb Code    14  stm32f10x_rcc.o(.text)
    RCC_GetITStatus                          0x08002c4b   Thumb Code    20  stm32f10x_rcc.o(.text)
    RCC_ClearITPendingBit                    0x08002c5f   Thumb Code     6  stm32f10x_rcc.o(.text)
    TIM_DeInit                               0x08002c89   Thumb Code   424  stm32f10x_tim.o(.text)
    TIM_TimeBaseInit                         0x08002e31   Thumb Code   122  stm32f10x_tim.o(.text)
    TIM_OC1Init                              0x08002eab   Thumb Code   132  stm32f10x_tim.o(.text)
    TIM_OC2Init                              0x08002f2f   Thumb Code   154  stm32f10x_tim.o(.text)
    TIM_OC3Init                              0x08002fc9   Thumb Code   150  stm32f10x_tim.o(.text)
    TIM_OC4Init                              0x0800305f   Thumb Code   182  stm32f10x_tim.o(.text)
    TIM_SetIC4Prescaler                      0x08003115   Thumb Code    26  stm32f10x_tim.o(.text)
    TIM_SetIC3Prescaler                      0x080031b1   Thumb Code    18  stm32f10x_tim.o(.text)
    TIM_SetIC2Prescaler                      0x0800323d   Thumb Code    26  stm32f10x_tim.o(.text)
    TIM_SetIC1Prescaler                      0x080032d9   Thumb Code    18  stm32f10x_tim.o(.text)
    TIM_ICInit                               0x08003357   Thumb Code   150  stm32f10x_tim.o(.text)
    TIM_PWMIConfig                           0x080033ed   Thumb Code   124  stm32f10x_tim.o(.text)
    TIM_BDTRConfig                           0x08003469   Thumb Code    32  stm32f10x_tim.o(.text)
    TIM_TimeBaseStructInit                   0x08003489   Thumb Code    18  stm32f10x_tim.o(.text)
    TIM_OCStructInit                         0x0800349b   Thumb Code    20  stm32f10x_tim.o(.text)
    TIM_ICStructInit                         0x080034af   Thumb Code    18  stm32f10x_tim.o(.text)
    TIM_BDTRStructInit                       0x080034c1   Thumb Code    40  stm32f10x_tim.o(.text)
    TIM_Cmd                                  0x080034e9   Thumb Code    24  stm32f10x_tim.o(.text)
    TIM_CtrlPWMOutputs                       0x08003501   Thumb Code    30  stm32f10x_tim.o(.text)
    TIM_ITConfig                             0x0800351f   Thumb Code    18  stm32f10x_tim.o(.text)
    TIM_GenerateEvent                        0x08003531   Thumb Code     4  stm32f10x_tim.o(.text)
    TIM_DMAConfig                            0x08003535   Thumb Code    10  stm32f10x_tim.o(.text)
    TIM_DMACmd                               0x0800353f   Thumb Code    18  stm32f10x_tim.o(.text)
    TIM_InternalClockConfig                  0x08003551   Thumb Code    12  stm32f10x_tim.o(.text)
    TIM_SelectInputTrigger                   0x0800355d   Thumb Code    18  stm32f10x_tim.o(.text)
    TIM_ITRxExternalClockConfig              0x0800356f   Thumb Code    24  stm32f10x_tim.o(.text)
    TIM_TIxExternalClockConfig               0x08003587   Thumb Code    62  stm32f10x_tim.o(.text)
    TIM_ETRConfig                            0x080035c5   Thumb Code    28  stm32f10x_tim.o(.text)
    TIM_ETRClockMode1Config                  0x080035e1   Thumb Code    54  stm32f10x_tim.o(.text)
    TIM_ETRClockMode2Config                  0x08003617   Thumb Code    32  stm32f10x_tim.o(.text)
    TIM_PrescalerConfig                      0x08003637   Thumb Code     6  stm32f10x_tim.o(.text)
    TIM_CounterModeConfig                    0x0800363d   Thumb Code    18  stm32f10x_tim.o(.text)
    TIM_EncoderInterfaceConfig               0x0800364f   Thumb Code    66  stm32f10x_tim.o(.text)
    TIM_ForcedOC1Config                      0x08003691   Thumb Code    18  stm32f10x_tim.o(.text)
    TIM_ForcedOC2Config                      0x080036a3   Thumb Code    26  stm32f10x_tim.o(.text)
    TIM_ForcedOC3Config                      0x080036bd   Thumb Code    18  stm32f10x_tim.o(.text)
    TIM_ForcedOC4Config                      0x080036cf   Thumb Code    26  stm32f10x_tim.o(.text)
    TIM_ARRPreloadConfig                     0x080036e9   Thumb Code    24  stm32f10x_tim.o(.text)
    TIM_SelectCOM                            0x08003701   Thumb Code    24  stm32f10x_tim.o(.text)
    TIM_SelectCCDMA                          0x08003719   Thumb Code    24  stm32f10x_tim.o(.text)
    TIM_CCPreloadControl                     0x08003731   Thumb Code    24  stm32f10x_tim.o(.text)
    TIM_OC1PreloadConfig                     0x08003749   Thumb Code    18  stm32f10x_tim.o(.text)
    TIM_OC2PreloadConfig                     0x0800375b   Thumb Code    26  stm32f10x_tim.o(.text)
    TIM_OC3PreloadConfig                     0x08003775   Thumb Code    18  stm32f10x_tim.o(.text)
    TIM_OC4PreloadConfig                     0x08003787   Thumb Code    26  stm32f10x_tim.o(.text)
    TIM_OC1FastConfig                        0x080037a1   Thumb Code    18  stm32f10x_tim.o(.text)
    TIM_OC2FastConfig                        0x080037b3   Thumb Code    26  stm32f10x_tim.o(.text)
    TIM_OC3FastConfig                        0x080037cd   Thumb Code    18  stm32f10x_tim.o(.text)
    TIM_OC4FastConfig                        0x080037df   Thumb Code    26  stm32f10x_tim.o(.text)
    TIM_ClearOC1Ref                          0x080037f9   Thumb Code    18  stm32f10x_tim.o(.text)
    TIM_ClearOC2Ref                          0x0800380b   Thumb Code    24  stm32f10x_tim.o(.text)
    TIM_ClearOC3Ref                          0x08003823   Thumb Code    18  stm32f10x_tim.o(.text)
    TIM_ClearOC4Ref                          0x08003835   Thumb Code    24  stm32f10x_tim.o(.text)
    TIM_OC1PolarityConfig                    0x0800384d   Thumb Code    18  stm32f10x_tim.o(.text)
    TIM_OC1NPolarityConfig                   0x0800385f   Thumb Code    18  stm32f10x_tim.o(.text)
    TIM_OC2PolarityConfig                    0x08003871   Thumb Code    26  stm32f10x_tim.o(.text)
    TIM_OC2NPolarityConfig                   0x0800388b   Thumb Code    26  stm32f10x_tim.o(.text)
    TIM_OC3PolarityConfig                    0x080038a5   Thumb Code    26  stm32f10x_tim.o(.text)
    TIM_OC3NPolarityConfig                   0x080038bf   Thumb Code    26  stm32f10x_tim.o(.text)
    TIM_OC4PolarityConfig                    0x080038d9   Thumb Code    26  stm32f10x_tim.o(.text)
    TIM_CCxCmd                               0x080038f3   Thumb Code    30  stm32f10x_tim.o(.text)
    TIM_CCxNCmd                              0x08003911   Thumb Code    30  stm32f10x_tim.o(.text)
    TIM_SelectOCxM                           0x0800392f   Thumb Code    82  stm32f10x_tim.o(.text)
    TIM_UpdateDisableConfig                  0x08003981   Thumb Code    24  stm32f10x_tim.o(.text)
    TIM_UpdateRequestConfig                  0x08003999   Thumb Code    24  stm32f10x_tim.o(.text)
    TIM_SelectHallSensor                     0x080039b1   Thumb Code    24  stm32f10x_tim.o(.text)
    TIM_SelectOnePulseMode                   0x080039c9   Thumb Code    18  stm32f10x_tim.o(.text)
    TIM_SelectOutputTrigger                  0x080039db   Thumb Code    18  stm32f10x_tim.o(.text)
    TIM_SelectSlaveMode                      0x080039ed   Thumb Code    18  stm32f10x_tim.o(.text)
    TIM_SelectMasterSlaveMode                0x080039ff   Thumb Code    18  stm32f10x_tim.o(.text)
    TIM_SetCounter                           0x08003a11   Thumb Code     4  stm32f10x_tim.o(.text)
    TIM_SetAutoreload                        0x08003a15   Thumb Code     4  stm32f10x_tim.o(.text)
    TIM_SetCompare1                          0x08003a19   Thumb Code     4  stm32f10x_tim.o(.text)
    TIM_SetCompare2                          0x08003a1d   Thumb Code     4  stm32f10x_tim.o(.text)
    TIM_SetCompare3                          0x08003a21   Thumb Code     4  stm32f10x_tim.o(.text)
    TIM_SetCompare4                          0x08003a25   Thumb Code     6  stm32f10x_tim.o(.text)
    TIM_SetClockDivision                     0x08003a2b   Thumb Code    18  stm32f10x_tim.o(.text)
    TIM_GetCapture1                          0x08003a3d   Thumb Code     6  stm32f10x_tim.o(.text)
    TIM_GetCapture2                          0x08003a43   Thumb Code     6  stm32f10x_tim.o(.text)
    TIM_GetCapture3                          0x08003a49   Thumb Code     6  stm32f10x_tim.o(.text)
    TIM_GetCapture4                          0x08003a4f   Thumb Code     8  stm32f10x_tim.o(.text)
    TIM_GetCounter                           0x08003a57   Thumb Code     6  stm32f10x_tim.o(.text)
    TIM_GetPrescaler                         0x08003a5d   Thumb Code     6  stm32f10x_tim.o(.text)
    TIM_GetFlagStatus                        0x08003a63   Thumb Code    18  stm32f10x_tim.o(.text)
    TIM_ClearFlag                            0x08003a75   Thumb Code     6  stm32f10x_tim.o(.text)
    TIM_GetITStatus                          0x08003a7b   Thumb Code    34  stm32f10x_tim.o(.text)
    TIM_ClearITPendingBit                    0x08003a9d   Thumb Code     6  stm32f10x_tim.o(.text)
    USART_DeInit                             0x08003aa5   Thumb Code   134  stm32f10x_usart.o(.text)
    USART_Init                               0x08003b2b   Thumb Code   210  stm32f10x_usart.o(.text)
    USART_StructInit                         0x08003bfd   Thumb Code    24  stm32f10x_usart.o(.text)
    USART_ClockInit                          0x08003c15   Thumb Code    34  stm32f10x_usart.o(.text)
    USART_ClockStructInit                    0x08003c37   Thumb Code    12  stm32f10x_usart.o(.text)
    USART_Cmd                                0x08003c43   Thumb Code    24  stm32f10x_usart.o(.text)
    USART_ITConfig                           0x08003c5b   Thumb Code    74  stm32f10x_usart.o(.text)
    USART_DMACmd                             0x08003ca5   Thumb Code    18  stm32f10x_usart.o(.text)
    USART_SetAddress                         0x08003cb7   Thumb Code    18  stm32f10x_usart.o(.text)
    USART_WakeUpConfig                       0x08003cc9   Thumb Code    18  stm32f10x_usart.o(.text)
    USART_ReceiverWakeUpCmd                  0x08003cdb   Thumb Code    24  stm32f10x_usart.o(.text)
    USART_LINBreakDetectLengthConfig         0x08003cf3   Thumb Code    18  stm32f10x_usart.o(.text)
    USART_LINCmd                             0x08003d05   Thumb Code    24  stm32f10x_usart.o(.text)
    USART_SendData                           0x08003d1d   Thumb Code     8  stm32f10x_usart.o(.text)
    USART_ReceiveData                        0x08003d25   Thumb Code    10  stm32f10x_usart.o(.text)
    USART_SendBreak                          0x08003d2f   Thumb Code    10  stm32f10x_usart.o(.text)
    USART_SetGuardTime                       0x08003d39   Thumb Code    16  stm32f10x_usart.o(.text)
    USART_SetPrescaler                       0x08003d49   Thumb Code    16  stm32f10x_usart.o(.text)
    USART_SmartCardCmd                       0x08003d59   Thumb Code    24  stm32f10x_usart.o(.text)
    USART_SmartCardNACKCmd                   0x08003d71   Thumb Code    24  stm32f10x_usart.o(.text)
    USART_HalfDuplexCmd                      0x08003d89   Thumb Code    24  stm32f10x_usart.o(.text)
    USART_OverSampling8Cmd                   0x08003da1   Thumb Code    22  stm32f10x_usart.o(.text)
    USART_OneBitMethodCmd                    0x08003db7   Thumb Code    24  stm32f10x_usart.o(.text)
    USART_IrDAConfig                         0x08003dcf   Thumb Code    18  stm32f10x_usart.o(.text)
    USART_IrDACmd                            0x08003de1   Thumb Code    24  stm32f10x_usart.o(.text)
    USART_GetFlagStatus                      0x08003df9   Thumb Code    26  stm32f10x_usart.o(.text)
    USART_ClearFlag                          0x08003e13   Thumb Code    18  stm32f10x_usart.o(.text)
    USART_GetITStatus                        0x08003e25   Thumb Code    84  stm32f10x_usart.o(.text)
    USART_ClearITPendingBit                  0x08003e79   Thumb Code    52  stm32f10x_usart.o(.text)
    DMA_DeInit                               0x08003ead   Thumb Code   324  stm32f10x_dma.o(.text)
    DMA_Init                                 0x08003ff1   Thumb Code    60  stm32f10x_dma.o(.text)
    DMA_StructInit                           0x0800402d   Thumb Code    26  stm32f10x_dma.o(.text)
    DMA_Cmd                                  0x08004047   Thumb Code    24  stm32f10x_dma.o(.text)
    DMA_ITConfig                             0x0800405f   Thumb Code    18  stm32f10x_dma.o(.text)
    DMA_SetCurrDataCounter                   0x08004071   Thumb Code     4  stm32f10x_dma.o(.text)
    DMA_GetCurrDataCounter                   0x08004075   Thumb Code     8  stm32f10x_dma.o(.text)
    DMA_GetFlagStatus                        0x0800407d   Thumb Code    40  stm32f10x_dma.o(.text)
    DMA_ClearFlag                            0x080040a5   Thumb Code    22  stm32f10x_dma.o(.text)
    DMA_GetITStatus                          0x080040bb   Thumb Code    40  stm32f10x_dma.o(.text)
    DMA_ClearITPendingBit                    0x080040e3   Thumb Code    22  stm32f10x_dma.o(.text)
    CAN_DeInit                               0x08004101   Thumb Code    50  stm32f10x_can.o(.text)
    CAN_Init                                 0x08004133   Thumb Code   276  stm32f10x_can.o(.text)
    CAN_FilterInit                           0x08004247   Thumb Code   258  stm32f10x_can.o(.text)
    CAN_StructInit                           0x08004349   Thumb Code    32  stm32f10x_can.o(.text)
    CAN_SlaveStartBank                       0x08004369   Thumb Code    48  stm32f10x_can.o(.text)
    CAN_DBGFreeze                            0x08004399   Thumb Code    22  stm32f10x_can.o(.text)
    CAN_TTComModeCmd                         0x080043af   Thumb Code   118  stm32f10x_can.o(.text)
    CAN_Transmit                             0x08004425   Thumb Code   304  stm32f10x_can.o(.text)
    CAN_TransmitStatus                       0x08004555   Thumb Code   138  stm32f10x_can.o(.text)
    CAN_CancelTransmit                       0x080045df   Thumb Code    48  stm32f10x_can.o(.text)
    CAN_Receive                              0x0800460f   Thumb Code   240  stm32f10x_can.o(.text)
    CAN_FIFORelease                          0x080046ff   Thumb Code    22  stm32f10x_can.o(.text)
    CAN_MessagePending                       0x08004715   Thumb Code    30  stm32f10x_can.o(.text)
    CAN_OperatingModeRequest                 0x08004733   Thumb Code   162  stm32f10x_can.o(.text)
    CAN_Sleep                                0x080047d5   Thumb Code    30  stm32f10x_can.o(.text)
    CAN_WakeUp                               0x080047f3   Thumb Code    48  stm32f10x_can.o(.text)
    CAN_GetLastErrorCode                     0x08004823   Thumb Code    12  stm32f10x_can.o(.text)
    CAN_GetReceiveErrorCounter               0x0800482f   Thumb Code    10  stm32f10x_can.o(.text)
    CAN_GetLSBTransmitErrorCounter           0x08004839   Thumb Code    12  stm32f10x_can.o(.text)
    CAN_ITConfig                             0x08004845   Thumb Code    18  stm32f10x_can.o(.text)
    CAN_GetFlagStatus                        0x08004857   Thumb Code   120  stm32f10x_can.o(.text)
    CAN_ClearFlag                            0x080048cf   Thumb Code    52  stm32f10x_can.o(.text)
    CAN_GetITStatus                          0x08004915   Thumb Code   310  stm32f10x_can.o(.text)
    CAN_ClearITPendingBit                    0x08004a4b   Thumb Code   162  stm32f10x_can.o(.text)
    EXTI_DeInit                              0x08004af1   Thumb Code    28  stm32f10x_exti.o(.text)
    EXTI_Init                                0x08004b0d   Thumb Code   142  stm32f10x_exti.o(.text)
    EXTI_StructInit                          0x08004b9b   Thumb Code    16  stm32f10x_exti.o(.text)
    EXTI_GenerateSWInterrupt                 0x08004bab   Thumb Code    16  stm32f10x_exti.o(.text)
    EXTI_GetFlagStatus                       0x08004bbb   Thumb Code    22  stm32f10x_exti.o(.text)
    EXTI_ClearFlag                           0x08004bd1   Thumb Code     8  stm32f10x_exti.o(.text)
    EXTI_GetITStatus                         0x08004bd9   Thumb Code    34  stm32f10x_exti.o(.text)
    EXTI_ClearITPendingBit                   0x08004bfb   Thumb Code     8  stm32f10x_exti.o(.text)
    __use_two_region_memory                  0x08004c0d   Thumb Code     2  heapauxi.o(.text)
    __rt_heap_escrow$2region                 0x08004c0f   Thumb Code     2  heapauxi.o(.text)
    __rt_heap_expand$2region                 0x08004c11   Thumb Code     2  heapauxi.o(.text)
    __user_setup_stackheap                   0x08004c13   Thumb Code    74  sys_stackheap_outer.o(.text)
    exit                                     0x08004c5d   Thumb Code    12  exit.o(.text)
    __user_libspace                          0x08004c69   Thumb Code     8  libspace.o(.text)
    __user_perproc_libspace                  0x08004c69   Thumb Code     0  libspace.o(.text)
    __user_perthread_libspace                0x08004c69   Thumb Code     0  libspace.o(.text)
    _sys_exit                                0x08004c71   Thumb Code     8  sys_exit.o(.text)
    __I$use$semihosting                      0x08004c7d   Thumb Code     0  use_no_semi.o(.text)
    __use_no_semihosting_swi                 0x08004c7d   Thumb Code     2  use_no_semi.o(.text)
    __semihosting_library_function           0x08004c7f   Thumb Code     0  indicate_semi.o(.text)
    __aeabi_d2f                              0x08004c81   Thumb Code     0  d2f.o(x$fpl$d2f)
    _d2f                                     0x08004c81   Thumb Code    98  d2f.o(x$fpl$d2f)
    __aeabi_dadd                             0x08004ce5   Thumb Code     0  daddsub_clz.o(x$fpl$dadd)
    _dadd                                    0x08004ce5   Thumb Code   332  daddsub_clz.o(x$fpl$dadd)
    __aeabi_ddiv                             0x08004e35   Thumb Code     0  ddiv.o(x$fpl$ddiv)
    _ddiv                                    0x08004e35   Thumb Code   552  ddiv.o(x$fpl$ddiv)
    __aeabi_dmul                             0x080050e5   Thumb Code     0  dmul.o(x$fpl$dmul)
    _dmul                                    0x080050e5   Thumb Code   332  dmul.o(x$fpl$dmul)
    __fpl_dnaninf                            0x08005239   Thumb Code   156  dnaninf.o(x$fpl$dnaninf)
    __fpl_dretinf                            0x080052d5   Thumb Code    12  dretinf.o(x$fpl$dretinf)
    __aeabi_dsub                             0x080052e1   Thumb Code     0  daddsub_clz.o(x$fpl$dsub)
    _dsub                                    0x080052e1   Thumb Code   464  daddsub_clz.o(x$fpl$dsub)
    __aeabi_f2d                              0x080054b5   Thumb Code     0  f2d.o(x$fpl$f2d)
    _f2d                                     0x080054b5   Thumb Code    86  f2d.o(x$fpl$f2d)
    __aeabi_fadd                             0x0800550d   Thumb Code     0  faddsub_clz.o(x$fpl$fadd)
    _fadd                                    0x0800550d   Thumb Code   196  faddsub_clz.o(x$fpl$fadd)
    __fpl_fcmp_Inf                           0x080055d1   Thumb Code    24  fcmpi.o(x$fpl$fcmpinf)
    __aeabi_fdiv                             0x080055e9   Thumb Code     0  fdiv.o(x$fpl$fdiv)
    _fdiv                                    0x080055e9   Thumb Code   384  fdiv.o(x$fpl$fdiv)
    __aeabi_f2iz                             0x0800576d   Thumb Code     0  ffix.o(x$fpl$ffix)
    _ffix                                    0x0800576d   Thumb Code    54  ffix.o(x$fpl$ffix)
    __aeabi_i2f                              0x080057a5   Thumb Code     0  fflt_clz.o(x$fpl$fflt)
    _fflt                                    0x080057a5   Thumb Code    48  fflt_clz.o(x$fpl$fflt)
    __aeabi_cfcmple                          0x080057d5   Thumb Code     0  fleqf.o(x$fpl$fleqf)
    _fcmple                                  0x080057d5   Thumb Code   104  fleqf.o(x$fpl$fleqf)
    __fpl_fcmple_InfNaN                      0x08005827   Thumb Code     0  fleqf.o(x$fpl$fleqf)
    __aeabi_fmul                             0x0800583d   Thumb Code     0  fmul.o(x$fpl$fmul)
    _fmul                                    0x0800583d   Thumb Code   258  fmul.o(x$fpl$fmul)
    __fpl_fnaninf                            0x0800593f   Thumb Code   140  fnaninf.o(x$fpl$fnaninf)
    __fpl_fretinf                            0x080059cb   Thumb Code    10  fretinf.o(x$fpl$fretinf)
    __aeabi_cfrcmple                         0x080059d5   Thumb Code     0  frleqf.o(x$fpl$frleqf)
    _frcmple                                 0x080059d5   Thumb Code    98  frleqf.o(x$fpl$frleqf)
    __aeabi_fsub                             0x08005a39   Thumb Code     0  faddsub_clz.o(x$fpl$fsub)
    _fsub                                    0x08005a39   Thumb Code   234  faddsub_clz.o(x$fpl$fsub)
    __I$use$fp                               0x08005b22   Number         0  usenofp.o(x$fpl$usenofp)
    Region$$Table$$Base                      0x08005b24   Number         0  anon$$obj.o(Region$$Table)
    Region$$Table$$Limit                     0x08005b44   Number         0  anon$$obj.o(Region$$Table)
    sysTickUptime                            0x20000000   Data           4  stm32f10x_it.o(.data)
    currentTime                              0x20000008   Data           4  system.o(.data)
    previousTime                             0x2000000c   Data           4  system.o(.data)
    cycleTime                                0x20000010   Data           2  system.o(.data)
    Current                                  0x2000001c   Data           4  ad.o(.data)
    TxCounter                                0x20000020   Data           1  usart2.o(.data)
    count                                    0x20000021   Data           1  usart2.o(.data)
    Motor_L                                  0x20000028   Data           1  motor.o(.data)
    Motor_R                                  0x20000029   Data           1  motor.o(.data)
    MotorStop                                0x2000002a   Data           1  motor.o(.data)
    Motor1_Dir                               0x2000002b   Data           1  motor.o(.data)
    Motor1Stop                               0x2000002c   Data           1  motor.o(.data)
    Motor2_Dir                               0x2000002d   Data           1  motor.o(.data)
    Motor2Stop                               0x2000002e   Data           1  motor.o(.data)
    Motor_PWM                                0x20000030   Data           4  motor.o(.data)
    Speed_Target                             0x20000034   Data           4  motor.o(.data)
    Speed                                    0x20000038   Data           8  motor.o(.data)
    Speed_Measure                            0x20000040   Data           4  motor.o(.data)
    Speed_Measure1                           0x20000044   Data           4  motor.o(.data)
    Speed_Measure2                           0x20000048   Data           4  motor.o(.data)
    LPF_factor                               0x2000004c   Data           4  motor.o(.data)
    SystemCoreClock                          0x20000058   Data           4  system_stm32f10x.o(.data)
    AHBPrescTable                            0x2000005c   Data          16  system_stm32f10x.o(.data)
    SpeedPID                                 0x20000080   Data          12  system.o(.bss)
    data_to_send                             0x2000008c   Data          50  data_transfer.o(.bss)
    ADC_ConvertedValue                       0x200000be   Data         512  ad.o(.bss)
    TxMessage                                0x200002c0   Data          20  can.o(.bss)
    RxMessage                                0x200002d4   Data          20  can.o(.bss)
    TxBuffer                                 0x200002e8   Data         256  usart2.o(.bss)
    __libspace_start                         0x2000041c   Data          96  libspace.o(.bss)
    __temporary_stack_top$libspace           0x2000047c   Data           0  libspace.o(.bss)



==============================================================================

Memory Map of the image

  Image Entry point : 0x080000ed

  Load Region LR_IROM1 (Base: 0x08000000, Size: 0x00005bc4, Max: 0x00010000, ABSOLUTE)

    Execution Region ER_IROM1 (Base: 0x08000000, Size: 0x00005b44, Max: 0x00010000, ABSOLUTE)

    Base Addr    Size         Type   Attr      Idx    E Section Name        Object

    0x08000000   0x000000ec   Data   RO          329    RESET               startup_stm32f10x_md.o
    0x080000ec   0x00000008   Code   RO          491  * !!!main             c_w.l(__main.o)
    0x080000f4   0x00000034   Code   RO          698    !!!scatter          c_w.l(__scatter.o)
    0x08000128   0x0000001a   Code   RO          700    !!handler_copy      c_w.l(__scatter_copy.o)
    0x08000142   0x00000002   PAD
    0x08000144   0x0000001c   Code   RO          702    !!handler_zi        c_w.l(__scatter_zi.o)
    0x08000160   0x00000002   Code   RO          571    .ARM.Collect$$libinit$$00000000  c_w.l(libinit.o)
    0x08000162   0x00000000   Code   RO          578    .ARM.Collect$$libinit$$00000002  c_w.l(libinit2.o)
    0x08000162   0x00000000   Code   RO          581    .ARM.Collect$$libinit$$00000008  c_w.l(libinit2.o)
    0x08000162   0x00000000   Code   RO          583    .ARM.Collect$$libinit$$0000000A  c_w.l(libinit2.o)
    0x08000162   0x00000000   Code   RO          585    .ARM.Collect$$libinit$$0000000C  c_w.l(libinit2.o)
    0x08000162   0x00000000   Code   RO          588    .ARM.Collect$$libinit$$0000000F  c_w.l(libinit2.o)
    0x08000162   0x00000000   Code   RO          590    .ARM.Collect$$libinit$$00000011  c_w.l(libinit2.o)
    0x08000162   0x00000000   Code   RO          592    .ARM.Collect$$libinit$$00000013  c_w.l(libinit2.o)
    0x08000162   0x00000000   Code   RO          594    .ARM.Collect$$libinit$$00000015  c_w.l(libinit2.o)
    0x08000162   0x00000000   Code   RO          596    .ARM.Collect$$libinit$$00000017  c_w.l(libinit2.o)
    0x08000162   0x00000000   Code   RO          598    .ARM.Collect$$libinit$$00000019  c_w.l(libinit2.o)
    0x08000162   0x00000000   Code   RO          600    .ARM.Collect$$libinit$$0000001B  c_w.l(libinit2.o)
    0x08000162   0x00000000   Code   RO          602    .ARM.Collect$$libinit$$0000001D  c_w.l(libinit2.o)
    0x08000162   0x00000000   Code   RO          604    .ARM.Collect$$libinit$$0000001F  c_w.l(libinit2.o)
    0x08000162   0x00000000   Code   RO          606    .ARM.Collect$$libinit$$00000021  c_w.l(libinit2.o)
    0x08000162   0x00000000   Code   RO          608    .ARM.Collect$$libinit$$00000023  c_w.l(libinit2.o)
    0x08000162   0x00000000   Code   RO          612    .ARM.Collect$$libinit$$0000002A  c_w.l(libinit2.o)
    0x08000162   0x00000000   Code   RO          614    .ARM.Collect$$libinit$$0000002C  c_w.l(libinit2.o)
    0x08000162   0x00000000   Code   RO          616    .ARM.Collect$$libinit$$0000002E  c_w.l(libinit2.o)
    0x08000162   0x00000000   Code   RO          618    .ARM.Collect$$libinit$$00000030  c_w.l(libinit2.o)
    0x08000162   0x00000002   Code   RO          619    .ARM.Collect$$libinit$$00000031  c_w.l(libinit2.o)
    0x08000164   0x00000002   Code   RO          639    .ARM.Collect$$libshutdown$$00000000  c_w.l(libshutdown.o)
    0x08000166   0x00000000   Code   RO          653    .ARM.Collect$$libshutdown$$00000003  c_w.l(libshutdown2.o)
    0x08000166   0x00000000   Code   RO          656    .ARM.Collect$$libshutdown$$00000006  c_w.l(libshutdown2.o)
    0x08000166   0x00000000   Code   RO          659    .ARM.Collect$$libshutdown$$00000009  c_w.l(libshutdown2.o)
    0x08000166   0x00000000   Code   RO          661    .ARM.Collect$$libshutdown$$0000000B  c_w.l(libshutdown2.o)
    0x08000166   0x00000000   Code   RO          664    .ARM.Collect$$libshutdown$$0000000E  c_w.l(libshutdown2.o)
    0x08000166   0x00000002   Code   RO          665    .ARM.Collect$$libshutdown$$0000000F  c_w.l(libshutdown2.o)
    0x08000168   0x00000000   Code   RO          535    .ARM.Collect$$rtentry$$00000000  c_w.l(rtentry.o)
    0x08000168   0x00000000   Code   RO          548    .ARM.Collect$$rtentry$$00000002  c_w.l(rtentry2.o)
    0x08000168   0x00000006   Code   RO          560    .ARM.Collect$$rtentry$$00000004  c_w.l(rtentry4.o)
    0x0800016e   0x00000000   Code   RO          550    .ARM.Collect$$rtentry$$00000009  c_w.l(rtentry2.o)
    0x0800016e   0x00000004   Code   RO          551    .ARM.Collect$$rtentry$$0000000A  c_w.l(rtentry2.o)
    0x08000172   0x00000000   Code   RO          553    .ARM.Collect$$rtentry$$0000000C  c_w.l(rtentry2.o)
    0x08000172   0x00000008   Code   RO          554    .ARM.Collect$$rtentry$$0000000D  c_w.l(rtentry2.o)
    0x0800017a   0x00000002   Code   RO          575    .ARM.Collect$$rtexit$$00000000  c_w.l(rtexit.o)
    0x0800017c   0x00000000   Code   RO          621    .ARM.Collect$$rtexit$$00000002  c_w.l(rtexit2.o)
    0x0800017c   0x00000004   Code   RO          622    .ARM.Collect$$rtexit$$00000003  c_w.l(rtexit2.o)
    0x08000180   0x00000006   Code   RO          623    .ARM.Collect$$rtexit$$00000004  c_w.l(rtexit2.o)
    0x08000186   0x00000002   PAD
    0x08000188   0x00000084   Code   RO            1    .text               main.o
    0x0800020c   0x00000028   Code   RO          146    .text               stm32f10x_it.o
    0x08000234   0x000001f0   Code   RO          164    .text               system.o
    0x08000424   0x0000092c   Code   RO          188    .text               data_transfer.o
    0x08000d50   0x000001a8   Code   RO          208    .text               ad.o
    0x08000ef8   0x000001d8   Code   RO          227    .text               can.o
    0x080010d0   0x0000007c   Code   RO          245    .text               encoder.o
    0x0800114c   0x00000090   Code   RO          257    .text               key.o
    0x080011dc   0x0000003c   Code   RO          269    .text               led.o
    0x08001218   0x00000184   Code   RO          281    .text               pwm.o
    0x0800139c   0x0000024c   Code   RO          293    .text               usart2.o
    0x080015e8   0x00000298   Code   RO          309    .text               motor.o
    0x08001880   0x00000040   Code   RO          330    .text               startup_stm32f10x_md.o
    0x080018c0   0x000001e0   Code   RO          335    .text               system_stm32f10x.o
    0x08001aa0   0x000000dc   Code   RO          353    .text               misc.o
    0x08001b7c   0x0000044e   Code   RO          365    .text               stm32f10x_adc.o
    0x08001fca   0x00000002   PAD
    0x08001fcc   0x000005bc   Code   RO          377    .text               stm32f10x_flash.o
    0x08002588   0x0000035c   Code   RO          389    .text               stm32f10x_gpio.o
    0x080028e4   0x000003a4   Code   RO          401    .text               stm32f10x_rcc.o
    0x08002c88   0x00000e1a   Code   RO          427    .text               stm32f10x_tim.o
    0x08003aa2   0x00000002   PAD
    0x08003aa4   0x00000408   Code   RO          439    .text               stm32f10x_usart.o
    0x08003eac   0x00000254   Code   RO          451    .text               stm32f10x_dma.o
    0x08004100   0x000009f0   Code   RO          463    .text               stm32f10x_can.o
    0x08004af0   0x0000011c   Code   RO          475    .text               stm32f10x_exti.o
    0x08004c0c   0x00000006   Code   RO          489    .text               c_w.l(heapauxi.o)
    0x08004c12   0x0000004a   Code   RO          562    .text               c_w.l(sys_stackheap_outer.o)
    0x08004c5c   0x0000000c   Code   RO          564    .text               c_w.l(exit.o)
    0x08004c68   0x00000008   Code   RO          572    .text               c_w.l(libspace.o)
    0x08004c70   0x0000000c   Code   RO          631    .text               c_w.l(sys_exit.o)
    0x08004c7c   0x00000002   Code   RO          642    .text               c_w.l(use_no_semi.o)
    0x08004c7e   0x00000000   Code   RO          644    .text               c_w.l(indicate_semi.o)
    0x08004c7e   0x00000002   PAD
    0x08004c80   0x00000062   Code   RO          493    x$fpl$d2f           fz_ws.l(d2f.o)
    0x08004ce2   0x00000002   PAD
    0x08004ce4   0x00000150   Code   RO          495    x$fpl$dadd          fz_ws.l(daddsub_clz.o)
    0x08004e34   0x000002b0   Code   RO          502    x$fpl$ddiv          fz_ws.l(ddiv.o)
    0x080050e4   0x00000154   Code   RO          505    x$fpl$dmul          fz_ws.l(dmul.o)
    0x08005238   0x0000009c   Code   RO          536    x$fpl$dnaninf       fz_ws.l(dnaninf.o)
    0x080052d4   0x0000000c   Code   RO          538    x$fpl$dretinf       fz_ws.l(dretinf.o)
    0x080052e0   0x000001d4   Code   RO          497    x$fpl$dsub          fz_ws.l(daddsub_clz.o)
    0x080054b4   0x00000056   Code   RO          507    x$fpl$f2d           fz_ws.l(f2d.o)
    0x0800550a   0x00000002   PAD
    0x0800550c   0x000000c4   Code   RO          509    x$fpl$fadd          fz_ws.l(faddsub_clz.o)
    0x080055d0   0x00000018   Code   RO          540    x$fpl$fcmpinf       fz_ws.l(fcmpi.o)
    0x080055e8   0x00000184   Code   RO          516    x$fpl$fdiv          fz_ws.l(fdiv.o)
    0x0800576c   0x00000036   Code   RO          519    x$fpl$ffix          fz_ws.l(ffix.o)
    0x080057a2   0x00000002   PAD
    0x080057a4   0x00000030   Code   RO          524    x$fpl$fflt          fz_ws.l(fflt_clz.o)
    0x080057d4   0x00000068   Code   RO          529    x$fpl$fleqf         fz_ws.l(fleqf.o)
    0x0800583c   0x00000102   Code   RO          531    x$fpl$fmul          fz_ws.l(fmul.o)
    0x0800593e   0x0000008c   Code   RO          542    x$fpl$fnaninf       fz_ws.l(fnaninf.o)
    0x080059ca   0x0000000a   Code   RO          544    x$fpl$fretinf       fz_ws.l(fretinf.o)
    0x080059d4   0x00000062   Code   RO          533    x$fpl$frleqf        fz_ws.l(frleqf.o)
    0x08005a36   0x00000002   PAD
    0x08005a38   0x000000ea   Code   RO          511    x$fpl$fsub          fz_ws.l(faddsub_clz.o)
    0x08005b22   0x00000000   Code   RO          546    x$fpl$usenofp       fz_ws.l(usenofp.o)
    0x08005b22   0x00000002   PAD
    0x08005b24   0x00000020   Data   RO          696    Region$$Table       anon$$obj.o


    Execution Region RW_IRAM1 (Base: 0x20000000, Size: 0x00000a80, Max: 0x00005000, ABSOLUTE)

    Base Addr    Size         Type   Attr      Idx    E Section Name        Object

    0x20000000   0x00000004   Data   RW          147    .data               stm32f10x_it.o
    0x20000004   0x00000018   Data   RW          166    .data               system.o
    0x2000001c   0x00000004   Data   RW          210    .data               ad.o
    0x20000020   0x00000005   Data   RW          295    .data               usart2.o
    0x20000025   0x00000003   PAD
    0x20000028   0x00000030   Data   RW          310    .data               motor.o
    0x20000058   0x00000014   Data   RW          336    .data               system_stm32f10x.o
    0x2000006c   0x00000014   Data   RW          402    .data               stm32f10x_rcc.o
    0x20000080   0x0000000c   Zero   RW          165    .bss                system.o
    0x2000008c   0x00000032   Zero   RW          189    .bss                data_transfer.o
    0x200000be   0x00000200   Zero   RW          209    .bss                ad.o
    0x200002be   0x00000002   PAD
    0x200002c0   0x00000028   Zero   RW          228    .bss                can.o
    0x200002e8   0x00000132   Zero   RW          294    .bss                usart2.o
    0x2000041a   0x00000002   PAD
    0x2000041c   0x00000060   Zero   RW          573    .bss                c_w.l(libspace.o)
    0x2000047c   0x00000004   PAD
    0x20000480   0x00000200   Zero   RW          328    HEAP                startup_stm32f10x_md.o
    0x20000680   0x00000400   Zero   RW          327    STACK               startup_stm32f10x_md.o


==============================================================================

Image component sizes


      Code (inc. data)   RO Data    RW Data    ZI Data      Debug   Object Name

       424         46          0          4        512       1575   ad.o
       472         16          0          0         40       1271   can.o
      2348         22          0          0         50       4299   data_transfer.o
       124         12          0          0          0        826   encoder.o
       144          8          0          0          0        657   key.o
        60          6          0          0          0        456   led.o
       132          8          0          0          0     287319   main.o
       220         22          0          0          0       1725   misc.o
       664         56          0         48          0       3206   motor.o
       388         18          0          0          0       1192   pwm.o
        64         26        236          0       1536        848   startup_stm32f10x_md.o
      1102         26          0          0          0      10761   stm32f10x_adc.o
      2544         38          0          0          0       7780   stm32f10x_can.o
       596          8          0          0          0       4258   stm32f10x_dma.o
       284         10          0          0          0       2163   stm32f10x_exti.o
      1468         34          0          0          0       7962   stm32f10x_flash.o
       860         38          0          0          0       5577   stm32f10x_gpio.o
        40          4          0          4          0       1722   stm32f10x_it.o
       932         36          0         20          0       8724   stm32f10x_rcc.o
      3610         88          0          0          0      22060   stm32f10x_tim.o
      1032         22          0          0          0       8296   stm32f10x_usart.o
       496         44          0         24         12      18604   system.o
       480         38          0         20          0       1787   system_stm32f10x.o
       588         40          0          5        306       2279   usart2.o

    ----------------------------------------------------------------------
     19076        666        268        128       2460     405347   Object Totals
         0          0         32          0          0          0   (incl. Generated)
         4          0          0          3          4          0   (incl. Padding)

    ----------------------------------------------------------------------

      Code (inc. data)   RO Data    RW Data    ZI Data      Debug   Library Member Name

         8          0          0          0          0         68   __main.o
        52          8          0          0          0          0   __scatter.o
        26          0          0          0          0          0   __scatter_copy.o
        28          0          0          0          0          0   __scatter_zi.o
        12          0          0          0          0         72   exit.o
         6          0          0          0          0        152   heapauxi.o
         0          0          0          0          0          0   indicate_semi.o
         2          0          0          0          0          0   libinit.o
         2          0          0          0          0          0   libinit2.o
         2          0          0          0          0          0   libshutdown.o
         2          0          0          0          0          0   libshutdown2.o
         8          4          0          0         96         68   libspace.o
         0          0          0          0          0          0   rtentry.o
        12          0          0          0          0          0   rtentry2.o
         6          0          0          0          0          0   rtentry4.o
         2          0          0          0          0          0   rtexit.o
        10          0          0          0          0          0   rtexit2.o
        12          4          0          0          0         68   sys_exit.o
        74          0          0          0          0         80   sys_stackheap_outer.o
         2          0          0          0          0         68   use_no_semi.o
        98          4          0          0          0         92   d2f.o
       804         16          0          0          0        272   daddsub_clz.o
       688        140          0          0          0        208   ddiv.o
       340         12          0          0          0        104   dmul.o
       156          4          0          0          0         92   dnaninf.o
        12          0          0          0          0         68   dretinf.o
        86          4          0          0          0         84   f2d.o
       430          8          0          0          0        168   faddsub_clz.o
        24          0          0          0          0         68   fcmpi.o
       388         76          0          0          0         96   fdiv.o
        54          4          0          0          0         84   ffix.o
        48          0          0          0          0         68   fflt_clz.o
       104          4          0          0          0         84   fleqf.o
       258          4          0          0          0         84   fmul.o
       140          4          0          0          0         84   fnaninf.o
        10          0          0          0          0         68   fretinf.o
        98          0          0          0          0         68   frleqf.o
         0          0          0          0          0          0   usenofp.o

    ----------------------------------------------------------------------
      4020        296          0          0        100       2368   Library Totals
        16          0          0          0          4          0   (incl. Padding)

    ----------------------------------------------------------------------

      Code (inc. data)   RO Data    RW Data    ZI Data      Debug   Library Name

       266         16          0          0         96        576   c_w.l
      3738        280          0          0          0       1792   fz_ws.l

    ----------------------------------------------------------------------
      4020        296          0          0        100       2368   Library Totals

    ----------------------------------------------------------------------

==============================================================================


      Code (inc. data)   RO Data    RW Data    ZI Data      Debug   

     23096        962        268        128       2560     403967   Grand Totals
     23096        962        268        128       2560     403967   ELF Image Totals
     23096        962        268        128          0          0   ROM Totals

==============================================================================

    Total RO  Size (Code + RO Data)                23364 (  22.82kB)
    Total RW  Size (RW Data + ZI Data)              2688 (   2.63kB)
    Total ROM Size (Code + RO Data + RW Data)      23492 (  22.94kB)

==============================================================================

